Component: ARM Compiler 5.05 update 1 (build 106) Tool: armlink [4d0efa]

==============================================================================

Section Cross References

    stm32f10x_vector.o(STACK) refers (Special) to heapauxi.o(.text) for __use_two_region_memory
    stm32f10x_vector.o(HEAP) refers (Special) to heapauxi.o(.text) for __use_two_region_memory
    stm32f10x_vector.o(RESET) refers (Special) to heapauxi.o(.text) for __use_two_region_memory
    stm32f10x_vector.o(RESET) refers to stm32f10x_vector.o(STACK) for __initial_sp
    stm32f10x_vector.o(RESET) refers to stm32f10x_vector.o(.text) for Reset_Handler
    stm32f10x_vector.o(RESET) refers to stm32f10x_it.o(.text) for NMIException
    stm32f10x_vector.o(.text) refers (Special) to heapauxi.o(.text) for __use_two_region_memory
    stm32f10x_vector.o(.text) refers to __main.o(!!!main) for __main
    stm32f10x_vector.o(.text) refers to stm32f10x_vector.o(HEAP) for Heap_Mem
    stm32f10x_vector.o(.text) refers to stm32f10x_vector.o(STACK) for Stack_Mem
    hw_config.o(.text) refers to stm32f10x_gpio.o(.text) for GPIO_Init
    hw_config.o(.text) refers to stm32f10x_rcc.o(.text) for RCC_DeInit
    hw_config.o(.text) refers to stm32f10x_flash.o(.text) for FLASH_PrefetchBufferCmd
    hw_config.o(.text) refers to stm32f10x_nvic.o(.text) for NVIC_Init
    hw_config.o(.text) refers to stm32f10x_tim.o(.text) for TIM_TimeBaseInit
    hw_config.o(.text) refers to hw_config.o(.data) for HSEStartUpStatus
    hw_config.o(.text) refers to usb_pwr.o(.data) for bDeviceState
    hw_config.o(.text) refers to usb_init.o(.bss) for Device_Info
    hw_config.o(.text) refers to usb_desc.o(.data) for CustomHID_StringSerial
    main.o(.text) refers to usb_regs.o(.text) for GetEPTxAddr
    main.o(.text) refers to usb_mem.o(.text) for UserToPMABufferCopy
    main.o(.text) refers to stm32f10x_nvic.o(.text) for NVIC_SetVectorTable
    main.o(.text) refers to hw_config.o(.text) for RCC_Configuration
    main.o(.text) refers to usb_init.o(.text) for USB_Init
    main.o(.text) refers to main.o(.data) for USB_SBUF
    main.o(.text) refers to usb_endp.o(.bss) for Transi_Buffer
    main.o(.text) refers to main.o(.bss) for Key_Table
    usb_endp.o(.text) refers to usb_regs.o(.text) for GetEPRxCount
    usb_endp.o(.text) refers to usb_mem.o(.text) for PMAToUserBufferCopy
    usb_endp.o(.text) refers to usb_endp.o(.data) for USB_ReceiveFlg
    usb_endp.o(.text) refers to usb_endp.o(.bss) for Transi_Buffer
    usb_istr.o(.text) refers to usb_pwr.o(.text) for Resume
    usb_istr.o(.text) refers to usb_int.o(.text) for CTR_LP
    usb_istr.o(.text) refers to usb_istr.o(.data) for wIstr
    usb_istr.o(.text) refers to usb_init.o(.data) for wInterrupt_Mask
    usb_istr.o(.text) refers to usb_prop.o(.data) for Device_Property
    usb_istr.o(.text) refers to usb_pwr.o(.data) for fSuspendEnabled
    usb_istr.o(.data) refers to usb_core.o(.text) for NOP_Process
    usb_istr.o(.data) refers to usb_endp.o(.text) for EP2_IN_Callback
    usb_prop.o(.text) refers to hw_config.o(.text) for Get_SerialNum
    usb_prop.o(.text) refers to usb_pwr.o(.text) for PowerOn
    usb_prop.o(.text) refers to usb_core.o(.text) for NOP_Process
    usb_prop.o(.text) refers to usb_regs.o(.text) for SetBTABLE
    usb_prop.o(.text) refers to usb_init.o(.data) for pInformation
    usb_prop.o(.text) refers to usb_desc.o(.constdata) for CustomHID_ConfigDescriptor
    usb_prop.o(.text) refers to usb_pwr.o(.data) for bDeviceState
    usb_prop.o(.text) refers to usb_prop.o(.data) for Device_Property
    usb_prop.o(.text) refers to usb_init.o(.bss) for Device_Info
    usb_prop.o(.data) refers to usb_prop.o(.text) for CustomHID_init
    usb_prop.o(.data) refers to usb_core.o(.text) for NOP_Process
    usb_prop.o(.data) refers to usb_desc.o(.constdata) for CustomHID_DeviceDescriptor
    usb_prop.o(.data) refers to usb_desc.o(.data) for CustomHID_StringSerial
    usb_pwr.o(.text) refers to hw_config.o(.text) for USB_Cable_Config
    usb_pwr.o(.text) refers to usb_init.o(.data) for wInterrupt_Mask
    usb_pwr.o(.text) refers to usb_pwr.o(.data) for ResumeS
    stm32f10x_it.o(.text) refers to usb_istr.o(.text) for USB_Istr
    stm32f10x_it.o(.text) refers to stm32f10x_tim.o(.text) for TIM_GetITStatus
    stm32f10x_it.o(.text) refers to stm32f10x_it.o(.data) for TimeCount
    stm32f10x_gpio.o(.text) refers to stm32f10x_rcc.o(.text) for RCC_APB2PeriphResetCmd
    stm32f10x_nvic.o(.text) refers to cortexm3_macro.o(.text) for __SETPRIMASK
    stm32f10x_rcc.o(.text) refers to stm32f10x_rcc.o(.constdata) for APBAHBPrescTable
    stm32f10x_tim.o(.text) refers to stm32f10x_rcc.o(.text) for RCC_APB2PeriphResetCmd
    usb_core.o(.text) refers to usb_regs.o(.text) for ClearDTOG_TX
    usb_core.o(.text) refers to usb_init.o(.data) for pInformation
    usb_core.o(.text) refers to usb_prop.o(.data) for Device_Table
    usb_core.o(.text) refers to usb_core.o(.data) for StatusInfo
[...]
    __rtentry2.o(.ARM.exidx) refers to __rtentry2.o(.ARM.Collect$$rtentry$$00000001) for .ARM.Collect$$rtentry$$00000001
    __rtentry2.o(.ARM.exidx) refers to __rtentry2.o(.ARM.Collect$$rtentry$$00000008) for .ARM.Collect$$rtentry$$00000008
    __rtentry2.o(.ARM.exidx) refers to __rtentry2.o(.ARM.Collect$$rtentry$$0000000A) for .ARM.Collect$$rtentry$$0000000A
    __rtentry2.o(.ARM.exidx) refers to __rtentry2.o(.ARM.Collect$$rtentry$$0000000B) for .ARM.Collect$$rtentry$$0000000B
    __rtentry2.o(.ARM.exidx) refers to __rtentry2.o(.ARM.Collect$$rtentry$$0000000D) for .ARM.Collect$$rtentry$$0000000D
    __rtentry4.o(.ARM.Collect$$rtentry$$00000004) refers to sys_stackheap_outer.o(.text) for __user_setup_stackheap
    __rtentry4.o(.ARM.exidx) refers to __rtentry4.o(.ARM.Collect$$rtentry$$00000004) for .ARM.Collect$$rtentry$$00000004
    sys_stackheap_outer.o(.text) refers to libspace.o(.text) for __user_perproc_libspace
    sys_stackheap_outer.o(.text) refers to stm32f10x_vector.o(.text) for __user_initial_stackheap
    exit.o(.text) refers to rtexit.o(.ARM.Collect$$rtexit$$00000000) for __rt_exit
    libinit.o(.ARM.Collect$$libinit$$00000000) refers (Special) to libinit2.o(.ARM.Collect$$libinit$$0000002E) for __rt_lib_init_alloca_1
    libinit.o(.ARM.Collect$$libinit$$00000000) refers (Special) to libinit2.o(.ARM.Collect$$libinit$$0000002C) for __rt_lib_init_argv_1
    libinit.o(.ARM.Collect$$libinit$$00000000) refers (Special) to libinit2.o(.ARM.Collect$$libinit$$0000001B) for __rt_lib_init_atexit_1
    libinit.o(.ARM.Collect$$libinit$$00000000) refers (Special) to libinit2.o(.ARM.Collect$$libinit$$00000021) for __rt_lib_init_clock_1
    libinit.o(.ARM.Collect$$libinit$$00000000) refers (Special) to libinit2.o(.ARM.Collect$$libinit$$00000032) for __rt_lib_init_cpp_1
    libinit.o(.ARM.Collect$$libinit$$00000000) refers (Special) to libinit2.o(.ARM.Collect$$libinit$$00000030) for __rt_lib_init_exceptions_1
    libinit.o(.ARM.Collect$$libinit$$00000000) refers (Special) to libinit2.o(.ARM.Collect$$libinit$$00000002) for __rt_lib_init_fp_1
    libinit.o(.ARM.Collect$$libinit$$00000000) refers (Special) to libinit2.o(.ARM.Collect$$libinit$$0000001F) for __rt_lib_init_fp_trap_1
    libinit.o(.ARM.Collect$$libinit$$00000000) refers (Special) to libinit2.o(.ARM.Collect$$libinit$$00000023) for __rt_lib_init_getenv_1
    libinit.o(.ARM.Collect$$libinit$$00000000) refers (Special) to libinit2.o(.ARM.Collect$$libinit$$0000000A) for __rt_lib_init_heap_1
    libinit.o(.ARM.Collect$$libinit$$00000000) refers (Special) to libinit2.o(.ARM.Collect$$libinit$$00000011) for __rt_lib_init_lc_collate_1
    libinit.o(.ARM.Collect$$libinit$$00000000) refers (Special) to libinit2.o(.ARM.Collect$$libinit$$00000013) for __rt_lib_init_lc_ctype_1
    libinit.o(.ARM.Collect$$libinit$$00000000) refers (Special) to libinit2.o(.ARM.Collect$$libinit$$00000015) for __rt_lib_init_lc_monetary_1
    libinit.o(.ARM.Collect$$libinit$$00000000) refers (Special) to libinit2.o(.ARM.Collect$$libinit$$00000017) for __rt_lib_init_lc_numeric_1
    libinit.o(.ARM.Collect$$libinit$$00000000) refers (Special) to libinit2.o(.ARM.Collect$$libinit$$00000019) for __rt_lib_init_lc_time_1
    libinit.o(.ARM.Collect$$libinit$$00000000) refers (Special) to libinit2.o(.ARM.Collect$$libinit$$00000004) for __rt_lib_init_preinit_1
    libinit.o(.ARM.Collect$$libinit$$00000000) refers (Special) to libinit2.o(.ARM.Collect$$libinit$$0000000E) for __rt_lib_init_rand_1
    libinit.o(.ARM.Collect$$libinit$$00000000) refers (Special) to libinit2.o(.ARM.Collect$$libinit$$00000033) for __rt_lib_init_return
    libinit.o(.ARM.Collect$$libinit$$00000000) refers (Special) to libinit2.o(.ARM.Collect$$libinit$$0000001D) for __rt_lib_init_signal_1
    libinit.o(.ARM.Collect$$libinit$$00000000) refers (Special) to libinit2.o(.ARM.Collect$$libinit$$00000025) for __rt_lib_init_stdio_1
    libinit.o(.ARM.Collect$$libinit$$00000000) refers (Special) to libinit2.o(.ARM.Collect$$libinit$$0000000C) for __rt_lib_init_user_alloc_1
    libspace.o(.text) refers to libspace.o(.bss) for __libspace_start
    rtexit.o(.ARM.Collect$$rtexit$$00000000) refers (Special) to rtexit2.o(.ARM.Collect$$rtexit$$00000004) for __rt_exit_exit
    rtexit.o(.ARM.Collect$$rtexit$$00000000) refers (Special) to rtexit2.o(.ARM.Collect$$rtexit$$00000003) for __rt_exit_ls
    rtexit.o(.ARM.Collect$$rtexit$$00000000) refers (Special) to rtexit2.o(.ARM.Collect$$rtexit$$00000002) for __rt_exit_prels_1
    rtexit.o(.ARM.exidx) refers (Special) to rtexit2.o(.ARM.Collect$$rtexit$$00000004) for __rt_exit_exit
    rtexit.o(.ARM.exidx) refers (Special) to rtexit2.o(.ARM.Collect$$rtexit$$00000003) for __rt_exit_ls
    rtexit.o(.ARM.exidx) refers (Special) to rtexit2.o(.ARM.Collect$$rtexit$$00000002) for __rt_exit_prels_1
    rtexit.o(.ARM.exidx) refers to rtexit.o(.ARM.Collect$$rtexit$$00000000) for .ARM.Collect$$rtexit$$00000000
    libinit2.o(.ARM.Collect$$libinit$$00000010) refers to libinit2.o(.ARM.Collect$$libinit$$0000000F) for .ARM.Collect$$libinit$$0000000F
    libinit2.o(.ARM.Collect$$libinit$$00000012) refers to libinit2.o(.ARM.Collect$$libinit$$0000000F) for .ARM.Collect$$libinit$$0000000F
    libinit2.o(.ARM.Collect$$libinit$$00000014) refers to libinit2.o(.ARM.Collect$$libinit$$0000000F) for .ARM.Collect$$libinit$$0000000F
    libinit2.o(.ARM.Collect$$libinit$$00000016) refers to libinit2.o(.ARM.Collect$$libinit$$0000000F) for .ARM.Collect$$libinit$$0000000F
    libinit2.o(.ARM.Collect$$libinit$$00000018) refers to libinit2.o(.ARM.Collect$$libinit$$0000000F) for .ARM.Collect$$libinit$$0000000F
    libinit2.o(.ARM.Collect$$libinit$$00000026) refers to argv_veneer.o(.emb_text) for __ARM_argv_veneer
    libinit2.o(.ARM.Collect$$libinit$$00000027) refers to argv_veneer.o(.emb_text) for __ARM_argv_veneer
    rtexit2.o(.ARM.Collect$$rtexit$$00000003) refers to libshutdown.o(.ARM.Collect$$libshutdown$$00000000) for __rt_lib_shutdown
    rtexit2.o(.ARM.Collect$$rtexit$$00000004) refers to sys_exit.o(.text) for _sys_exit
    rtexit2.o(.ARM.exidx) refers to rtexit2.o(.ARM.Collect$$rtexit$$00000001) for .ARM.Collect$$rtexit$$00000001
    rtexit2.o(.ARM.exidx) refers to rtexit2.o(.ARM.Collect$$rtexit$$00000003) for .ARM.Collect$$rtexit$$00000003
    rtexit2.o(.ARM.exidx) refers to rtexit2.o(.ARM.Collect$$rtexit$$00000004) for .ARM.Collect$$rtexit$$00000004
    argv_veneer.o(.emb_text) refers to no_argv.o(.text) for __ARM_get_argv
    sys_exit.o(.text) refers (Special) to use_no_semi.o(.text) for __I$use$semihosting
    sys_exit.o(.text) refers (Special) to indicate_semi.o(.text) for __semihosting_library_function
    _get_argv_nomalloc.o(.text) refers (Special) to hrguard.o(.text) for __heap_region$guard
    _get_argv_nomalloc.o(.text) refers to defsig_rtmem_outer.o(.text) for __rt_SIGRTMEM
    _get_argv_nomalloc.o(.text) refers to sys_command.o(.text) for _sys_command_string
    libshutdown.o(.ARM.Collect$$libshutdown$$00000000) refers (Special) to libshutdown2.o(.ARM.Collect$$libshutdown$$00000006) for __rt_lib_shutdown_fp_trap_1
    libshutdown.o(.ARM.Collect$$libshutdown$$00000000) refers (Special) to libshutdown2.o(.ARM.Collect$$libshutdown$$0000000E) for __rt_lib_shutdown_heap_1
    libshutdown.o(.ARM.Collect$$libshutdown$$00000000) refers (Special) to libshutdown2.o(.ARM.Collect$$libshutdown$$0000000F) for __rt_lib_shutdown_return
    libshutdown.o(.ARM.Collect$$libshutdown$$00000000) refers (Special) to libshutdown2.o(.ARM.Collect$$libshutdown$$00000009) for __rt_lib_shutdown_signal_1
    libshutdown.o(.ARM.Collect$$libshutdown$$00000000) refers (Special) to libshutdown2.o(.ARM.Collect$$libshutdown$$00000003) for __rt_lib_shutdown_stdio_1
    libshutdown.o(.ARM.Collect$$libshutdown$$00000000) refers (Special) to libshutdown2.o(.ARM.Collect$$libshutdown$$0000000B) for __rt_lib_shutdown_user_alloc_1
    sys_command.o(.text) refers (Special) to use_no_semi.o(.text) for __I$use$semihosting
    sys_command.o(.text) refers (Special) to indicate_semi.o(.text) for __semihosting_library_function
    defsig_rtmem_outer.o(.text) refers to defsig_rtmem_inner.o(.text) for __rt_SIGRTMEM_inner
    defsig_rtmem_outer.o(.text) refers to defsig_exit.o(.text) for __sig_exit
    defsig_rtmem_formal.o(.text) refers to rt_raise.o(.text) for __rt_raise
    rt_raise.o(.text) refers to __raise.o(.text) for __raise
    rt_raise.o(.text) refers to sys_exit.o(.text) for _sys_exit
    defsig_exit.o(.text) refers to sys_exit.o(.text) for _sys_exit
    defsig_rtmem_inner.o(.text) refers to defsig_general.o(.text) for __default_signal_display
    __raise.o(.text) refers to defsig.o(CL$$defsig) for __default_signal_handler
    defsig_general.o(.text) refers to sys_wrch.o(.text) for _ttywrch
    sys_wrch.o(.text) refers (Special) to use_no_semi.o(.text) for __I$use$semihosting
    sys_wrch.o(.text) refers (Special) to indicate_semi.o(.text) for __semihosting_library_function
    defsig.o(CL$$defsig) refers to defsig_rtmem_inner.o(.text) for __rt_SIGRTMEM_inner
    defsig_abrt_inner.o(.text) refers to defsig_general.o(.text) for __default_signal_display
    defsig_fpe_inner.o(.text) refers to defsig_general.o(.text) for __default_signal_display
    defsig_rtred_inner.o(.text) refers to defsig_general.o(.text) for __default_signal_display
    defsig_stak_inner.o(.text) refers to defsig_general.o(.text) for __default_signal_display
    defsig_pvfn_inner.o(.text) refers to defsig_general.o(.text) for __default_signal_display
    defsig_cppl_inner.o(.text) refers to defsig_general.o(.text) for __default_signal_display
    defsig_segv_inner.o(.text) refers to defsig_general.o(.text) for __default_signal_display
    defsig_other.o(.text) refers to defsig_general.o(.text) for __default_signal_display


==============================================================================

Removing Unused input sections from the image.

    Removing stm32f10x_exti.o(.text), (320 bytes).

1 unused section(s) (total 320 bytes) removed from the image.

==============================================================================

Image Symbol Table

    Local Symbols

    Symbol Name                              Value     Ov Type        Size  Object(Section)

    ../clib/angel/boardlib.s                 0x00000000   Number         0  boardinit2.o ABSOLUTE
    ../clib/angel/boardlib.s                 0x00000000   Number         0  boardinit1.o ABSOLUTE
    ../clib/angel/boardlib.s                 0x00000000   Number         0  boardinit3.o ABSOLUTE
    ../clib/angel/boardlib.s                 0x00000000   Number         0  boardshut.o ABSOLUTE
    ../clib/angel/dczerorl2.s                0x00000000   Number         0  __dczerorl2.o ABSOLUTE
    ../clib/angel/handlers.s                 0x00000000   Number         0  __scatter_zi.o ABSOLUTE
    ../clib/angel/kernel.s                   0x00000000   Number         0  __rtentry4.o ABSOLUTE
    ../clib/angel/kernel.s                   0x00000000   Number         0  __rtentry.o ABSOLUTE
    ../clib/angel/kernel.s                   0x00000000   Number         0  rtexit.o ABSOLUTE
    ../clib/angel/kernel.s                   0x00000000   Number         0  rtexit2.o ABSOLUTE
    ../clib/angel/kernel.s                   0x00000000   Number         0  __rtentry2.o ABSOLUTE
    ../clib/angel/rt.s                       0x00000000   Number         0  rt_raise.o ABSOLUTE
    ../clib/angel/scatter.s                  0x00000000   Number         0  __scatter.o ABSOLUTE
    ../clib/angel/startup.s                  0x00000000   Number         0  __main.o ABSOLUTE
    ../clib/angel/sys.s                      0x00000000   Number         0  sys_stackheap_outer.o ABSOLUTE
    ../clib/angel/sys.s                      0x00000000   Number         0  use_no_semi.o ABSOLUTE
    ../clib/angel/sys.s                      0x00000000   Number         0  libspace.o ABSOLUTE
    ../clib/angel/sys.s                      0x00000000   Number         0  indicate_semi.o ABSOLUTE
    ../clib/angel/sysapp.c                   0x00000000   Number         0  sys_command.o ABSOLUTE
    ../clib/angel/sysapp.c                   0x00000000   Number         0  sys_wrch.o ABSOLUTE
    ../clib/angel/sysapp.c                   0x00000000   Number         0  sys_exit.o ABSOLUTE
    ../clib/armsys.c                         0x00000000   Number         0  _get_argv_nomalloc.o ABSOLUTE
    ../clib/armsys.c                         0x00000000   Number         0  argv_veneer.o ABSOLUTE
    ../clib/armsys.c                         0x00000000   Number         0  argv_veneer.o ABSOLUTE
    ../clib/armsys.c                         0x00000000   Number         0  no_argv.o ABSOLUTE
    ../clib/heapalloc.c                      0x00000000   Number         0  hrguard.o ABSOLUTE
    ../clib/heapaux.c                        0x00000000   Number         0  heapauxi.o ABSOLUTE
    ../clib/libinit.s                        0x00000000   Number         0  libinit.o ABSOLUTE
    ../clib/libinit.s                        0x00000000   Number         0  libshutdown.o ABSOLUTE
    ../clib/libinit.s                        0x00000000   Number         0  libinit2.o ABSOLUTE
    ../clib/libinit.s                        0x00000000   Number         0  libshutdown2.o ABSOLUTE
    ../clib/signal.c                         0x00000000   Number         0  __raise.o ABSOLUTE
    ../clib/signal.c                         0x00000000   Number         0  defsig_rtmem_inner.o ABSOLUTE
    ../clib/signal.c                         0x00000000   Number         0  defsig_exit.o ABSOLUTE
    ../clib/signal.c                         0x00000000   Number         0  defsig_rtmem_formal.o ABSOLUTE
    ../clib/signal.c                         0x00000000   Number         0  defsig_abrt_inner.o ABSOLUTE
    ../clib/signal.c                         0x00000000   Number         0  defsig_fpe_inner.o ABSOLUTE
    ../clib/signal.c                         0x00000000   Number         0  defsig_rtmem_outer.o ABSOLUTE
    ../clib/signal.c                         0x00000000   Number         0  defsig_rtred_inner.o ABSOLUTE
    ../clib/signal.c                         0x00000000   Number         0  defsig_pvfn_inner.o ABSOLUTE
    ../clib/signal.c                         0x00000000   Number         0  defsig_cppl_inner.o ABSOLUTE
    ../clib/signal.c                         0x00000000   Number         0  defsig_segv_inner.o ABSOLUTE
    ../clib/signal.c                         0x00000000   Number         0  defsig_stak_inner.o ABSOLUTE
    ../clib/signal.c                         0x00000000   Number         0  defsig_other.o ABSOLUTE
    ../clib/signal.c                         0x00000000   Number         0  defsig_general.o ABSOLUTE
    ../clib/signal.s                         0x00000000   Number         0  defsig.o ABSOLUTE
    ../clib/stdlib.c                         0x00000000   Number         0  exit.o ABSOLUTE
    ../fplib/fpinit.s                        0x00000000   Number         0  fpinit.o ABSOLUTE
    FWLib\library\src\stm32f10x_exti.c       0x00000000   Number         0  stm32f10x_exti.o ABSOLUTE
    FWLib\library\src\stm32f10x_flash.c      0x00000000   Number         0  stm32f10x_flash.o ABSOLUTE
    FWLib\library\src\stm32f10x_gpio.c       0x00000000   Number         0  stm32f10x_gpio.o ABSOLUTE
    FWLib\library\src\stm32f10x_nvic.c       0x00000000   Number         0  stm32f10x_nvic.o ABSOLUTE
    FWLib\library\src\stm32f10x_rcc.c        0x00000000   Number         0  stm32f10x_rcc.o ABSOLUTE
    FWLib\library\src\stm32f10x_tim.c        0x00000000   Number         0  stm32f10x_tim.o ABSOLUTE
    Source\cortexm3_macro.s                  0x00000000   Number         0  cortexm3_macro.o ABSOLUTE
    Source\hw_config.c                       0x00000000   Number         0  hw_config.o ABSOLUTE
    Source\main.c                            0x00000000   Number         0  main.o ABSOLUTE
    Source\stm32f10x_it.c                    0x00000000   Number         0  stm32f10x_it.o ABSOLUTE
    Source\stm32f10x_vector.s                0x00000000   Number         0  stm32f10x_vector.o ABSOLUTE
    Source\usb_desc.c                        0x00000000   Number         0  usb_desc.o ABSOLUTE
    Source\usb_endp.c                        0x00000000   Number         0  usb_endp.o ABSOLUTE
    Source\usb_istr.c                        0x00000000   Number         0  usb_istr.o ABSOLUTE
    Source\usb_prop.c                        0x00000000   Number         0  usb_prop.o ABSOLUTE
    Source\usb_pwr.c                         0x00000000   Number         0  usb_pwr.o ABSOLUTE
    USB_library\src\usb_core.c               0x00000000   Number         0  usb_core.o ABSOLUTE
    USB_library\src\usb_init.c               0x00000000   Number         0  usb_init.o ABSOLUTE
    USB_library\src\usb_int.c                0x00000000   Number         0  usb_int.o ABSOLUTE
    USB_library\src\usb_mem.c                0x00000000   Number         0  usb_mem.o ABSOLUTE
    USB_library\src\usb_regs.c               0x00000000   Number         0  usb_regs.o ABSOLUTE
    dc.s                                     0x00000000   Number         0  dc.o ABSOLUTE
    RESET                                    0x08000000   Section      304  stm32f10x_vector.o(RESET)
    !!!main                                  0x08000130   Section        8  __main.o(!!!main)
    !!!scatter                               0x08000138   Section       52  __scatter.o(!!!scatter)
    !!dczerorl2                              0x0800016c   Section       90  __dczerorl2.o(!!dczerorl2)
    !!handler_zi                             0x080001c8   Section       28  __scatter_zi.o(!!handler_zi)
    .ARM.Collect$$libinit$$00000000          0x080001e4   Section        2  libinit.o(.ARM.Collect$$libinit$$00000000)
    .ARM.Collect$$libinit$$00000002          0x080001e6   Section        0  libinit2.o(.ARM.Collect$$libinit$$00000002)
    .ARM.Collect$$libinit$$00000004          0x080001e6   Section        0  libinit2.o(.ARM.Collect$$libinit$$00000004)
    .ARM.Collect$$libinit$$0000000A          0x080001e6   Section        0  libinit2.o(.ARM.Collect$$libinit$$0000000A)
    .ARM.Collect$$libinit$$0000000C          0x080001e6   Section        0  libinit2.o(.ARM.Collect$$libinit$$0000000C)
    .ARM.Collect$$libinit$$0000000E          0x080001e6   Section        0  libinit2.o(.ARM.Collect$$libinit$$0000000E)
    .ARM.Collect$$libinit$$00000011          0x080001e6   Section        0  libinit2.o(.ARM.Collect$$libinit$$00000011)
    .ARM.Collect$$libinit$$00000013          0x080001e6   Section        0  libinit2.o(.ARM.Collect$$libinit$$00000013)
    .ARM.Collect$$libinit$$00000015          0x080001e6   Section        0  libinit2.o(.ARM.Collect$$libinit$$00000015)
    .ARM.Collect$$libinit$$00000017          0x080001e6   Section        0  libinit2.o(.ARM.Collect$$libinit$$00000017)
    .ARM.Collect$$libinit$$00000019          0x080001e6   Section        0  libinit2.o(.ARM.Collect$$libinit$$00000019)
    .ARM.Collect$$libinit$$0000001B          0x080001e6   Section        0  libinit2.o(.ARM.Collect$$libinit$$0000001B)
    .ARM.Collect$$libinit$$0000001D          0x080001e6   Section        0  libinit2.o(.ARM.Collect$$libinit$$0000001D)
    .ARM.Collect$$libinit$$0000001F          0x080001e6   Section        0  libinit2.o(.ARM.Collect$$libinit$$0000001F)
    .ARM.Collect$$libinit$$00000021          0x080001e6   Section        0  libinit2.o(.ARM.Collect$$libinit$$00000021)
    .ARM.Collect$$libinit$$00000023          0x080001e6   Section        0  libinit2.o(.ARM.Collect$$libinit$$00000023)
    .ARM.Collect$$libinit$$00000025          0x080001e6   Section        0  libinit2.o(.ARM.Collect$$libinit$$00000025)
    .ARM.Collect$$libinit$$0000002C          0x080001e6   Section        0  libinit2.o(.ARM.Collect$$libinit$$0000002C)
    .ARM.Collect$$libinit$$0000002E          0x080001e6   Section        0  libinit2.o(.ARM.Collect$$libinit$$0000002E)
    .ARM.Collect$$libinit$$00000030          0x080001e6   Section        0  libinit2.o(.ARM.Collect$$libinit$$00000030)
    .ARM.Collect$$libinit$$00000032          0x080001e6   Section        0  libinit2.o(.ARM.Collect$$libinit$$00000032)
    .ARM.Collect$$libinit$$00000033          0x080001e6   Section        2  libinit2.o(.ARM.Collect$$libinit$$00000033)
    .ARM.Collect$$libshutdown$$00000000      0x080001e8   Section        2  libshutdown.o(.ARM.Collect$$libshutdown$$00000000)
    .ARM.Collect$$libshutdown$$00000003      0x080001ea   Section        0  libshutdown2.o(.ARM.Collect$$libshutdown$$00000003)
    .ARM.Collect$$libshutdown$$00000006      0x080001ea   Section        0  libshutdown2.o(.ARM.Collect$$libshutdown$$00000006)
    .ARM.Collect$$libshutdown$$00000009      0x080001ea   Section        0  libshutdown2.o(.ARM.Collect$$libshutdown$$00000009)
    .ARM.Collect$$libshutdown$$0000000B      0x080001ea   Section        0  libshutdown2.o(.ARM.Collect$$libshutdown$$0000000B)
    .ARM.Collect$$libshutdown$$0000000E      0x080001ea   Section        0  libshutdown2.o(.ARM.Collect$$libshutdown$$0000000E)
    .ARM.Collect$$libshutdown$$0000000F      0x080001ea   Section        2  libshutdown2.o(.ARM.Collect$$libshutdown$$0000000F)
    .ARM.Collect$$rtentry$$00000000          0x080001ec   Section        0  __rtentry.o(.ARM.Collect$$rtentry$$00000000)
    .ARM.Collect$$rtentry$$00000002          0x080001ec   Section        0  __rtentry2.o(.ARM.Collect$$rtentry$$00000002)
    .ARM.Collect$$rtentry$$00000004          0x080001ec   Section        6  __rtentry4.o(.ARM.Collect$$rtentry$$00000004)
    .ARM.Collect$$rtentry$$00000009          0x080001f2   Section        0  __rtentry2.o(.ARM.Collect$$rtentry$$00000009)
    .ARM.Collect$$rtentry$$0000000A          0x080001f2   Section        4  __rtentry2.o(.ARM.Collect$$rtentry$$0000000A)
    .ARM.Collect$$rtentry$$0000000C          0x080001f6   Section        0  __rtentry2.o(.ARM.Collect$$rtentry$$0000000C)
    .ARM.Collect$$rtentry$$0000000D          0x080001f6   Section        8  __rtentry2.o(.ARM.Collect$$rtentry$$0000000D)
    .ARM.Collect$$rtexit$$00000000           0x080001fe   Section        2  rtexit.o(.ARM.Collect$$rtexit$$00000000)
    .ARM.Collect$$rtexit$$00000002           0x08000200   Section        0  rtexit2.o(.ARM.Collect$$rtexit$$00000002)
    .ARM.Collect$$rtexit$$00000003           0x08000200   Section        4  rtexit2.o(.ARM.Collect$$rtexit$$00000003)
    .ARM.Collect$$rtexit$$00000004           0x08000204   Section        6  rtexit2.o(.ARM.Collect$$rtexit$$00000004)
    .text                                    0x0800020c   Section       36  stm32f10x_vector.o(.text)
    .text                                    0x08000230   Section      122  cortexm3_macro.o(.text)
    .text                                    0x080002ac   Section        0  hw_config.o(.text)
    .text                                    0x0800055c   Section        0  main.o(.text)
    .text                                    0x08000724   Section        0  usb_endp.o(.text)
    .text                                    0x0800078c   Section        0  usb_istr.o(.text)
    .text                                    0x08000884   Section        0  usb_prop.o(.text)
    .text                                    0x08000b08   Section        0  usb_pwr.o(.text)
    .text                                    0x08000c50   Section        0  stm32f10x_it.o(.text)
    .text                                    0x08000d44   Section        0  stm32f10x_gpio.o(.text)
    .text                                    0x08001074   Section        0  stm32f10x_nvic.o(.text)
    .text                                    0x0800144c   Section        0  stm32f10x_rcc.o(.text)
    .text                                    0x080017ec   Section        0  stm32f10x_tim.o(.text)
    TI4_Config                               0x08001b0b   Thumb Code    82  stm32f10x_tim.o(.text)
    TI3_Config                               0x08001b6f   Thumb Code    72  stm32f10x_tim.o(.text)
    TI2_Config                               0x08001be1   Thumb Code    80  stm32f10x_tim.o(.text)
    TI1_Config                               0x08001c43   Thumb Code    56  stm32f10x_tim.o(.text)
    .text                                    0x080023b4   Section        0  stm32f10x_flash.o(.text)
    .text                                    0x080023fc   Section        0  usb_core.o(.text)
    DataStageOut                             0x0800280f   Thumb Code   166  usb_core.o(.text)
    DataStageIn                              0x080028b5   Thumb Code   166  usb_core.o(.text)
    NoData_Setup0                            0x0800295b   Thumb Code   302  usb_core.o(.text)
    Data_Setup0                              0x08002a89   Thumb Code   676  usb_core.o(.text)
    .text                                    0x08002f1c   Section        0  usb_init.o(.text)
    .text                                    0x08002f58   Section        0  usb_int.o(.text)
    .text                                    0x0800332c   Section        0  usb_mem.o(.text)
    .text                                    0x08003388   Section        0  usb_regs.o(.text)
    .text                                    0x08003b40   Section        0  heapauxi.o(.text)
    .text                                    0x08003b46   Section       74  sys_stackheap_outer.o(.text)
    .text                                    0x08003b90   Section        0  exit.o(.text)
    .text                                    0x08003b9c   Section        8  libspace.o(.text)
    .text                                    0x08003ba4   Section        0  sys_exit.o(.text)
    .text                                    0x08003bb0   Section        2  use_no_semi.o(.text)
    .constdata                               0x08003bb2   Section      192  usb_desc.o(.constdata)
    .text                                    0x08003bb2   Section        0  indicate_semi.o(.text)
    .constdata                               0x08003c72   Section       20  stm32f10x_rcc.o(.constdata)
    APBAHBPrescTable                         0x08003c72   Data          16  stm32f10x_rcc.o(.constdata)
    ADCPrescTable                            0x08003c82   Data           4  stm32f10x_rcc.o(.constdata)
    .data                                    0x20000000   Section        1  hw_config.o(.data)
    .data                                    0x20000001   Section       17  main.o(.data)
    .data                                    0x20000012   Section       26  usb_desc.o(.data)
    .data                                    0x2000002c   Section        1  usb_endp.o(.data)
    .data                                    0x20000030   Section       60  usb_istr.o(.data)
    .data                                    0x2000006c   Section      156  usb_prop.o(.data)
    .data                                    0x20000108   Section        7  usb_pwr.o(.data)
    .data                                    0x2000010f   Section        1  stm32f10x_it.o(.data)
    .data                                    0x20000110   Section        3  usb_core.o(.data)
    .data                                    0x20000114   Section       20  usb_init.o(.data)
    .data                                    0x20000128   Section        4  usb_int.o(.data)
    .bss                                     0x2000012c   Section       80  main.o(.bss)
    .bss                                     0x2000017c   Section       44  usb_endp.o(.bss)
    .bss                                     0x200001a8   Section       28  usb_init.o(.bss)
    .bss                                     0x200001c4   Section       96  libspace.o(.bss)
    HEAP                                     0x20000228   Section     1024  stm32f10x_vector.o(HEAP)
    Heap_Mem                                 0x20000228   Data        1024  stm32f10x_vector.o(HEAP)
    STACK                                    0x20000628   Section     1024  stm32f10x_vector.o(STACK)
    Stack_Mem                                0x20000628   Data        1024  stm32f10x_vector.o(STACK)
    __initial_sp                             0x20000a28   Data           0  stm32f10x_vector.o(STACK)

    Global Symbols

    Symbol Name                              Value     Ov Type        Size  Object(Section)

    BuildAttributes$$THM_ISAv4$P$D$K$B$S$PE$A:L22UL41UL21$X:L11$S22US41US21$IEEE1$IW$USESV6$~STKCKD$USESV7$~SHL$OSPACE$ROPI$EBA8$UX$STANDARDLIB$REQ8$PRES8$EABIv2 0x00000000   Number         0  anon$$obj.o ABSOLUTE
    __ARM_use_no_argv                        0x00000000   Number         0  main.o ABSOLUTE
    __ARM_exceptions_init                     - Undefined Weak Reference
    __alloca_initialize                       - Undefined Weak Reference
    __arm_preinit_                            - Undefined Weak Reference
    __cpp_initialize__aeabi_                  - Undefined Weak Reference
    __cxa_finalize                            - Undefined Weak Reference
    __rt_locale                               - Undefined Weak Reference
    __sigvec_lookup                           - Undefined Weak Reference
    _atexit_init                              - Undefined Weak Reference
    _call_atexit_fns                          - Undefined Weak Reference
    _clock_init                               - Undefined Weak Reference
    _fp_trap_init                             - Undefined Weak Reference
    _fp_trap_shutdown                         - Undefined Weak Reference
    _get_lc_collate                           - Undefined Weak Reference
    _get_lc_ctype                             - Undefined Weak Reference
    _get_lc_monetary                          - Undefined Weak Reference
    _get_lc_numeric                           - Undefined Weak Reference
    _get_lc_time                              - Undefined Weak Reference
    _getenv_init                              - Undefined Weak Reference
    _handle_redirection                       - Undefined Weak Reference
    _init_alloc                               - Undefined Weak Reference
    _init_user_alloc                          - Undefined Weak Reference
    _initio                                   - Undefined Weak Reference
    _rand_init                                - Undefined Weak Reference
    _signal_finish                            - Undefined Weak Reference
    _signal_init                              - Undefined Weak Reference
    _terminate_alloc                          - Undefined Weak Reference
    _terminate_user_alloc                     - Undefined Weak Reference
    _terminateio                              - Undefined Weak Reference
    __Vectors                                0x08000000   Data           4  stm32f10x_vector.o(RESET)
    __main                                   0x08000131   Thumb Code     8  __main.o(!!!main)
    __scatterload                            0x08000139   Thumb Code     0  __scatter.o(!!!scatter)
    __scatterload_rt2                        0x08000139   Thumb Code    44  __scatter.o(!!!scatter)
    __scatterload_rt2_thumb_only             0x08000139   Thumb Code     0  __scatter.o(!!!scatter)
    __scatterload_null                       0x08000147   Thumb Code     0  __scatter.o(!!!scatter)
    __decompress                             0x0800016d   Thumb Code    90  __dczerorl2.o(!!dczerorl2)
    __decompress1                            0x0800016d   Thumb Code     0  __dczerorl2.o(!!dczerorl2)
    __scatterload_zeroinit                   0x080001c9   Thumb Code    28  __scatter_zi.o(!!handler_zi)
    __rt_lib_init                            0x080001e5   Thumb Code     0  libinit.o(.ARM.Collect$$libinit$$00000000)
    __rt_lib_init_alloca_1                   0x080001e7   Thumb Code     0  libinit2.o(.ARM.Collect$$libinit$$0000002E)
    __rt_lib_init_argv_1                     0x080001e7   Thumb Code     0  libinit2.o(.ARM.Collect$$libinit$$0000002C)
    __rt_lib_init_atexit_1                   0x080001e7   Thumb Code     0  libinit2.o(.ARM.Collect$$libinit$$0000001B)
    __rt_lib_init_clock_1                    0x080001e7   Thumb Code     0  libinit2.o(.ARM.Collect$$libinit$$00000021)
    __rt_lib_init_cpp_1                      0x080001e7   Thumb Code     0  libinit2.o(.ARM.Collect$$libinit$$00000032)
    __rt_lib_init_exceptions_1               0x080001e7   Thumb Code     0  libinit2.o(.ARM.Collect$$libinit$$00000030)
    __rt_lib_init_fp_1                       0x080001e7   Thumb Code     0  libinit2.o(.ARM.Collect$$libinit$$00000002)
    __rt_lib_init_fp_trap_1                  0x080001e7   Thumb Code     0  libinit2.o(.ARM.Collect$$libinit$$0000001F)
    __rt_lib_init_getenv_1                   0x080001e7   Thumb Code     0  libinit2.o(.ARM.Collect$$libinit$$00000023)
    __rt_lib_init_heap_1                     0x080001e7   Thumb Code     0  libinit2.o(.ARM.Collect$$libinit$$0000000A)
    __rt_lib_init_lc_collate_1               0x080001e7   Thumb Code     0  libinit2.o(.ARM.Collect$$libinit$$00000011)
    __rt_lib_init_lc_ctype_1                 0x080001e7   Thumb Code     0  libinit2.o(.ARM.Collect$$libinit$$00000013)
    __rt_lib_init_lc_monetary_1              0x080001e7   Thumb Code     0  libinit2.o(.ARM.Collect$$libinit$$00000015)
    __rt_lib_init_lc_numeric_1               0x080001e7   Thumb Code     0  libinit2.o(.ARM.Collect$$libinit$$00000017)
    __rt_lib_init_lc_time_1                  0x080001e7   Thumb Code     0  libinit2.o(.ARM.Collect$$libinit$$00000019)
    __rt_lib_init_preinit_1                  0x080001e7   Thumb Code     0  libinit2.o(.ARM.Collect$$libinit$$00000004)
    __rt_lib_init_rand_1                     0x080001e7   Thumb Code     0  libinit2.o(.ARM.Collect$$libinit$$0000000E)
    __rt_lib_init_return                     0x080001e7   Thumb Code     0  libinit2.o(.ARM.Collect$$libinit$$00000033)
    __rt_lib_init_signal_1                   0x080001e7   Thumb Code     0  libinit2.o(.ARM.Collect$$libinit$$0000001D)
    __rt_lib_init_stdio_1                    0x080001e7   Thumb Code     0  libinit2.o(.ARM.Collect$$libinit$$00000025)
    __rt_lib_init_user_alloc_1               0x080001e7   Thumb Code     0  libinit2.o(.ARM.Collect$$libinit$$0000000C)
    __rt_lib_shutdown                        0x080001e9   Thumb Code     0  libshutdown.o(.ARM.Collect$$libshutdown$$00000000)
    __rt_lib_shutdown_fp_trap_1              0x080001eb   Thumb Code     0  libshutdown2.o(.ARM.Collect$$libshutdown$$00000006)
    __rt_lib_shutdown_heap_1                 0x080001eb   Thumb Code     0  libshutdown2.o(.ARM.Collect$$libshutdown$$0000000E)
    __rt_lib_shutdown_return                 0x080001eb   Thumb Code     0  libshutdown2.o(.ARM.Collect$$libshutdown$$0000000F)
    __rt_lib_shutdown_signal_1               0x080001eb   Thumb Code     0  libshutdown2.o(.ARM.Collect$$libshutdown$$00000009)
    __rt_lib_shutdown_stdio_1                0x080001eb   Thumb Code     0  libshutdown2.o(.ARM.Collect$$libshutdown$$00000003)
    __rt_lib_shutdown_user_alloc_1           0x080001eb   Thumb Code     0  libshutdown2.o(.ARM.Collect$$libshutdown$$0000000B)
    __rt_entry                               0x080001ed   Thumb Code     0  __rtentry.o(.ARM.Collect$$rtentry$$00000000)
    __rt_entry_presh_1                       0x080001ed   Thumb Code     0  __rtentry2.o(.ARM.Collect$$rtentry$$00000002)
    __rt_entry_sh                            0x080001ed   Thumb Code     0  __rtentry4.o(.ARM.Collect$$rtentry$$00000004)
    __rt_entry_li                            0x080001f3   Thumb Code     0  __rtentry2.o(.ARM.Collect$$rtentry$$0000000A)
    __rt_entry_postsh_1                      0x080001f3   Thumb Code     0  __rtentry2.o(.ARM.Collect$$rtentry$$00000009)
    __rt_entry_main                          0x080001f7   Thumb Code     0  __rtentry2.o(.ARM.Collect$$rtentry$$0000000D)
    __rt_entry_postli_1                      0x080001f7   Thumb Code     0  __rtentry2.o(.ARM.Collect$$rtentry$$0000000C)
    __rt_exit                                0x080001ff   Thumb Code     0  rtexit.o(.ARM.Collect$$rtexit$$00000000)
    __rt_exit_ls                             0x08000201   Thumb Code     0  rtexit2.o(.ARM.Collect$$rtexit$$00000003)
    __rt_exit_prels_1                        0x08000201   Thumb Code     0  rtexit2.o(.ARM.Collect$$rtexit$$00000002)
    __rt_exit_exit                           0x08000205   Thumb Code     0  rtexit2.o(.ARM.Collect$$rtexit$$00000004)
    Reset_Handler                            0x0800020d   Thumb Code     4  stm32f10x_vector.o(.text)
    __user_initial_stackheap                 0x08000211   Thumb Code     0  stm32f10x_vector.o(.text)
    __WFI                                    0x08000231   Thumb Code     0  cortexm3_macro.o(.text)
    __WFE                                    0x08000235   Thumb Code     0  cortexm3_macro.o(.text)
    __SEV                                    0x08000239   Thumb Code     0  cortexm3_macro.o(.text)
    __ISB                                    0x0800023d   Thumb Code     0  cortexm3_macro.o(.text)
    __DSB                                    0x08000243   Thumb Code     0  cortexm3_macro.o(.text)
    __DMB                                    0x08000249   Thumb Code     0  cortexm3_macro.o(.text)
    __SVC                                    0x0800024f   Thumb Code     0  cortexm3_macro.o(.text)
    __MRS_CONTROL                            0x08000253   Thumb Code     0  cortexm3_macro.o(.text)
    __MSR_CONTROL                            0x08000259   Thumb Code     0  cortexm3_macro.o(.text)
    __MRS_PSP                                0x08000263   Thumb Code     0  cortexm3_macro.o(.text)
    __MSR_PSP                                0x08000269   Thumb Code     0  cortexm3_macro.o(.text)
    __MRS_MSP                                0x0800026f   Thumb Code     0  cortexm3_macro.o(.text)
    __MSR_MSP                                0x08000275   Thumb Code     0  cortexm3_macro.o(.text)
    __RESETPRIMASK                           0x0800027b   Thumb Code     0  cortexm3_macro.o(.text)
    __SETPRIMASK                             0x0800027f   Thumb Code     0  cortexm3_macro.o(.text)
    __READ_PRIMASK                           0x08000283   Thumb Code     0  cortexm3_macro.o(.text)
    __SETFAULTMASK                           0x08000289   Thumb Code     0  cortexm3_macro.o(.text)
    __RESETFAULTMASK                         0x0800028d   Thumb Code     0  cortexm3_macro.o(.text)
    __READ_FAULTMASK                         0x08000291   Thumb Code     0  cortexm3_macro.o(.text)
    __BASEPRICONFIG                          0x08000297   Thumb Code     0  cortexm3_macro.o(.text)
    __GetBASEPRI                             0x0800029d   Thumb Code     0  cortexm3_macro.o(.text)
    __REV_HalfWord                           0x080002a3   Thumb Code     0  cortexm3_macro.o(.text)
    __REV_Word                               0x080002a7   Thumb Code     0  cortexm3_macro.o(.text)
    GPIO_Configuration                       0x080002ad   Thumb Code   110  hw_config.o(.text)
    Set_System                               0x0800031b   Thumb Code     8  hw_config.o(.text)
    ConfigurationGPIO                        0x08000323   Thumb Code     8  hw_config.o(.text)
    RCC_Configuration                        0x0800032b   Thumb Code   126  hw_config.o(.text)
    Set_USBClock                             0x080003a9   Thumb Code    18  hw_config.o(.text)
    Enter_LowPowerMode                       0x080003bb   Thumb Code     8  hw_config.o(.text)
    Leave_LowPowerMode                       0x080003c3   Thumb Code    94  hw_config.o(.text)
    USB_Interrupts_Config                    0x08000421   Thumb Code    34  hw_config.o(.text)
    Timer2Configuration                      0x08000443   Thumb Code    66  hw_config.o(.text)
    USB_Cable_Config                         0x08000485   Thumb Code    30  hw_config.o(.text)
    DisableClock                             0x080004a3   Thumb Code    22  hw_config.o(.text)
    Get_SerialNum                            0x080004b9   Thumb Code    62  hw_config.o(.text)
    USB_Connect                              0x080004f7   Thumb Code    66  hw_config.o(.text)
    Keyboard_Send                            0x0800055d   Thumb Code    30  main.o(.text)
    Delay                                    0x0800057b   Thumb Code    18  main.o(.text)
    NVIC_Configuration                       0x0800058d   Thumb Code    14  main.o(.text)
    main                                     0x0800059b   Thumb Code    48  main.o(.text)
    USB_SendString                           0x080005cb   Thumb Code    56  main.o(.text)
    Keyboard_Send_KeyString                  0x08000603   Thumb Code   226  main.o(.text)
    Keyboard_Send_Keyup                      0x080006e5   Thumb Code    46  main.o(.text)
    EP1_OUT_Callback                         0x08000725   Thumb Code    36  usb_endp.o(.text)
    EP2_IN_Callback                          0x08000749   Thumb Code    56  usb_endp.o(.text)
    USB_Istr                                 0x0800078d   Thumb Code   222  usb_istr.o(.text)
    CustomHID_init                           0x08000885   Thumb Code    76  usb_prop.o(.text)
    CustomHID_Reset                          0x080008d1   Thumb Code   200  usb_prop.o(.text)
    CustomHID_SetConfiguration               0x08000999   Thumb Code    14  usb_prop.o(.text)
    CustomHID_SetDeviceAddress               0x080009a7   Thumb Code     8  usb_prop.o(.text)
    CustomHID_Status_In                      0x080009af   Thumb Code     2  usb_prop.o(.text)
    CustomHID_Status_Out                     0x080009b1   Thumb Code     2  usb_prop.o(.text)
    CustomHID_GetProtocolValue               0x080009b3   Thumb Code    20  usb_prop.o(.text)
    CustomHID_GetHIDDescriptor               0x080009c7   Thumb Code    14  usb_prop.o(.text)
    CustomHID_GetReportDescriptor            0x080009d5   Thumb Code    14  usb_prop.o(.text)
    CustomHID_Data_Setup                     0x080009e3   Thumb Code   114  usb_prop.o(.text)
    CustomHID_SetProtocol                    0x08000a55   Thumb Code    14  usb_prop.o(.text)
    CustomHID_NoData_Setup                   0x08000a63   Thumb Code    32  usb_prop.o(.text)
    CustomHID_GetDeviceDescriptor            0x08000a83   Thumb Code    14  usb_prop.o(.text)
    CustomHID_GetConfigDescriptor            0x08000a91   Thumb Code    14  usb_prop.o(.text)
    CustomHID_GetStringDescriptor            0x08000a9f   Thumb Code    32  usb_prop.o(.text)
    CustomHID_Get_Interface_Setting          0x08000abf   Thumb Code    22  usb_prop.o(.text)
    PowerOn                                  0x08000b09   Thumb Code    54  usb_pwr.o(.text)
    PowerOff                                 0x08000b3f   Thumb Code    28  usb_pwr.o(.text)
    Suspend                                  0x08000b5b   Thumb Code    34  usb_pwr.o(.text)
    Resume_Init                              0x08000b7d   Thumb Code    30  usb_pwr.o(.text)
    Resume                                   0x08000b9b   Thumb Code   168  usb_pwr.o(.text)
    NMIException                             0x08000c51   Thumb Code     2  stm32f10x_it.o(.text)
    HardFaultException                       0x08000c53   Thumb Code     4  stm32f10x_it.o(.text)
    MemManageException                       0x08000c57   Thumb Code     4  stm32f10x_it.o(.text)
    BusFaultException                        0x08000c5b   Thumb Code     4  stm32f10x_it.o(.text)
    UsageFaultException                      0x08000c5f   Thumb Code     4  stm32f10x_it.o(.text)
    DebugMonitor                             0x08000c63   Thumb Code     2  stm32f10x_it.o(.text)
    SVCHandler                               0x08000c65   Thumb Code     2  stm32f10x_it.o(.text)
    PendSVC                                  0x08000c67   Thumb Code     2  stm32f10x_it.o(.text)
    SysTickHandler                           0x08000c69   Thumb Code     2  stm32f10x_it.o(.text)
    WWDG_IRQHandler                          0x08000c6b   Thumb Code     2  stm32f10x_it.o(.text)
    PVD_IRQHandler                           0x08000c6d   Thumb Code     2  stm32f10x_it.o(.text)
    TAMPER_IRQHandler                        0x08000c6f   Thumb Code     2  stm32f10x_it.o(.text)
    RTC_IRQHandler                           0x08000c71   Thumb Code     2  stm32f10x_it.o(.text)
    ClendarAlarmProc                         0x08000c73   Thumb Code     2  stm32f10x_it.o(.text)
    RTCAlarm_IRQHandler                      0x08000c75   Thumb Code     2  stm32f10x_it.o(.text)
    FLASH_IRQHandler                         0x08000c77   Thumb Code     2  stm32f10x_it.o(.text)
    RCC_IRQHandler                           0x08000c79   Thumb Code     2  stm32f10x_it.o(.text)
    EXTI0_IRQHandler                         0x08000c7b   Thumb Code     2  stm32f10x_it.o(.text)
    EXTI1_IRQHandler                         0x08000c7d   Thumb Code     2  stm32f10x_it.o(.text)
    EXTI2_IRQHandler                         0x08000c7f   Thumb Code     2  stm32f10x_it.o(.text)
    EXTI3_IRQHandler                         0x08000c81   Thumb Code     2  stm32f10x_it.o(.text)
    EXTI4_IRQHandler                         0x08000c83   Thumb Code     2  stm32f10x_it.o(.text)
    DMA1_Channel1_IRQHandler                 0x08000c85   Thumb Code     2  stm32f10x_it.o(.text)
    DMA1_Channel2_IRQHandler                 0x08000c87   Thumb Code     2  stm32f10x_it.o(.text)
    DMA1_Channel3_IRQHandler                 0x08000c89   Thumb Code     2  stm32f10x_it.o(.text)
    DMA1_Channel4_IRQHandler                 0x08000c8b   Thumb Code     2  stm32f10x_it.o(.text)
    DMA1_Channel5_IRQHandler                 0x08000c8d   Thumb Code     2  stm32f10x_it.o(.text)
    DMA1_Channel6_IRQHandler                 0x08000c8f   Thumb Code     2  stm32f10x_it.o(.text)
    DMA1_Channel7_IRQHandler                 0x08000c91   Thumb Code     2  stm32f10x_it.o(.text)
    ADC1_2_IRQHandler                        0x08000c93   Thumb Code     2  stm32f10x_it.o(.text)
    USB_HP_CAN_TX_IRQHandler                 0x08000c95   Thumb Code     2  stm32f10x_it.o(.text)
    USB_LP_CAN_RX0_IRQHandler                0x08000c97   Thumb Code     8  stm32f10x_it.o(.text)
    CAN_RX1_IRQHandler                       0x08000c9f   Thumb Code     2  stm32f10x_it.o(.text)
    CAN_SCE_IRQHandler                       0x08000ca1   Thumb Code     2  stm32f10x_it.o(.text)
    EXTI9_5_IRQHandler                       0x08000ca3   Thumb Code     2  stm32f10x_it.o(.text)
    ConfigSysClk                             0x08000ca5   Thumb Code     2  stm32f10x_it.o(.text)
    TIM1_BRK_IRQHandler                      0x08000ca7   Thumb Code     2  stm32f10x_it.o(.text)
    TIM1_UP_IRQHandler                       0x08000ca9   Thumb Code     2  stm32f10x_it.o(.text)
    TIM1_TRG_COM_IRQHandler                  0x08000cab   Thumb Code     2  stm32f10x_it.o(.text)
    TIM1_CC_IRQHandler                       0x08000cad   Thumb Code     2  stm32f10x_it.o(.text)
    TIM2_IRQHandler                          0x08000caf   Thumb Code    76  stm32f10x_it.o(.text)
    TIM3_IRQHandler                          0x08000cfb   Thumb Code     2  stm32f10x_it.o(.text)
    TIM4_IRQHandler                          0x08000cfd   Thumb Code     2  stm32f10x_it.o(.text)
    I2C1_EV_IRQHandler                       0x08000cff   Thumb Code     2  stm32f10x_it.o(.text)
    I2C1_ER_IRQHandler                       0x08000d01   Thumb Code     2  stm32f10x_it.o(.text)
    I2C2_EV_IRQHandler                       0x08000d03   Thumb Code     2  stm32f10x_it.o(.text)
    I2C2_ER_IRQHandler                       0x08000d05   Thumb Code     2  stm32f10x_it.o(.text)
    SPI1_IRQHandler                          0x08000d07   Thumb Code     2  stm32f10x_it.o(.text)
    SPI2_IRQHandler                          0x08000d09   Thumb Code     2  stm32f10x_it.o(.text)
    USART1_IRQHandler                        0x08000d0b   Thumb Code     2  stm32f10x_it.o(.text)
    USART2_IRQHandler                        0x08000d0d   Thumb Code     2  stm32f10x_it.o(.text)
    USART3_IRQHandler                        0x08000d0f   Thumb Code     2  stm32f10x_it.o(.text)
    EXTI15_10_IRQHandler                     0x08000d11   Thumb Code     2  stm32f10x_it.o(.text)
    USBWakeUp_IRQHandler                     0x08000d13   Thumb Code     2  stm32f10x_it.o(.text)
    TIM8_BRK_IRQHandler                      0x08000d15   Thumb Code     2  stm32f10x_it.o(.text)
    TIM8_UP_IRQHandler                       0x08000d17   Thumb Code     2  stm32f10x_it.o(.text)
    TIM8_TRG_COM_IRQHandler                  0x08000d19   Thumb Code     2  stm32f10x_it.o(.text)
    TIM8_CC_IRQHandler                       0x08000d1b   Thumb Code     2  stm32f10x_it.o(.text)
    ADC3_IRQHandler                          0x08000d1d   Thumb Code     2  stm32f10x_it.o(.text)
    FSMC_IRQHandler                          0x08000d1f   Thumb Code     2  stm32f10x_it.o(.text)
    SDIO_IRQHandler                          0x08000d21   Thumb Code     2  stm32f10x_it.o(.text)
    TIM5_IRQHandler                          0x08000d23   Thumb Code     2  stm32f10x_it.o(.text)
    SPI3_IRQHandler                          0x08000d25   Thumb Code     2  stm32f10x_it.o(.text)
    UART4_IRQHandler                         0x08000d27   Thumb Code     2  stm32f10x_it.o(.text)
    UART5_IRQHandler                         0x08000d29   Thumb Code     2  stm32f10x_it.o(.text)
    TIM6_IRQHandler                          0x08000d2b   Thumb Code     2  stm32f10x_it.o(.text)
    TIM7_IRQHandler                          0x08000d2d   Thumb Code     2  stm32f10x_it.o(.text)
    DMA2_Channel1_IRQHandler                 0x08000d2f   Thumb Code     2  stm32f10x_it.o(.text)
    DMA2_Channel2_IRQHandler                 0x08000d31   Thumb Code     2  stm32f10x_it.o(.text)
    DMA2_Channel3_IRQHandler                 0x08000d33   Thumb Code     2  stm32f10x_it.o(.text)
    DMA2_Channel4_5_IRQHandler               0x08000d35   Thumb Code     2  stm32f10x_it.o(.text)
    GPIO_DeInit                              0x08000d45   Thumb Code   188  stm32f10x_gpio.o(.text)
    GPIO_AFIODeInit                          0x08000e01   Thumb Code    20  stm32f10x_gpio.o(.text)
    GPIO_Init                                0x08000e15   Thumb Code   278  stm32f10x_gpio.o(.text)
    GPIO_StructInit                          0x08000f2b   Thumb Code    16  stm32f10x_gpio.o(.text)
    GPIO_ReadInputDataBit                    0x08000f3b   Thumb Code    18  stm32f10x_gpio.o(.text)
    GPIO_ReadInputData                       0x08000f4d   Thumb Code     8  stm32f10x_gpio.o(.text)
    GPIO_ReadOutputDataBit                   0x08000f55   Thumb Code    18  stm32f10x_gpio.o(.text)
    GPIO_ReadOutputData                      0x08000f67   Thumb Code     8  stm32f10x_gpio.o(.text)
    GPIO_SetBits                             0x08000f6f   Thumb Code     4  stm32f10x_gpio.o(.text)
    GPIO_ResetBits                           0x08000f73   Thumb Code     4  stm32f10x_gpio.o(.text)
    GPIO_WriteBit                            0x08000f77   Thumb Code    10  stm32f10x_gpio.o(.text)
    GPIO_Write                               0x08000f81   Thumb Code     4  stm32f10x_gpio.o(.text)
    GPIO_PinLockConfig                       0x08000f85   Thumb Code    18  stm32f10x_gpio.o(.text)
    GPIO_EventOutputConfig                   0x08000f97   Thumb Code    26  stm32f10x_gpio.o(.text)
    GPIO_EventOutputCmd                      0x08000fb1   Thumb Code     6  stm32f10x_gpio.o(.text)
    GPIO_PinRemapConfig                      0x08000fb7   Thumb Code   106  stm32f10x_gpio.o(.text)
    GPIO_EXTILineConfig                      0x08001021   Thumb Code    66  stm32f10x_gpio.o(.text)
    NVIC_DeInit                              0x08001075   Thumb Code    54  stm32f10x_nvic.o(.text)
    NVIC_SCBDeInit                           0x080010ab   Thumb Code    76  stm32f10x_nvic.o(.text)
    NVIC_PriorityGroupConfig                 0x080010f7   Thumb Code    12  stm32f10x_nvic.o(.text)
    NVIC_Init                                0x08001103   Thumb Code   152  stm32f10x_nvic.o(.text)
    NVIC_StructInit                          0x0800119b   Thumb Code    12  stm32f10x_nvic.o(.text)
    NVIC_SETPRIMASK                          0x080011a7   Thumb Code     8  stm32f10x_nvic.o(.text)
    NVIC_RESETPRIMASK                        0x080011af   Thumb Code     8  stm32f10x_nvic.o(.text)
    NVIC_SETFAULTMASK                        0x080011b7   Thumb Code     8  stm32f10x_nvic.o(.text)
    NVIC_RESETFAULTMASK                      0x080011bf   Thumb Code     8  stm32f10x_nvic.o(.text)
    NVIC_BASEPRICONFIG                       0x080011c7   Thumb Code    12  stm32f10x_nvic.o(.text)
    NVIC_GetBASEPRI                          0x080011d3   Thumb Code     8  stm32f10x_nvic.o(.text)
    NVIC_GetCurrentPendingIRQChannel         0x080011db   Thumb Code    10  stm32f10x_nvic.o(.text)
    NVIC_GetIRQChannelPendingBitStatus       0x080011e5   Thumb Code    42  stm32f10x_nvic.o(.text)
    NVIC_SetIRQChannelPendingBit             0x0800120f   Thumb Code     6  stm32f10x_nvic.o(.text)
    NVIC_ClearIRQChannelPendingBit           0x08001215   Thumb Code    20  stm32f10x_nvic.o(.text)
    NVIC_GetCurrentActiveHandler             0x08001229   Thumb Code    10  stm32f10x_nvic.o(.text)
    NVIC_GetIRQChannelActiveBitStatus        0x08001233   Thumb Code    42  stm32f10x_nvic.o(.text)
    NVIC_GetCPUID                            0x0800125d   Thumb Code     8  stm32f10x_nvic.o(.text)
    NVIC_SetVectorTable                      0x08001265   Thumb Code    14  stm32f10x_nvic.o(.text)
    NVIC_GenerateSystemReset                 0x08001273   Thumb Code    12  stm32f10x_nvic.o(.text)
    NVIC_GenerateCoreReset                   0x0800127f   Thumb Code    12  stm32f10x_nvic.o(.text)
    NVIC_SystemLPConfig                      0x0800128b   Thumb Code    34  stm32f10x_nvic.o(.text)
    NVIC_SystemHandlerConfig                 0x080012ad   Thumb Code    48  stm32f10x_nvic.o(.text)
    NVIC_SystemHandlerPriorityConfig         0x080012dd   Thumb Code   110  stm32f10x_nvic.o(.text)
    NVIC_GetSystemHandlerPendingBitStatus    0x0800134b   Thumb Code    44  stm32f10x_nvic.o(.text)
    NVIC_SetSystemHandlerPendingBit          0x08001377   Thumb Code    22  stm32f10x_nvic.o(.text)
    NVIC_ClearSystemHandlerPendingBit        0x0800138d   Thumb Code    26  stm32f10x_nvic.o(.text)
    NVIC_GetSystemHandlerActiveBitStatus     0x080013a7   Thumb Code    42  stm32f10x_nvic.o(.text)
    NVIC_GetFaultHandlerSources              0x080013d1   Thumb Code    66  stm32f10x_nvic.o(.text)
    NVIC_GetFaultAddress                     0x08001413   Thumb Code    28  stm32f10x_nvic.o(.text)
    RCC_DeInit                               0x0800144d   Thumb Code    62  stm32f10x_rcc.o(.text)
    RCC_HSEConfig                            0x0800148b   Thumb Code    70  stm32f10x_rcc.o(.text)
    RCC_GetFlagStatus                        0x080014d1   Thumb Code    56  stm32f10x_rcc.o(.text)
    RCC_WaitForHSEStartUp                    0x08001509   Thumb Code    54  stm32f10x_rcc.o(.text)
    RCC_AdjustHSICalibrationValue            0x0800153f   Thumb Code    20  stm32f10x_rcc.o(.text)
    RCC_HSICmd                               0x08001553   Thumb Code     6  stm32f10x_rcc.o(.text)
    RCC_PLLConfig                            0x08001559   Thumb Code    24  stm32f10x_rcc.o(.text)
    RCC_PLLCmd                               0x08001571   Thumb Code     6  stm32f10x_rcc.o(.text)
    RCC_SYSCLKConfig                         0x08001577   Thumb Code    18  stm32f10x_rcc.o(.text)
    RCC_GetSYSCLKSource                      0x08001589   Thumb Code    10  stm32f10x_rcc.o(.text)
    RCC_HCLKConfig                           0x08001593   Thumb Code    18  stm32f10x_rcc.o(.text)
    RCC_PCLK1Config                          0x080015a5   Thumb Code    18  stm32f10x_rcc.o(.text)
    RCC_PCLK2Config                          0x080015b7   Thumb Code    20  stm32f10x_rcc.o(.text)
    RCC_ITConfig                             0x080015cb   Thumb Code    26  stm32f10x_rcc.o(.text)
    RCC_USBCLKConfig                         0x080015e5   Thumb Code     8  stm32f10x_rcc.o(.text)
    RCC_ADCCLKConfig                         0x080015ed   Thumb Code    18  stm32f10x_rcc.o(.text)
    RCC_LSEConfig                            0x080015ff   Thumb Code    50  stm32f10x_rcc.o(.text)
    RCC_LSICmd                               0x08001631   Thumb Code     6  stm32f10x_rcc.o(.text)
    RCC_RTCCLKConfig                         0x08001637   Thumb Code    12  stm32f10x_rcc.o(.text)
    RCC_RTCCLKCmd                            0x08001643   Thumb Code     8  stm32f10x_rcc.o(.text)
    RCC_GetClocksFreq                        0x0800164b   Thumb Code   192  stm32f10x_rcc.o(.text)
    RCC_AHBPeriphClockCmd                    0x0800170b   Thumb Code    26  stm32f10x_rcc.o(.text)
    RCC_APB2PeriphClockCmd                   0x08001725   Thumb Code    26  stm32f10x_rcc.o(.text)
    RCC_APB1PeriphClockCmd                   0x0800173f   Thumb Code    26  stm32f10x_rcc.o(.text)
    RCC_APB2PeriphResetCmd                   0x08001759   Thumb Code    26  stm32f10x_rcc.o(.text)
    RCC_APB1PeriphResetCmd                   0x08001773   Thumb Code    26  stm32f10x_rcc.o(.text)
    RCC_BackupResetCmd                       0x0800178d   Thumb Code     8  stm32f10x_rcc.o(.text)
    RCC_ClockSecuritySystemCmd               0x08001795   Thumb Code     6  stm32f10x_rcc.o(.text)
    RCC_MCOConfig                            0x0800179b   Thumb Code     6  stm32f10x_rcc.o(.text)
    RCC_ClearFlag                            0x080017a1   Thumb Code    14  stm32f10x_rcc.o(.text)
    RCC_GetITStatus                          0x080017af   Thumb Code    20  stm32f10x_rcc.o(.text)
    RCC_ClearITPendingBit                    0x080017c3   Thumb Code     6  stm32f10x_rcc.o(.text)
    TIM_DeInit                               0x080017ed   Thumb Code   214  stm32f10x_tim.o(.text)
    TIM_TimeBaseInit                         0x080018c3   Thumb Code    50  stm32f10x_tim.o(.text)
    TIM_OC1Init                              0x080018f5   Thumb Code   110  stm32f10x_tim.o(.text)
    TIM_OC2Init                              0x08001963   Thumb Code   148  stm32f10x_tim.o(.text)
    TIM_OC3Init                              0x080019f7   Thumb Code   144  stm32f10x_tim.o(.text)
    TIM_OC4Init                              0x08001a87   Thumb Code   106  stm32f10x_tim.o(.text)
    TIM_SetIC4Prescaler                      0x08001af1   Thumb Code    26  stm32f10x_tim.o(.text)
    TIM_SetIC3Prescaler                      0x08001b5d   Thumb Code    18  stm32f10x_tim.o(.text)
    TIM_SetIC2Prescaler                      0x08001bb7   Thumb Code    42  stm32f10x_tim.o(.text)
    TIM_SetIC1Prescaler                      0x08001c31   Thumb Code    18  stm32f10x_tim.o(.text)
    TIM_ICInit                               0x08001c7b   Thumb Code   110  stm32f10x_tim.o(.text)
    TIM_PWMIConfig                           0x08001ce9   Thumb Code   124  stm32f10x_tim.o(.text)
    TIM_BDTRConfig                           0x08001d65   Thumb Code    32  stm32f10x_tim.o(.text)
    TIM_TimeBaseStructInit                   0x08001d85   Thumb Code    18  stm32f10x_tim.o(.text)
    TIM_OCStructInit                         0x08001d97   Thumb Code    20  stm32f10x_tim.o(.text)
    TIM_ICStructInit                         0x08001dab   Thumb Code    18  stm32f10x_tim.o(.text)
    TIM_BDTRStructInit                       0x08001dbd   Thumb Code    18  stm32f10x_tim.o(.text)
    TIM_Cmd                                  0x08001dcf   Thumb Code    24  stm32f10x_tim.o(.text)
    TIM_CtrlPWMOutputs                       0x08001de7   Thumb Code    30  stm32f10x_tim.o(.text)
    TIM_ITConfig                             0x08001e05   Thumb Code    18  stm32f10x_tim.o(.text)
    TIM_GenerateEvent                        0x08001e17   Thumb Code     4  stm32f10x_tim.o(.text)
    TIM_DMAConfig                            0x08001e1b   Thumb Code    10  stm32f10x_tim.o(.text)
    TIM_DMACmd                               0x08001e25   Thumb Code    18  stm32f10x_tim.o(.text)
    TIM_InternalClockConfig                  0x08001e37   Thumb Code    12  stm32f10x_tim.o(.text)
    TIM_SelectInputTrigger                   0x08001e43   Thumb Code    18  stm32f10x_tim.o(.text)
    TIM_ITRxExternalClockConfig              0x08001e55   Thumb Code    24  stm32f10x_tim.o(.text)
    TIM_TIxExternalClockConfig               0x08001e6d   Thumb Code    62  stm32f10x_tim.o(.text)
    TIM_ETRConfig                            0x08001eab   Thumb Code    30  stm32f10x_tim.o(.text)
    TIM_ETRClockMode1Config                  0x08001ec9   Thumb Code    54  stm32f10x_tim.o(.text)
    TIM_ETRClockMode2Config                  0x08001eff   Thumb Code    32  stm32f10x_tim.o(.text)
    TIM_PrescalerConfig                      0x08001f1f   Thumb Code     6  stm32f10x_tim.o(.text)
    TIM_CounterModeConfig                    0x08001f25   Thumb Code    18  stm32f10x_tim.o(.text)
    TIM_EncoderInterfaceConfig               0x08001f37   Thumb Code    66  stm32f10x_tim.o(.text)
    TIM_ForcedOC1Config                      0x08001f79   Thumb Code    18  stm32f10x_tim.o(.text)
    TIM_ForcedOC2Config                      0x08001f8b   Thumb Code    26  stm32f10x_tim.o(.text)
    TIM_ForcedOC3Config                      0x08001fa5   Thumb Code    18  stm32f10x_tim.o(.text)
    TIM_ForcedOC4Config                      0x08001fb7   Thumb Code    26  stm32f10x_tim.o(.text)
    TIM_ARRPreloadConfig                     0x08001fd1   Thumb Code    24  stm32f10x_tim.o(.text)
    TIM_SelectCOM                            0x08001fe9   Thumb Code    24  stm32f10x_tim.o(.text)
    TIM_SelectCCDMA                          0x08002001   Thumb Code    24  stm32f10x_tim.o(.text)
    TIM_CCPreloadControl                     0x08002019   Thumb Code    24  stm32f10x_tim.o(.text)
    TIM_OC1PreloadConfig                     0x08002031   Thumb Code    18  stm32f10x_tim.o(.text)
    TIM_OC2PreloadConfig                     0x08002043   Thumb Code    26  stm32f10x_tim.o(.text)
    TIM_OC3PreloadConfig                     0x0800205d   Thumb Code    18  stm32f10x_tim.o(.text)
    TIM_OC4PreloadConfig                     0x0800206f   Thumb Code    26  stm32f10x_tim.o(.text)
    TIM_OC1FastConfig                        0x08002089   Thumb Code    18  stm32f10x_tim.o(.text)
    TIM_OC2FastConfig                        0x0800209b   Thumb Code    26  stm32f10x_tim.o(.text)
    TIM_OC3FastConfig                        0x080020b5   Thumb Code    18  stm32f10x_tim.o(.text)
    TIM_OC4FastConfig                        0x080020c7   Thumb Code    26  stm32f10x_tim.o(.text)
    TIM_ClearOC1Ref                          0x080020e1   Thumb Code    18  stm32f10x_tim.o(.text)
    TIM_ClearOC2Ref                          0x080020f3   Thumb Code    24  stm32f10x_tim.o(.text)
    TIM_ClearOC3Ref                          0x0800210b   Thumb Code    18  stm32f10x_tim.o(.text)
    TIM_ClearOC4Ref                          0x0800211d   Thumb Code    24  stm32f10x_tim.o(.text)
    TIM_OC1PolarityConfig                    0x08002135   Thumb Code    18  stm32f10x_tim.o(.text)
    TIM_OC1NPolarityConfig                   0x08002147   Thumb Code    18  stm32f10x_tim.o(.text)
    TIM_OC2PolarityConfig                    0x08002159   Thumb Code    26  stm32f10x_tim.o(.text)
    TIM_OC2NPolarityConfig                   0x08002173   Thumb Code    26  stm32f10x_tim.o(.text)
    TIM_OC3PolarityConfig                    0x0800218d   Thumb Code    26  stm32f10x_tim.o(.text)
    TIM_OC3NPolarityConfig                   0x080021a7   Thumb Code    26  stm32f10x_tim.o(.text)
    TIM_OC4PolarityConfig                    0x080021c1   Thumb Code    26  stm32f10x_tim.o(.text)
    TIM_CCxCmd                               0x080021db   Thumb Code    26  stm32f10x_tim.o(.text)
    TIM_CCxNCmd                              0x080021f5   Thumb Code    26  stm32f10x_tim.o(.text)
    TIM_SelectOCxM                           0x0800220f   Thumb Code   134  stm32f10x_tim.o(.text)
    TIM_UpdateDisableConfig                  0x08002295   Thumb Code    24  stm32f10x_tim.o(.text)
    TIM_UpdateRequestConfig                  0x080022ad   Thumb Code    24  stm32f10x_tim.o(.text)
    TIM_SelectHallSensor                     0x080022c5   Thumb Code    24  stm32f10x_tim.o(.text)
    TIM_SelectOnePulseMode                   0x080022dd   Thumb Code    18  stm32f10x_tim.o(.text)
    TIM_SelectOutputTrigger                  0x080022ef   Thumb Code    18  stm32f10x_tim.o(.text)
    TIM_SelectSlaveMode                      0x08002301   Thumb Code    18  stm32f10x_tim.o(.text)
    TIM_SelectMasterSlaveMode                0x08002313   Thumb Code    18  stm32f10x_tim.o(.text)
    TIM_SetCounter                           0x08002325   Thumb Code     4  stm32f10x_tim.o(.text)
    TIM_SetAutoreload                        0x08002329   Thumb Code     4  stm32f10x_tim.o(.text)
    TIM_SetCompare1                          0x0800232d   Thumb Code     4  stm32f10x_tim.o(.text)
    TIM_SetCompare2                          0x08002331   Thumb Code     4  stm32f10x_tim.o(.text)
    TIM_SetCompare3                          0x08002335   Thumb Code     4  stm32f10x_tim.o(.text)
    TIM_SetCompare4                          0x08002339   Thumb Code     6  stm32f10x_tim.o(.text)
    TIM_SetClockDivision                     0x0800233f   Thumb Code    14  stm32f10x_tim.o(.text)
    TIM_GetCapture1                          0x0800234d   Thumb Code     6  stm32f10x_tim.o(.text)
    TIM_GetCapture2                          0x08002353   Thumb Code     6  stm32f10x_tim.o(.text)
    TIM_GetCapture3                          0x08002359   Thumb Code     6  stm32f10x_tim.o(.text)
    TIM_GetCapture4                          0x0800235f   Thumb Code     8  stm32f10x_tim.o(.text)
    TIM_GetCounter                           0x08002367   Thumb Code     6  stm32f10x_tim.o(.text)
    TIM_GetPrescaler                         0x0800236d   Thumb Code     6  stm32f10x_tim.o(.text)
    TIM_GetFlagStatus                        0x08002373   Thumb Code    18  stm32f10x_tim.o(.text)
    TIM_ClearFlag                            0x08002385   Thumb Code     6  stm32f10x_tim.o(.text)
    TIM_GetITStatus                          0x0800238b   Thumb Code    34  stm32f10x_tim.o(.text)
    TIM_ClearITPendingBit                    0x080023ad   Thumb Code     6  stm32f10x_tim.o(.text)
    FLASH_SetLatency                         0x080023b5   Thumb Code    22  stm32f10x_flash.o(.text)
    FLASH_HalfCycleAccessCmd                 0x080023cb   Thumb Code    22  stm32f10x_flash.o(.text)
    FLASH_PrefetchBufferCmd                  0x080023e1   Thumb Code    22  stm32f10x_flash.o(.text)
    Standard_GetConfiguration                0x080023fd   Thumb Code    34  usb_core.o(.text)
    Standard_SetConfiguration                0x0800241f   Thumb Code    60  usb_core.o(.text)
    Standard_GetInterface                    0x0800245b   Thumb Code    34  usb_core.o(.text)
    Standard_SetInterface                    0x0800247d   Thumb Code    96  usb_core.o(.text)
    Standard_GetStatus                       0x080024dd   Thumb Code   224  usb_core.o(.text)
    Standard_ClearFeature                    0x080025bd   Thumb Code   326  usb_core.o(.text)
    Standard_SetEndPointFeature              0x08002703   Thumb Code   176  usb_core.o(.text)
    Standard_SetDeviceFeature                0x080027b3   Thumb Code    30  usb_core.o(.text)
    Standard_GetDescriptorData               0x080027d1   Thumb Code    62  usb_core.o(.text)
    Post0_Process                            0x08002d2d   Thumb Code    54  usb_core.o(.text)
    Setup0_Process                           0x08002d63   Thumb Code   162  usb_core.o(.text)
    SetDeviceAddress                         0x08002e05   Thumb Code    64  usb_core.o(.text)
    In0_Process                              0x08002e45   Thumb Code    98  usb_core.o(.text)
    Out0_Process                             0x08002ea7   Thumb Code    70  usb_core.o(.text)
    NOP_Process                              0x08002eed   Thumb Code     2  usb_core.o(.text)
    USB_Init                                 0x08002f1d   Thumb Code    36  usb_init.o(.text)
    CTR_LP                                   0x08002f59   Thumb Code   774  usb_int.o(.text)
    CTR_HP                                   0x0800325f   Thumb Code   174  usb_int.o(.text)
    UserToPMABufferCopy                      0x0800332d   Thumb Code    52  usb_mem.o(.text)
    PMAToUserBufferCopy                      0x08003361   Thumb Code    34  usb_mem.o(.text)
    SetCNTR                                  0x08003389   Thumb Code     6  usb_regs.o(.text)
    GetCNTR                                  0x0800338f   Thumb Code     8  usb_regs.o(.text)
    SetISTR                                  0x08003397   Thumb Code     8  usb_regs.o(.text)
    GetISTR                                  0x0800339f   Thumb Code    10  usb_regs.o(.text)
    GetFNR                                   0x080033a9   Thumb Code    10  usb_regs.o(.text)
    SetDADDR                                 0x080033b3   Thumb Code     8  usb_regs.o(.text)
    GetDADDR                                 0x080033bb   Thumb Code    10  usb_regs.o(.text)
    SetBTABLE                                0x080033c5   Thumb Code    14  usb_regs.o(.text)
    GetBTABLE                                0x080033d3   Thumb Code    10  usb_regs.o(.text)
    SetENDPOINT                              0x080033dd   Thumb Code    12  usb_regs.o(.text)
    GetENDPOINT                              0x080033e9   Thumb Code    16  usb_regs.o(.text)
    SetEPType                                0x080033f9   Thumb Code    32  usb_regs.o(.text)
    GetEPType                                0x08003419   Thumb Code    18  usb_regs.o(.text)
    SetEPTxStatus                            0x0800342b   Thumb Code    52  usb_regs.o(.text)
    SetEPRxStatus                            0x0800345f   Thumb Code    52  usb_regs.o(.text)
    SetDouBleBuffEPStall                     0x08003493   Thumb Code    54  usb_regs.o(.text)
    GetEPTxStatus                            0x080034c9   Thumb Code    18  usb_regs.o(.text)
    GetEPRxStatus                            0x080034db   Thumb Code    18  usb_regs.o(.text)
    SetEPTxValid                             0x080034ed   Thumb Code    38  usb_regs.o(.text)
    SetEPRxValid                             0x08003513   Thumb Code    38  usb_regs.o(.text)
    SetEP_KIND                               0x08003539   Thumb Code    32  usb_regs.o(.text)
    ClearEP_KIND                             0x08003559   Thumb Code    28  usb_regs.o(.text)
    Clear_Status_Out                         0x08003575   Thumb Code    28  usb_regs.o(.text)
    Set_Status_Out                           0x08003591   Thumb Code    32  usb_regs.o(.text)
    SetEPDoubleBuff                          0x080035b1   Thumb Code    32  usb_regs.o(.text)
    ClearEPDoubleBuff                        0x080035d1   Thumb Code    28  usb_regs.o(.text)
    GetTxStallStatus                         0x080035ed   Thumb Code    28  usb_regs.o(.text)
    GetRxStallStatus                         0x08003609   Thumb Code    30  usb_regs.o(.text)
    ClearEP_CTR_RX                           0x08003627   Thumb Code    32  usb_regs.o(.text)
    ClearEP_CTR_TX                           0x08003647   Thumb Code    28  usb_regs.o(.text)
    ToggleDTOG_RX                            0x08003663   Thumb Code    32  usb_regs.o(.text)
    ToggleDTOG_TX                            0x08003683   Thumb Code    32  usb_regs.o(.text)
    ClearDTOG_RX                             0x080036a3   Thumb Code    46  usb_regs.o(.text)
    ClearDTOG_TX                             0x080036d1   Thumb Code    46  usb_regs.o(.text)
    SetEPAddress                             0x080036ff   Thumb Code    32  usb_regs.o(.text)
    GetEPAddress                             0x0800371f   Thumb Code    18  usb_regs.o(.text)
    SetEPTxAddr                              0x08003731   Thumb Code    26  usb_regs.o(.text)
    SetEPRxAddr                              0x0800374b   Thumb Code    42  usb_regs.o(.text)
    GetEPTxAddr                              0x08003775   Thumb Code    22  usb_regs.o(.text)
    GetEPRxAddr                              0x0800378b   Thumb Code    24  usb_regs.o(.text)
    SetEPTxCount                             0x080037a3   Thumb Code    20  usb_regs.o(.text)
    SetEPCountRxReg                          0x080037b7   Thumb Code    48  usb_regs.o(.text)
    SetEPRxCount                             0x080037e7   Thumb Code    68  usb_regs.o(.text)
    GetEPTxCount                             0x0800382b   Thumb Code    26  usb_regs.o(.text)
    GetEPRxCount                             0x08003845   Thumb Code    26  usb_regs.o(.text)
    SetEPDblBuffAddr                         0x0800385f   Thumb Code    44  usb_regs.o(.text)
    SetEPDblBuf0Addr                         0x0800388b   Thumb Code    24  usb_regs.o(.text)
    SetEPDblBuf1Addr                         0x080038a3   Thumb Code    26  usb_regs.o(.text)
    GetEPDblBuf0Addr                         0x080038bd   Thumb Code    22  usb_regs.o(.text)
    GetEPDblBuf1Addr                         0x080038d3   Thumb Code    24  usb_regs.o(.text)
    SetEPDblBuffCount                        0x080038eb   Thumb Code   186  usb_regs.o(.text)
    SetEPDblBuf0Count                        0x080039a5   Thumb Code    96  usb_regs.o(.text)
    SetEPDblBuf1Count                        0x08003a05   Thumb Code    96  usb_regs.o(.text)
    GetEPDblBuf0Count                        0x08003a65   Thumb Code    26  usb_regs.o(.text)
    GetEPDblBuf1Count                        0x08003a7f   Thumb Code    26  usb_regs.o(.text)
    GetEPDblBufDir                           0x08003a99   Thumb Code    62  usb_regs.o(.text)
    FreeUserBuffer                           0x08003ad7   Thumb Code    74  usb_regs.o(.text)
    ToWord                                   0x08003b21   Thumb Code     8  usb_regs.o(.text)
    ByteSwap                                 0x08003b29   Thumb Code    12  usb_regs.o(.text)
    __use_two_region_memory                  0x08003b41   Thumb Code     2  heapauxi.o(.text)
    __rt_heap_escrow$2region                 0x08003b43   Thumb Code     2  heapauxi.o(.text)
    __rt_heap_expand$2region                 0x08003b45   Thumb Code     2  heapauxi.o(.text)
    __user_setup_stackheap                   0x08003b47   Thumb Code    74  sys_stackheap_outer.o(.text)
    exit                                     0x08003b91   Thumb Code    12  exit.o(.text)
    __user_libspace                          0x08003b9d   Thumb Code     8  libspace.o(.text)
    __user_perproc_libspace                  0x08003b9d   Thumb Code     0  libspace.o(.text)
    __user_perthread_libspace                0x08003b9d   Thumb Code     0  libspace.o(.text)
    _sys_exit                                0x08003ba5   Thumb Code     8  sys_exit.o(.text)
    __I$use$semihosting                      0x08003bb1   Thumb Code     0  use_no_semi.o(.text)
    __use_no_semihosting_swi                 0x08003bb1   Thumb Code     2  use_no_semi.o(.text)
    CustomHID_DeviceDescriptor               0x08003bb2   Data          18  usb_desc.o(.constdata)
    __semihosting_library_function           0x08003bb3   Thumb Code     0  indicate_semi.o(.text)
    CustomHID_ConfigDescriptor               0x08003bc4   Data          41  usb_desc.o(.constdata)
    CustomHID_ReportDescriptor               0x08003bed   Data          61  usb_desc.o(.constdata)
    CustomHID_StringLangID                   0x08003c2a   Data           4  usb_desc.o(.constdata)
    CustomHID_StringVendor                   0x08003c2e   Data          38  usb_desc.o(.constdata)
    CustomHID_StringProduct                  0x08003c54   Data          30  usb_desc.o(.constdata)
    Region$$Table$$Base                      0x08003c88   Number         0  anon$$obj.o(Region$$Table)
    Region$$Table$$Limit                     0x08003ca8   Number         0  anon$$obj.o(Region$$Table)
    HSEStartUpStatus                         0x20000000   Data           1  hw_config.o(.data)
    USB_SBUF                                 0x20000001   Data           8  main.o(.data)
    USB_SBUF_Zero                            0x20000009   Data           8  main.o(.data)
    MsgCmd                                   0x20000011   Data           1  main.o(.data)
    CustomHID_StringSerial                   0x20000012   Data          26  usb_desc.o(.data)
    USB_ReceiveFlg                           0x2000002c   Data           1  usb_endp.o(.data)
    wIstr                                    0x20000030   Data           2  usb_istr.o(.data)
    bIntPackSOF                              0x20000032   Data           1  usb_istr.o(.data)
    pEpInt_IN                                0x20000034   Data          28  usb_istr.o(.data)
    pEpInt_OUT                               0x20000050   Data          28  usb_istr.o(.data)
    ProtocolValue                            0x2000006c   Data           4  usb_prop.o(.data)
    Device_Table                             0x20000070   Data           2  usb_prop.o(.data)
    Device_Property                          0x20000074   Data          48  usb_prop.o(.data)
    User_Standard_Requests                   0x200000a4   Data          36  usb_prop.o(.data)
    Device_Descriptor                        0x200000c8   Data           8  usb_prop.o(.data)
    Config_Descriptor                        0x200000d0   Data           8  usb_prop.o(.data)
    CustomHID_Report_Descriptor              0x200000d8   Data           8  usb_prop.o(.data)
    CustomHID_Hid_Descriptor                 0x200000e0   Data           8  usb_prop.o(.data)
    String_Descriptor                        0x200000e8   Data          32  usb_prop.o(.data)
    bDeviceState                             0x20000108   Data           4  usb_pwr.o(.data)
    fSuspendEnabled                          0x2000010c   Data           1  usb_pwr.o(.data)
    ResumeS                                  0x2000010d   Data           2  usb_pwr.o(.data)
    TimeCount                                0x2000010f   Data           1  stm32f10x_it.o(.data)
    StatusInfo                               0x20000110   Data           2  usb_core.o(.data)
    Data_Mul_MaxPacketSize                   0x20000112   Data           1  usb_core.o(.data)
    EPindex                                  0x20000114   Data           1  usb_init.o(.data)
    pInformation                             0x20000118   Data           4  usb_init.o(.data)
    pProperty                                0x2000011c   Data           4  usb_init.o(.data)
    SaveState                                0x20000120   Data           2  usb_init.o(.data)
    wInterrupt_Mask                          0x20000122   Data           2  usb_init.o(.data)
    pUser_Standard_Requests                  0x20000124   Data           4  usb_init.o(.data)
    SaveRState                               0x20000128   Data           2  usb_int.o(.data)
    SaveTState                               0x2000012a   Data           2  usb_int.o(.data)
    Key_Table                                0x2000012c   Data          80  main.o(.bss)
    Receive_Buffer                           0x2000017c   Data          22  usb_endp.o(.bss)
    Transi_Buffer                            0x20000192   Data          22  usb_endp.o(.bss)
    Device_Info                              0x200001a8   Data          28  usb_init.o(.bss)
    __libspace_start                         0x200001c4   Data          96  libspace.o(.bss)
    __temporary_stack_top$libspace           0x20000224   Data           0  libspace.o(.bss)



==============================================================================

Memory Map of the image

  Image Entry point : 0x08000131

  Load Region LR_IROM1 (Base: 0x08000000, Size: 0x00003dd4, Max: 0x00010000, ABSOLUTE, COMPRESSED[0x00003d30])

    Execution Region ER_IROM1 (Base: 0x08000000, Size: 0x00003ca8, Max: 0x00010000, ABSOLUTE)

    Base Addr    Size         Type   Attr      Idx    E Section Name        Object

    0x08000000   0x00000130   Data   RO            3    RESET               stm32f10x_vector.o
    0x08000130   0x00000008   Code   RO          450  * !!!main             c_w.l(__main.o)
    0x08000138   0x00000034   Code   RO          608    !!!scatter          c_w.l(__scatter.o)
    0x0800016c   0x0000005a   Code   RO          606    !!dczerorl2         c_w.l(__dczerorl2.o)
    0x080001c6   0x00000002   PAD
    0x080001c8   0x0000001c   Code   RO          610    !!handler_zi        c_w.l(__scatter_zi.o)
    0x080001e4   0x00000002   Code   RO          477    .ARM.Collect$$libinit$$00000000  c_w.l(libinit.o)
    0x080001e6   0x00000000   Code   RO          484    .ARM.Collect$$libinit$$00000002  c_w.l(libinit2.o)
    0x080001e6   0x00000000   Code   RO          486    .ARM.Collect$$libinit$$00000004  c_w.l(libinit2.o)
    0x080001e6   0x00000000   Code   RO          489    .ARM.Collect$$libinit$$0000000A  c_w.l(libinit2.o)
    0x080001e6   0x00000000   Code   RO          491    .ARM.Collect$$libinit$$0000000C  c_w.l(libinit2.o)
    0x080001e6   0x00000000   Code   RO          493    .ARM.Collect$$libinit$$0000000E  c_w.l(libinit2.o)
    0x080001e6   0x00000000   Code   RO          496    .ARM.Collect$$libinit$$00000011  c_w.l(libinit2.o)
    0x080001e6   0x00000000   Code   RO          498    .ARM.Collect$$libinit$$00000013  c_w.l(libinit2.o)
    0x080001e6   0x00000000   Code   RO          500    .ARM.Collect$$libinit$$00000015  c_w.l(libinit2.o)
    0x080001e6   0x00000000   Code   RO          502    .ARM.Collect$$libinit$$00000017  c_w.l(libinit2.o)
    0x080001e6   0x00000000   Code   RO          504    .ARM.Collect$$libinit$$00000019  c_w.l(libinit2.o)
    0x080001e6   0x00000000   Code   RO          506    .ARM.Collect$$libinit$$0000001B  c_w.l(libinit2.o)
    0x080001e6   0x00000000   Code   RO          508    .ARM.Collect$$libinit$$0000001D  c_w.l(libinit2.o)
    0x080001e6   0x00000000   Code   RO          510    .ARM.Collect$$libinit$$0000001F  c_w.l(libinit2.o)
    0x080001e6   0x00000000   Code   RO          512    .ARM.Collect$$libinit$$00000021  c_w.l(libinit2.o)
    0x080001e6   0x00000000   Code   RO          514    .ARM.Collect$$libinit$$00000023  c_w.l(libinit2.o)
    0x080001e6   0x00000000   Code   RO          516    .ARM.Collect$$libinit$$00000025  c_w.l(libinit2.o)
    0x080001e6   0x00000000   Code   RO          520    .ARM.Collect$$libinit$$0000002C  c_w.l(libinit2.o)
    0x080001e6   0x00000000   Code   RO          522    .ARM.Collect$$libinit$$0000002E  c_w.l(libinit2.o)
    0x080001e6   0x00000000   Code   RO          524    .ARM.Collect$$libinit$$00000030  c_w.l(libinit2.o)
    0x080001e6   0x00000000   Code   RO          526    .ARM.Collect$$libinit$$00000032  c_w.l(libinit2.o)
    0x080001e6   0x00000002   Code   RO          527    .ARM.Collect$$libinit$$00000033  c_w.l(libinit2.o)
    0x080001e8   0x00000002   Code   RO          547    .ARM.Collect$$libshutdown$$00000000  c_w.l(libshutdown.o)
    0x080001ea   0x00000000   Code   RO          561    .ARM.Collect$$libshutdown$$00000003  c_w.l(libshutdown2.o)
    0x080001ea   0x00000000   Code   RO          564    .ARM.Collect$$libshutdown$$00000006  c_w.l(libshutdown2.o)
    0x080001ea   0x00000000   Code   RO          567    .ARM.Collect$$libshutdown$$00000009  c_w.l(libshutdown2.o)
    0x080001ea   0x00000000   Code   RO          569    .ARM.Collect$$libshutdown$$0000000B  c_w.l(libshutdown2.o)
    0x080001ea   0x00000000   Code   RO          572    .ARM.Collect$$libshutdown$$0000000E  c_w.l(libshutdown2.o)
    0x080001ea   0x00000002   Code   RO          573    .ARM.Collect$$libshutdown$$0000000F  c_w.l(libshutdown2.o)
    0x080001ec   0x00000000   Code   RO          452    .ARM.Collect$$rtentry$$00000000  c_w.l(__rtentry.o)
    0x080001ec   0x00000000   Code   RO          454    .ARM.Collect$$rtentry$$00000002  c_w.l(__rtentry2.o)
    0x080001ec   0x00000006   Code   RO          466    .ARM.Collect$$rtentry$$00000004  c_w.l(__rtentry4.o)
    0x080001f2   0x00000000   Code   RO          456    .ARM.Collect$$rtentry$$00000009  c_w.l(__rtentry2.o)
    0x080001f2   0x00000004   Code   RO          457    .ARM.Collect$$rtentry$$0000000A  c_w.l(__rtentry2.o)
    0x080001f6   0x00000000   Code   RO          459    .ARM.Collect$$rtentry$$0000000C  c_w.l(__rtentry2.o)
    0x080001f6   0x00000008   Code   RO          460    .ARM.Collect$$rtentry$$0000000D  c_w.l(__rtentry2.o)
    0x080001fe   0x00000002   Code   RO          481    .ARM.Collect$$rtexit$$00000000  c_w.l(rtexit.o)
    0x08000200   0x00000000   Code   RO          529    .ARM.Collect$$rtexit$$00000002  c_w.l(rtexit2.o)
    0x08000200   0x00000004   Code   RO          530    .ARM.Collect$$rtexit$$00000003  c_w.l(rtexit2.o)
    0x08000204   0x00000006   Code   RO          531    .ARM.Collect$$rtexit$$00000004  c_w.l(rtexit2.o)
    0x0800020a   0x00000002   PAD
    0x0800020c   0x00000024   Code   RO            4    .text               stm32f10x_vector.o
    0x08000230   0x0000007a   Code   RO           10    .text               cortexm3_macro.o
    0x080002aa   0x00000002   PAD
    0x080002ac   0x000002b0   Code   RO           13    .text               hw_config.o
    0x0800055c   0x000001c8   Code   RO          127    .text               main.o
    0x08000724   0x00000068   Code   RO          178    .text               usb_endp.o
    0x0800078c   0x000000f8   Code   RO          198    .text               usb_istr.o
    0x08000884   0x00000284   Code   RO          224    .text               usb_prop.o
    0x08000b08   0x00000148   Code   RO          247    .text               usb_pwr.o
    0x08000c50   0x000000f4   Code   RO          265    .text               stm32f10x_it.o
    0x08000d44   0x00000330   Code   RO          286    .text               stm32f10x_gpio.o
    0x08001074   0x000003d8   Code   RO          298    .text               stm32f10x_nvic.o
    0x0800144c   0x000003a0   Code   RO          310    .text               stm32f10x_rcc.o
    0x080017ec   0x00000bc6   Code   RO          324    .text               stm32f10x_tim.o
    0x080023b2   0x00000002   PAD
    0x080023b4   0x00000048   Code   RO          336    .text               stm32f10x_flash.o
    0x080023fc   0x00000b20   Code   RO          360    .text               usb_core.o
    0x08002f1c   0x0000003c   Code   RO          375    .text               usb_init.o
    0x08002f58   0x000003d4   Code   RO          398    .text               usb_int.o
    0x0800332c   0x0000005c   Code   RO          422    .text               usb_mem.o
    0x08003388   0x000007b8   Code   RO          434    .text               usb_regs.o
    0x08003b40   0x00000006   Code   RO          448    .text               c_w.l(heapauxi.o)
    0x08003b46   0x0000004a   Code   RO          468    .text               c_w.l(sys_stackheap_outer.o)
    0x08003b90   0x0000000c   Code   RO          470    .text               c_w.l(exit.o)
    0x08003b9c   0x00000008   Code   RO          478    .text               c_w.l(libspace.o)
    0x08003ba4   0x0000000c   Code   RO          539    .text               c_w.l(sys_exit.o)
    0x08003bb0   0x00000002   Code   RO          550    .text               c_w.l(use_no_semi.o)
    0x08003bb2   0x00000000   Code   RO          552    .text               c_w.l(indicate_semi.o)
    0x08003bb2   0x000000c0   Data   RO          150    .constdata          usb_desc.o
    0x08003c72   0x00000014   Data   RO          311    .constdata          stm32f10x_rcc.o
    0x08003c86   0x00000002   PAD
    0x08003c88   0x00000020   Data   RO          604    Region$$Table       anon$$obj.o


    Execution Region RW_IRAM1 (Base: 0x20000000, Size: 0x00000a28, Max: 0x00005000, ABSOLUTE, COMPRESSED[0x00000088])

    Base Addr    Size         Type   Attr      Idx    E Section Name        Object

    0x20000000   0x00000001   Data   RW           14    .data               hw_config.o
    0x20000001   0x00000011   Data   RW          129    .data               main.o
    0x20000012   0x0000001a   Data   RW          151    .data               usb_desc.o
    0x2000002c   0x00000001   Data   RW          180    .data               usb_endp.o
    0x2000002d   0x00000003   PAD
    0x20000030   0x0000003c   Data   RW          199    .data               usb_istr.o
    0x2000006c   0x0000009c   Data   RW          225    .data               usb_prop.o
    0x20000108   0x00000007   Data   RW          248    .data               usb_pwr.o
    0x2000010f   0x00000001   Data   RW          266    .data               stm32f10x_it.o
    0x20000110   0x00000003   Data   RW          361    .data               usb_core.o
    0x20000113   0x00000001   PAD
    0x20000114   0x00000014   Data   RW          377    .data               usb_init.o
    0x20000128   0x00000004   Data   RW          399    .data               usb_int.o
    0x2000012c   0x00000050   Zero   RW          128    .bss                main.o
    0x2000017c   0x0000002c   Zero   RW          179    .bss                usb_endp.o
    0x200001a8   0x0000001c   Zero   RW          376    .bss                usb_init.o
    0x200001c4   0x00000060   Zero   RW          479    .bss                c_w.l(libspace.o)
    0x20000224   0x00000004   PAD
    0x20000228   0x00000400   Zero   RW            2    HEAP                stm32f10x_vector.o
    0x20000628   0x00000400   Zero   RW            1    STACK               stm32f10x_vector.o


==============================================================================

Image component sizes


      Code (inc. data)   RO Data    RW Data    ZI Data      Debug   Object Name

       122          0          0          0          0        360   cortexm3_macro.o
       688         36          0          1          0     227312   hw_config.o
       456         18          0         17         80       3003   main.o
        72          6          0          0          0        876   stm32f10x_flash.o
       816         18          0          0          0       5151   stm32f10x_gpio.o
       244         14          0          1          0       7954   stm32f10x_it.o
       984         30          0          0          0       7156   stm32f10x_nvic.o
       928         36         20          0          0       8712   stm32f10x_rcc.o
      3014         16          0          0          0      23584   stm32f10x_tim.o
        36         22        304          0       2048        404   stm32f10x_vector.o
      2848        112          0          3          0       8043   usb_core.o
         0          0        192         26          0      12260   usb_desc.o
       104         12          0          1         44       1598   usb_endp.o
        60         24          0         20         28       4066   usb_init.o
       980         32          0          4          0       1848   usb_int.o
       248         26          0         60          0       1340   usb_istr.o
        92          6          0          0          0       1378   usb_mem.o
       644         52          0        156          0       7667   usb_prop.o
       328         22          0          7          0       2597   usb_pwr.o
      1976         26          0          0          0      11621   usb_regs.o

    ----------------------------------------------------------------------
     14644        508        550        300       2200     336930   Object Totals
         0          0         32          0          0          0   (incl. Generated)
         4          0          2          4          0          0   (incl. Padding)

    ----------------------------------------------------------------------

      Code (inc. data)   RO Data    RW Data    ZI Data      Debug   Library Member Name

        90          0          0          0          0          0   __dczerorl2.o
         8          0          0          0          0         68   __main.o
         0          0          0          0          0          0   __rtentry.o
        12          0          0          0          0          0   __rtentry2.o
         6          0          0          0          0          0   __rtentry4.o
        52          8          0          0          0          0   __scatter.o
        28          0          0          0          0          0   __scatter_zi.o
        12          0          0          0          0         72   exit.o
         6          0          0          0          0        152   heapauxi.o
         0          0          0          0          0          0   indicate_semi.o
         2          0          0          0          0          0   libinit.o
         2          0          0          0          0          0   libinit2.o
         2          0          0          0          0          0   libshutdown.o
         2          0          0          0          0          0   libshutdown2.o
         8          4          0          0         96         68   libspace.o
         2          0          0          0          0          0   rtexit.o
        10          0          0          0          0          0   rtexit2.o
        12          4          0          0          0         68   sys_exit.o
        74          0          0          0          0         80   sys_stackheap_outer.o
         2          0          0          0          0         68   use_no_semi.o

    ----------------------------------------------------------------------
       334         16          0          0        100        576   Library Totals
         4          0          0          0          4          0   (incl. Padding)

    ----------------------------------------------------------------------

      Code (inc. data)   RO Data    RW Data    ZI Data      Debug   Library Name

       330         16          0          0         96        576   c_w.l

    ----------------------------------------------------------------------
       334         16          0          0        100        576   Library Totals

    ----------------------------------------------------------------------

==============================================================================


      Code (inc. data)   RO Data    RW Data    ZI Data      Debug   

     14978        524        550        300       2300     335682   Grand Totals
     14978        524        550        136       2300     335682   ELF Image Totals (compressed)
     14978        524        550        136          0          0   ROM Totals

==============================================================================

    Total RO  Size (Code + RO Data)                15528 (  15.16kB)
    Total RW  Size (RW Data + ZI Data)              2600 (   2.54kB)
    Total ROM Size (Code + RO Data + RW Data)      15664 (  15.30kB)

==============================================================================

