<html>
<body>
<pre>
<h1>µVision Build Log</h1>
<h2>Project:</h2>
D:\MyDesign2\STM32\MyProject\MyUSB_HID_Test2\MyUSB_HID_Test2.uvproj
Project File Date:  06/17/2010

<h2>Output:</h2>
Build target 'Target 1'
assembling stm32f10x_vector.s...
assembling cortexm3_macro.s...
compiling hw_config.c...
compiling main.c...
compiling usb_desc.c...
compiling usb_endp.c...
compiling usb_istr.c...
compiling usb_prop.c...
compiling usb_pwr.c...
compiling stm32f10x_it.c...
compiling stm32f10x_gpio.c...
compiling stm32f10x_nvic.c...
compiling stm32f10x_rcc.c...
compiling stm32f10x_tim.c...
compiling stm32f10x_flash.c...
compiling stm32f10x_bkp.c...
compiling stm32f10x_exti.c...
compiling usb_core.c...
compiling usb_init.c...
compiling usb_int.c...
compiling usb_mem.c...
compiling usb_regs.c...
linking...
Program Size: Code=14490 RO-data=490 RW-data=288 ZI-data=2216  
"MyUSB_HID_Test2.axf" - 0 Error(s), 0 Warning(s).
Build target 'Target 1'
assembling stm32f10x_vector.s...
assembling cortexm3_macro.s...
compiling hw_config.c...
compiling main.c...
compiling usb_desc.c...
compiling usb_endp.c...
compiling usb_istr.c...
compiling usb_prop.c...
compiling usb_pwr.c...
compiling stm32f10x_it.c...
compiling stm32f10x_gpio.c...
compiling stm32f10x_nvic.c...
compiling stm32f10x_rcc.c...
compiling stm32f10x_tim.c...
compiling stm32f10x_flash.c...
compiling stm32f10x_bkp.c...
compiling stm32f10x_exti.c...
compiling usb_core.c...
compiling usb_init.c...
compiling usb_int.c...
compiling usb_mem.c...
compiling usb_regs.c...
linking...
Program Size: Code=14490 RO-data=490 RW-data=288 ZI-data=2216  
"MyUSB_HID_Test2.axf" - 0 Error(s), 0 Warning(s).
Load "D:\\MyDesign2\\STM32\\MyProject\\MyUSB_HID_Test2\\MyUSB_HID_Test2.AXF" 
Build target 'Target 1'
assembling stm32f10x_vector.s...
assembling cortexm3_macro.s...
compiling hw_config.c...
compiling main.c...
compiling usb_desc.c...
compiling usb_endp.c...
compiling usb_istr.c...
compiling usb_prop.c...
compiling usb_pwr.c...
compiling stm32f10x_it.c...
compiling stm32f10x_gpio.c...
compiling stm32f10x_nvic.c...
compiling stm32f10x_rcc.c...
compiling stm32f10x_tim.c...
compiling stm32f10x_flash.c...
compiling stm32f10x_bkp.c...
compiling stm32f10x_exti.c...
compiling usb_core.c...
compiling usb_init.c...
compiling usb_int.c...
compiling usb_mem.c...
compiling usb_regs.c...
linking...
Program Size: Code=14490 RO-data=490 RW-data=288 ZI-data=2216  
".\Output\MyUSB_HID_Test2.axf" - 0 Error(s), 0 Warning(s).
Build target 'Target 1'
assembling stm32f10x_vector.s...
assembling cortexm3_macro.s...
compiling hw_config.c...
compiling main.c...
compiling usb_desc.c...
compiling usb_endp.c...
compiling usb_istr.c...
compiling usb_prop.c...
compiling usb_pwr.c...
compiling stm32f10x_it.c...
compiling stm32f10x_gpio.c...
compiling stm32f10x_nvic.c...
compiling stm32f10x_rcc.c...
compiling stm32f10x_tim.c...
compiling stm32f10x_flash.c...
compiling stm32f10x_bkp.c...
compiling stm32f10x_exti.c...
compiling usb_core.c...
compiling usb_init.c...
compiling usb_int.c...
compiling usb_mem.c...
compiling usb_regs.c...
linking...
Program Size: Code=14490 RO-data=490 RW-data=288 ZI-data=2216  
".\Output\MyUSB_HID_Test2.axf" - 0 Error(s), 0 Warning(s).
Build target 'Target 1'
assembling stm32f10x_vector.s...
assembling cortexm3_macro.s...
compiling hw_config.c...
compiling main.c...
compiling usb_desc.c...
compiling usb_endp.c...
compiling usb_istr.c...
compiling usb_prop.c...
compiling usb_pwr.c...
compiling stm32f10x_it.c...
compiling stm32f10x_gpio.c...
compiling stm32f10x_nvic.c...
compiling stm32f10x_rcc.c...
compiling stm32f10x_tim.c...
compiling stm32f10x_flash.c...
compiling stm32f10x_bkp.c...
compiling stm32f10x_exti.c...
compiling usb_core.c...
compiling usb_init.c...
compiling usb_int.c...
compiling usb_mem.c...
compiling usb_regs.c...
linking...
Program Size: Code=14490 RO-data=490 RW-data=288 ZI-data=2216  
".\Output\MyUSB_HID_Test2.axf" - 0 Error(s), 0 Warning(s).
Build target 'Target 1'
assembling stm32f10x_vector.s...
assembling cortexm3_macro.s...
compiling hw_config.c...
compiling main.c...
compiling usb_desc.c...
compiling usb_endp.c...
compiling usb_istr.c...
compiling usb_prop.c...
compiling usb_pwr.c...
compiling stm32f10x_it.c...
compiling stm32f10x_gpio.c...
compiling stm32f10x_nvic.c...
compiling stm32f10x_rcc.c...
compiling stm32f10x_tim.c...
compiling stm32f10x_flash.c...
compiling stm32f10x_bkp.c...
compiling stm32f10x_exti.c...
compiling usb_core.c...
compiling usb_init.c...
compiling usb_int.c...
compiling usb_mem.c...
compiling usb_regs.c...
linking...
Program Size: Code=14490 RO-data=490 RW-data=288 ZI-data=2216  
".\Output\MyUSB_HID_Test2.axf" - 0 Error(s), 0 Warning(s).
Build target 'Target 1'
assembling stm32f10x_vector.s...
assembling cortexm3_macro.s...
compiling hw_config.c...
compiling main.c...
compiling usb_desc.c...
compiling usb_endp.c...
compiling usb_istr.c...
compiling usb_prop.c...
compiling usb_pwr.c...
compiling stm32f10x_it.c...
compiling stm32f10x_gpio.c...
compiling stm32f10x_nvic.c...
compiling stm32f10x_rcc.c...
compiling stm32f10x_tim.c...
compiling stm32f10x_flash.c...
compiling stm32f10x_bkp.c...
compiling stm32f10x_exti.c...
compiling usb_core.c...
compiling usb_init.c...
compiling usb_int.c...
compiling usb_mem.c...
compiling usb_regs.c...
linking...
Program Size: Code=14490 RO-data=490 RW-data=288 ZI-data=2216  
".\Output\MyUSB_HID_Test2.axf" - 0 Error(s), 0 Warning(s).
