Component: ARM Compiler 5.05 update 1 (build 106) Tool: armlink [4d0efa]

==============================================================================

Section Cross References

    main.o(.text) refers to ult.o(.text) for Systick_Init
    main.o(.text) refers to device.o(.text) for NVIC_Configuration
    main.o(.text) refers to spi2.o(.text) for WIZ_SPI_Init
    main.o(.text) refers to usart.o(.text) for USART1_Init
    main.o(.text) refers to 24c16.o(.text) for at24c16_init
    main.o(.text) refers to w5500.o(.text) for setkeepalive
    main.o(.text) refers to printf3.o(i.__0printf$3) for __2printf
    main.o(.text) refers to socket.o(.text) for listen
    main.o(.text) refers to memseta.o(.text) for __aeabi_memclr
    main.o(.text) refers to main.o(.bss) for buffer
    main.o(.text) refers to usart.o(.data) for USART_RX_STA
    main.o(.text) refers to usart.o(.bss) for USART_RX_BUF
    startup_stm32f10x_ld.o(RESET) refers to startup_stm32f10x_ld.o(STACK) for __initial_sp
    startup_stm32f10x_ld.o(RESET) refers to startup_stm32f10x_ld.o(.text) for Reset_Handler
    startup_stm32f10x_ld.o(RESET) refers to stm32f10x_it.o(.text) for NMI_Handler
    startup_stm32f10x_ld.o(RESET) refers to usart.o(.text) for USART1_IRQHandler
    startup_stm32f10x_ld.o(.text) refers to system_stm32f10x.o(.text) for SystemInit
    startup_stm32f10x_ld.o(.text) refers to entry.o(.ARM.Collect$$$$00000000) for __main
    system_stm32f10x.o(.text) refers to system_stm32f10x.o(.data) for SystemCoreClock
    stm32f10x_bkp.o(.text) refers to stm32f10x_rcc.o(.text) for RCC_BackupResetCmd
    stm32f10x_gpio.o(.text) refers to stm32f10x_rcc.o(.text) for RCC_APB2PeriphResetCmd
    stm32f10x_i2c.o(.text) refers to stm32f10x_rcc.o(.text) for RCC_APB1PeriphResetCmd
    stm32f10x_spi.o(.text) refers to stm32f10x_rcc.o(.text) for RCC_APB2PeriphResetCmd
    stm32f10x_tim.o(.text) refers to stm32f10x_rcc.o(.text) for RCC_APB2PeriphResetCmd
    stm32f10x_usart.o(.text) refers to stm32f10x_rcc.o(.text) for RCC_APB2PeriphResetCmd
    stm32f10x_rcc.o(.text) refers to stm32f10x_rcc.o(.data) for APBAHBPrescTable
    stm32f10x_adc.o(.text) refers to stm32f10x_rcc.o(.text) for RCC_APB2PeriphResetCmd
    stm32f10x_can.o(.text) refers to stm32f10x_rcc.o(.text) for RCC_APB1PeriphResetCmd
    stm32f10x_cec.o(.text) refers to stm32f10x_rcc.o(.text) for RCC_APB1PeriphResetCmd
    stm32f10x_dac.o(.text) refers to stm32f10x_rcc.o(.text) for RCC_APB1PeriphResetCmd
    stm32f10x_pwr.o(.text) refers to stm32f10x_rcc.o(.text) for RCC_APB1PeriphResetCmd
    stm32f10x_wwdg.o(.text) refers to stm32f10x_rcc.o(.text) for RCC_APB1PeriphResetCmd
    24c16.o(.text) refers to stm32f10x_rcc.o(.text) for RCC_APB2PeriphClockCmd
    24c16.o(.text) refers to stm32f10x_gpio.o(.text) for GPIO_Init
    24c16.o(.text) refers to ult.o(.text) for Delay_us
    device.o(.text) refers to stm32f10x_rcc.o(.text) for RCC_APB2PeriphClockCmd
    device.o(.text) refers to stm32f10x_gpio.o(.text) for GPIO_Init
    device.o(.text) refers to ult.o(.text) for Delay_us
    device.o(.text) refers to w5500.o(.text) for setSHAR
    device.o(.text) refers to printf3.o(i.__0printf$3) for __2printf
    device.o(.text) refers to 24c16.o(.text) for at24c16_write
    device.o(.text) refers to misc.o(.text) for NVIC_PriorityGroupConfig
    device.o(.text) refers to device.o(.bss) for ConfigMsg
    device.o(.text) refers to device.o(.data) for rxsize
    md5.o(.text) refers to memseta.o(.text) for __aeabi_memclr4
    md5.o(.text) refers to memcpya.o(.text) for __aeabi_memcpy
    md5.o(.text) refers to md5.o(.data) for padding
    socket.o(.text) refers to w5500.o(.text) for IINCHIP_WRITE
    socket.o(.text) refers to printf3.o(i.__0printf$3) for __2printf
    socket.o(.text) refers to socket.o(.data) for local_port
    spi2.o(.text) refers to stm32f10x_rcc.o(.text) for RCC_APB1PeriphClockCmd
    spi2.o(.text) refers to stm32f10x_gpio.o(.text) for GPIO_Init
    spi2.o(.text) refers to stm32f10x_spi.o(.text) for SPI_Init
    ult.o(.text) refers to memseta.o(.text) for __aeabi_memset
    ult.o(.text) refers to strstr.o(.text) for strstr
    ult.o(.text) refers to strlen.o(.text) for strlen
    ult.o(.text) refers to strncpy.o(.text) for strncpy
    ult.o(.text) refers to strcpy.o(.text) for strcpy
    ult.o(.text) refers to strtok.o(.text) for strtok
    ult.o(.text) refers to ult.o(.data) for fac_us
    w5500.o(.text) refers to spi2.o(.text) for WIZ_CS
    w5500.o(.text) refers to printf3.o(i.__0printf$3) for __2printf
    w5500.o(.text) refers to w5500.o(.bss) for RSIZE
    usart.o(.text) refers to stm32f10x_rcc.o(.text) for RCC_APB2PeriphClockCmd
    usart.o(.text) refers to stm32f10x_gpio.o(.text) for GPIO_Init
    usart.o(.text) refers to stm32f10x_usart.o(.text) for USART_ITConfig
    usart.o(.text) refers to usart.o(.data) for USART_RX_STA
    usart.o(.text) refers to usart.o(.bss) for USART_RX_BUF
    entry.o(.ARM.Collect$$$$00000000) refers (Special) to entry10a.o(.ARM.Collect$$$$0000000D) for __rt_final_cpp
    entry.o(.ARM.Collect$$$$00000000) refers (Special) to entry11a.o(.ARM.Collect$$$$0000000F) for __rt_final_exit
    entry.o(.ARM.Collect$$$$00000000) refers (Special) to entry7b.o(.ARM.Collect$$$$00000008) for _main_clock
    entry.o(.ARM.Collect$$$$00000000) refers (Special) to entry8b.o(.ARM.Collect$$$$0000000A) for _main_cpp_init
    entry.o(.ARM.Collect$$$$00000000) refers (Special) to entry9a.o(.ARM.Collect$$$$0000000B) for _main_init
    entry.o(.ARM.Collect$$$$00000000) refers (Special) to entry5.o(.ARM.Collect$$$$00000004) for _main_scatterload
    entry.o(.ARM.Collect$$$$00000000) refers (Special) to entry2.o(.ARM.Collect$$$$00000001) for _main_stk
    strtok.o(.text) refers to strtok.o(.data) for .data
    strtok_r.o(.text) refers to strtok_r.o(.data) for .data
    printfb.o(i.__0fprintf$bare) refers to printfb.o(i._printf_core) for _printf_core
    printfb.o(i.__0fprintf$bare) refers to usart.o(.text) for fputc
    printfb.o(i.__0printf$bare) refers to printfb.o(i._printf_core) for _printf_core
    printfb.o(i.__0printf$bare) refers to usart.o(.text) for fputc
    printfb.o(i.__0printf$bare) refers to stdout.o(.data) for __stdout
    printfb.o(i.__0snprintf$bare) refers to printfb.o(i._printf_core) for _printf_core
    printfb.o(i.__0snprintf$bare) refers to printfb.o(i._snputc) for _snputc
    printfb.o(i.__0sprintf$bare) refers to printfb.o(i._printf_core) for _printf_core
    printfb.o(i.__0sprintf$bare) refers to printfb.o(i._sputc) for _sputc
    printfb.o(i.__0vfprintf$bare) refers to printfb.o(i._printf_core) for _printf_core
    printfb.o(i.__0vfprintf$bare) refers to usart.o(.text) for fputc
    printfb.o(i.__0vprintf$bare) refers to printfb.o(i._printf_core) for _printf_core
    printfb.o(i.__0vprintf$bare) refers to usart.o(.text) for fputc
    printfb.o(i.__0vprintf$bare) refers to stdout.o(.data) for __stdout
    printfb.o(i.__0vsnprintf$bare) refers to printfb.o(i._printf_core) for _printf_core
    printfb.o(i.__0vsnprintf$bare) refers to printfb.o(i._snputc) for _snputc
    printfb.o(i.__0vsprintf$bare) refers to printfb.o(i._printf_core) for _printf_core
    printfb.o(i.__0vsprintf$bare) refers to printfb.o(i._sputc) for _sputc
    printf0.o(i.__0fprintf$0) refers to printf0.o(i._printf_core) for _printf_core
    printf0.o(i.__0fprintf$0) refers to usart.o(.text) for fputc
    printf0.o(i.__0printf$0) refers to printf0.o(i._printf_core) for _printf_core
    printf0.o(i.__0printf$0) refers to usart.o(.text) for fputc
    printf0.o(i.__0printf$0) refers to stdout.o(.data) for __stdout
    printf0.o(i.__0snprintf$0) refers to printf0.o(i._printf_core) for _printf_core
    printf0.o(i.__0snprintf$0) refers to printf0.o(i._snputc) for _snputc
    printf0.o(i.__0sprintf$0) refers to printf0.o(i._printf_core) for _printf_core
    printf0.o(i.__0sprintf$0) refers to printf0.o(i._sputc) for _sputc
    printf0.o(i.__0vfprintf$0) refers to printf0.o(i._printf_core) for _printf_core
    printf0.o(i.__0vfprintf$0) refers to usart.o(.text) for fputc
    printf0.o(i.__0vprintf$0) refers to printf0.o(i._printf_core) for _printf_core
    printf0.o(i.__0vprintf$0) refers to usart.o(.text) for fputc
    printf0.o(i.__0vprintf$0) refers to stdout.o(.data) for __stdout
    printf0.o(i.__0vsnprintf$0) refers to printf0.o(i._printf_core) for _printf_core
    printf0.o(i.__0vsnprintf$0) refers to printf0.o(i._snputc) for _snputc
    printf0.o(i.__0vsprintf$0) refers to printf0.o(i._printf_core) for _printf_core
    printf0.o(i.__0vsprintf$0) refers to printf0.o(i._sputc) for _sputc
    printf1.o(i.__0fprintf$1) refers to printf1.o(i._printf_core) for _printf_core
    printf1.o(i.__0fprintf$1) refers to usart.o(.text) for fputc
    printf1.o(i.__0printf$1) refers to printf1.o(i._printf_core) for _printf_core
    printf1.o(i.__0printf$1) refers to usart.o(.text) for fputc
    printf1.o(i.__0printf$1) refers to stdout.o(.data) for __stdout
    printf1.o(i.__0snprintf$1) refers to printf1.o(i._printf_core) for _printf_core
    printf1.o(i.__0snprintf$1) refers to printf1.o(i._snputc) for _snputc
    printf1.o(i.__0sprintf$1) refers to printf1.o(i._printf_core) for _printf_core
    printf1.o(i.__0sprintf$1) refers to printf1.o(i._sputc) for _sputc
    printf1.o(i.__0vfprintf$1) refers to printf1.o(i._printf_core) for _printf_core
    printf1.o(i.__0vfprintf$1) refers to usart.o(.text) for fputc
    printf1.o(i.__0vprintf$1) refers to printf1.o(i._printf_core) for _printf_core
    printf1.o(i.__0vprintf$1) refers to usart.o(.text) for fputc
    printf1.o(i.__0vprintf$1) refers to stdout.o(.data) for __stdout
    printf1.o(i.__0vsnprintf$1) refers to printf1.o(i._printf_core) for _printf_core
    printf1.o(i.__0vsnprintf$1) refers to printf1.o(i._snputc) for _snputc
    printf1.o(i.__0vsprintf$1) refers to printf1.o(i._printf_core) for _printf_core
    printf1.o(i.__0vsprintf$1) refers to printf1.o(i._sputc) for _sputc
    printf1.o(i._printf_core) refers to uidiv.o(.text) for __aeabi_uidivmod
    printf2.o(i.__0fprintf$2) refers to printf2.o(i._printf_core) for _printf_core
    printf2.o(i.__0fprintf$2) refers to usart.o(.text) for fputc
    printf2.o(i.__0printf$2) refers to printf2.o(i._printf_core) for _printf_core
    printf2.o(i.__0printf$2) refers to usart.o(.text) for fputc
    printf2.o(i.__0printf$2) refers to stdout.o(.data) for __stdout
    printf2.o(i.__0snprintf$2) refers to printf2.o(i._printf_core) for _printf_core
    printf2.o(i.__0snprintf$2) refers to printf2.o(i._snputc) for _snputc
    printf2.o(i.__0sprintf$2) refers to printf2.o(i._printf_core) for _printf_core
    printf2.o(i.__0sprintf$2) refers to printf2.o(i._sputc) for _sputc
    printf2.o(i.__0vfprintf$2) refers to printf2.o(i._printf_core) for _printf_core
    printf2.o(i.__0vfprintf$2) refers to usart.o(.text) for fputc
    printf2.o(i.__0vprintf$2) refers to printf2.o(i._printf_core) for _printf_core
    printf2.o(i.__0vprintf$2) refers to usart.o(.text) for fputc
    printf2.o(i.__0vprintf$2) refers to stdout.o(.data) for __stdout
    printf2.o(i.__0vsnprintf$2) refers to printf2.o(i._printf_core) for _printf_core
    printf2.o(i.__0vsnprintf$2) refers to printf2.o(i._snputc) for _snputc
    printf2.o(i.__0vsprintf$2) refers to printf2.o(i._printf_core) for _printf_core
    printf2.o(i.__0vsprintf$2) refers to printf2.o(i._sputc) for _sputc
    printf3.o(i.__0fprintf$3) refers to printf3.o(i._printf_core) for _printf_core
    printf3.o(i.__0fprintf$3) refers to usart.o(.text) for fputc
    printf3.o(i.__0printf$3) refers to printf3.o(i._printf_core) for _printf_core
    printf3.o(i.__0printf$3) refers to usart.o(.text) for fputc
    printf3.o(i.__0printf$3) refers to stdout.o(.data) for __stdout
    printf3.o(i.__0snprintf$3) refers to printf3.o(i._printf_core) for _printf_core
    printf3.o(i.__0snprintf$3) refers to printf3.o(i._snputc) for _snputc
    printf3.o(i.__0sprintf$3) refers to printf3.o(i._printf_core) for _printf_core
    printf3.o(i.__0sprintf$3) refers to printf3.o(i._sputc) for _sputc
    printf3.o(i.__0vfprintf$3) refers to printf3.o(i._printf_core) for _printf_core
    printf3.o(i.__0vfprintf$3) refers to usart.o(.text) for fputc
    printf3.o(i.__0vprintf$3) refers to printf3.o(i._printf_core) for _printf_core
    printf3.o(i.__0vprintf$3) refers to usart.o(.text) for fputc
    printf3.o(i.__0vprintf$3) refers to stdout.o(.data) for __stdout
    printf3.o(i.__0vsnprintf$3) refers to printf3.o(i._printf_core) for _printf_core
    printf3.o(i.__0vsnprintf$3) refers to printf3.o(i._snputc) for _snputc
    printf3.o(i.__0vsprintf$3) refers to printf3.o(i._printf_core) for _printf_core
    printf3.o(i.__0vsprintf$3) refers to printf3.o(i._sputc) for _sputc
    printf3.o(i._printf_core) refers to uidiv.o(.text) for __aeabi_uidivmod
    printf4.o(i.__0fprintf$4) refers to printf4.o(i._printf_core) for _printf_core
    printf4.o(i.__0fprintf$4) refers to usart.o(.text) for fputc
    printf4.o(i.__0printf$4) refers to printf4.o(i._printf_core) for _printf_core
    printf4.o(i.__0printf$4) refers to usart.o(.text) for fputc
    printf4.o(i.__0printf$4) refers to stdout.o(.data) for __stdout
    printf4.o(i.__0snprintf$4) refers to printf4.o(i._printf_core) for _printf_core
    printf4.o(i.__0snprintf$4) refers to printf4.o(i._snputc) for _snputc
    printf4.o(i.__0sprintf$4) refers to printf4.o(i._printf_core) for _printf_core
    printf4.o(i.__0sprintf$4) refers to printf4.o(i._sputc) for _sputc
    printf4.o(i.__0vfprintf$4) refers to printf4.o(i._printf_core) for _printf_core
    printf4.o(i.__0vfprintf$4) refers to usart.o(.text) for fputc
    printf4.o(i.__0vprintf$4) refers to printf4.o(i._printf_core) for _printf_core
    printf4.o(i.__0vprintf$4) refers to usart.o(.text) for fputc
    printf4.o(i.__0vprintf$4) refers to stdout.o(.data) for __stdout
    printf4.o(i.__0vsnprintf$4) refers to printf4.o(i._printf_core) for _printf_core
    printf4.o(i.__0vsnprintf$4) refers to printf4.o(i._snputc) for _snputc
    printf4.o(i.__0vsprintf$4) refers to printf4.o(i._printf_core) for _printf_core
    printf4.o(i.__0vsprintf$4) refers to printf4.o(i._sputc) for _sputc
    printf4.o(i._printf_core) refers to uldiv.o(.text) for __aeabi_uldivmod
    printf5.o(i.__0fprintf$5) refers to printf5.o(i._printf_core) for _printf_core
    printf5.o(i.__0fprintf$5) refers to usart.o(.text) for fputc
    printf5.o(i.__0printf$5) refers to printf5.o(i._printf_core) for _printf_core
    printf5.o(i.__0printf$5) refers to usart.o(.text) for fputc
    printf5.o(i.__0printf$5) refers to stdout.o(.data) for __stdout
    printf5.o(i.__0snprintf$5) refers to printf5.o(i._printf_core) for _printf_core
    printf5.o(i.__0snprintf$5) refers to printf5.o(i._snputc) for _snputc
    printf5.o(i.__0sprintf$5) refers to printf5.o(i._printf_core) for _printf_core
    printf5.o(i.__0sprintf$5) refers to printf5.o(i._sputc) for _sputc
    printf5.o(i.__0vfprintf$5) refers to printf5.o(i._printf_core) for _printf_core
    printf5.o(i.__0vfprintf$5) refers to usart.o(.text) for fputc
    printf5.o(i.__0vprintf$5) refers to printf5.o(i._printf_core) for _printf_core
    printf5.o(i.__0vprintf$5) refers to usart.o(.text) for fputc
    printf5.o(i.__0vprintf$5) refers to stdout.o(.data) for __stdout
    printf5.o(i.__0vsnprintf$5) refers to printf5.o(i._printf_core) for _printf_core
    printf5.o(i.__0vsnprintf$5) refers to printf5.o(i._snputc) for _snputc
    printf5.o(i.__0vsprintf$5) refers to printf5.o(i._printf_core) for _printf_core
    printf5.o(i.__0vsprintf$5) refers to printf5.o(i._sputc) for _sputc
    printf5.o(i._printf_core) refers to uldiv.o(.text) for __aeabi_uldivmod
    printf6.o(i.__0fprintf$6) refers to printf6.o(i._printf_core) for _printf_core
    printf6.o(i.__0fprintf$6) refers to usart.o(.text) for fputc
    printf6.o(i.__0printf$6) refers to printf6.o(i._printf_core) for _printf_core
    printf6.o(i.__0printf$6) refers to usart.o(.text) for fputc
    printf6.o(i.__0printf$6) refers to stdout.o(.data) for __stdout
    printf6.o(i.__0snprintf$6) refers to printf6.o(i._printf_core) for _printf_core
    printf6.o(i.__0snprintf$6) refers to printf6.o(i._snputc) for _snputc
    printf6.o(i.__0sprintf$6) refers to printf6.o(i._printf_core) for _printf_core
    printf6.o(i.__0sprintf$6) refers to printf6.o(i._sputc) for _sputc
    printf6.o(i.__0vfprintf$6) refers to printf6.o(i._printf_core) for _printf_core
    printf6.o(i.__0vfprintf$6) refers to usart.o(.text) for fputc
    printf6.o(i.__0vprintf$6) refers to printf6.o(i._printf_core) for _printf_core
    printf6.o(i.__0vprintf$6) refers to usart.o(.text) for fputc
    printf6.o(i.__0vprintf$6) refers to stdout.o(.data) for __stdout
    printf6.o(i.__0vsnprintf$6) refers to printf6.o(i._printf_core) for _printf_core
    printf6.o(i.__0vsnprintf$6) refers to printf6.o(i._snputc) for _snputc
    printf6.o(i.__0vsprintf$6) refers to printf6.o(i._printf_core) for _printf_core
    printf6.o(i.__0vsprintf$6) refers to printf6.o(i._sputc) for _sputc
    printf6.o(i._printf_core) refers to printf6.o(i._printf_pre_padding) for _printf_pre_padding
    printf6.o(i._printf_core) refers to uidiv.o(.text) for __aeabi_uidivmod
    printf6.o(i._printf_core) refers to printf6.o(i._printf_post_padding) for _printf_post_padding
    printf7.o(i.__0fprintf$7) refers to printf7.o(i._printf_core) for _printf_core
    printf7.o(i.__0fprintf$7) refers to usart.o(.text) for fputc
    printf7.o(i.__0printf$7) refers to printf7.o(i._printf_core) for _printf_core
    printf7.o(i.__0printf$7) refers to usart.o(.text) for fputc
    printf7.o(i.__0printf$7) refers to stdout.o(.data) for __stdout
    printf7.o(i.__0snprintf$7) refers to printf7.o(i._printf_core) for _printf_core
    printf7.o(i.__0snprintf$7) refers to printf7.o(i._snputc) for _snputc
    printf7.o(i.__0sprintf$7) refers to printf7.o(i._printf_core) for _printf_core
    printf7.o(i.__0sprintf$7) refers to printf7.o(i._sputc) for _sputc
    printf7.o(i.__0vfprintf$7) refers to printf7.o(i._printf_core) for _printf_core
    printf7.o(i.__0vfprintf$7) refers to usart.o(.text) for fputc
    printf7.o(i.__0vprintf$7) refers to printf7.o(i._printf_core) for _printf_core
    printf7.o(i.__0vprintf$7) refers to usart.o(.text) for fputc
    printf7.o(i.__0vprintf$7) refers to stdout.o(.data) for __stdout
    printf7.o(i.__0vsnprintf$7) refers to printf7.o(i._printf_core) for _printf_core
    printf7.o(i.__0vsnprintf$7) refers to printf7.o(i._snputc) for _snputc
    printf7.o(i.__0vsprintf$7) refers to printf7.o(i._printf_core) for _printf_core
    printf7.o(i.__0vsprintf$7) refers to printf7.o(i._sputc) for _sputc
    printf7.o(i._printf_core) refers to printf7.o(i._printf_pre_padding) for _printf_pre_padding
    printf7.o(i._printf_core) refers to uldiv.o(.text) for __aeabi_uldivmod
    printf7.o(i._printf_core) refers to printf7.o(i._printf_post_padding) for _printf_post_padding
    printf8.o(i.__0fprintf$8) refers to printf8.o(i._printf_core) for _printf_core
    printf8.o(i.__0fprintf$8) refers to usart.o(.text) for fputc
    printf8.o(i.__0printf$8) refers to printf8.o(i._printf_core) for _printf_core
    printf8.o(i.__0printf$8) refers to usart.o(.text) for fputc
    printf8.o(i.__0printf$8) refers to stdout.o(.data) for __stdout
    printf8.o(i.__0snprintf$8) refers to printf8.o(i._printf_core) for _printf_core
    printf8.o(i.__0snprintf$8) refers to printf8.o(i._snputc) for _snputc
    printf8.o(i.__0sprintf$8) refers to printf8.o(i._printf_core) for _printf_core
    printf8.o(i.__0sprintf$8) refers to printf8.o(i._sputc) for _sputc
    printf8.o(i.__0vfprintf$8) refers to printf8.o(i._printf_core) for _printf_core
    printf8.o(i.__0vfprintf$8) refers to usart.o(.text) for fputc
    printf8.o(i.__0vprintf$8) refers to printf8.o(i._printf_core) for _printf_core
    printf8.o(i.__0vprintf$8) refers to usart.o(.text) for fputc
    printf8.o(i.__0vprintf$8) refers to stdout.o(.data) for __stdout
    printf8.o(i.__0vsnprintf$8) refers to printf8.o(i._printf_core) for _printf_core
    printf8.o(i.__0vsnprintf$8) refers to printf8.o(i._snputc) for _snputc
    printf8.o(i.__0vsprintf$8) refers to printf8.o(i._printf_core) for _printf_core
    printf8.o(i.__0vsprintf$8) refers to printf8.o(i._sputc) for _sputc
    printf8.o(i._printf_core) refers to printf8.o(i._printf_pre_padding) for _printf_pre_padding
    printf8.o(i._printf_core) refers to uldiv.o(.text) for __aeabi_uldivmod
    printf8.o(i._printf_core) refers to printf8.o(i._printf_post_padding) for _printf_post_padding
    printfa.o(i.__0fprintf) refers (Special) to iusefp.o(.text) for __I$use$fp
    printfa.o(i.__0fprintf) refers to printfa.o(i._printf_core) for _printf_core
    printfa.o(i.__0fprintf) refers to usart.o(.text) for fputc
    printfa.o(i.__0printf) refers (Special) to iusefp.o(.text) for __I$use$fp
    printfa.o(i.__0printf) refers to printfa.o(i._printf_core) for _printf_core
    printfa.o(i.__0printf) refers to usart.o(.text) for fputc
    printfa.o(i.__0printf) refers to stdout.o(.data) for __stdout
    printfa.o(i.__0snprintf) refers (Special) to iusefp.o(.text) for __I$use$fp
    printfa.o(i.__0snprintf) refers to printfa.o(i._printf_core) for _printf_core
    printfa.o(i.__0snprintf) refers to printfa.o(i._snputc) for _snputc
    printfa.o(i.__0sprintf) refers (Special) to iusefp.o(.text) for __I$use$fp
    printfa.o(i.__0sprintf) refers to printfa.o(i._printf_core) for _printf_core
    printfa.o(i.__0sprintf) refers to printfa.o(i._sputc) for _sputc
    printfa.o(i.__0vfprintf) refers (Special) to iusefp.o(.text) for __I$use$fp
    printfa.o(i.__0vfprintf) refers to printfa.o(i._printf_core) for _printf_core
    printfa.o(i.__0vfprintf) refers to usart.o(.text) for fputc
    printfa.o(i.__0vprintf) refers (Special) to iusefp.o(.text) for __I$use$fp
    printfa.o(i.__0vprintf) refers to printfa.o(i._printf_core) for _printf_core
    printfa.o(i.__0vprintf) refers to usart.o(.text) for fputc
    printfa.o(i.__0vprintf) refers to stdout.o(.data) for __stdout
    printfa.o(i.__0vsnprintf) refers (Special) to iusefp.o(.text) for __I$use$fp
    printfa.o(i.__0vsnprintf) refers to printfa.o(i._printf_core) for _printf_core
    printfa.o(i.__0vsnprintf) refers to printfa.o(i._snputc) for _snputc
    printfa.o(i.__0vsprintf) refers (Special) to iusefp.o(.text) for __I$use$fp
    printfa.o(i.__0vsprintf) refers to printfa.o(i._printf_core) for _printf_core
    printfa.o(i.__0vsprintf) refers to printfa.o(i._sputc) for _sputc
    printfa.o(i._fp_digits) refers (Special) to iusefp.o(.text) for __I$use$fp
    printfa.o(i._fp_digits) refers to dmul.o(.text) for __aeabi_dmul
    printfa.o(i._fp_digits) refers to ddiv.o(.text) for __aeabi_ddiv
    printfa.o(i._fp_digits) refers to cdrcmple.o(.text) for __aeabi_cdrcmple
    printfa.o(i._fp_digits) refers to dadd.o(.text) for __aeabi_dadd
    printfa.o(i._fp_digits) refers to dfixul.o(.text) for __aeabi_d2ulz
    printfa.o(i._fp_digits) refers to uldiv.o(.text) for __aeabi_uldivmod
    printfa.o(i._printf_core) refers (Special) to iusefp.o(.text) for __I$use$fp
    printfa.o(i._printf_core) refers to printfa.o(i._printf_pre_padding) for _printf_pre_padding
    printfa.o(i._printf_core) refers to uldiv.o(.text) for __aeabi_uldivmod
    printfa.o(i._printf_core) refers to printfa.o(i._printf_post_padding) for _printf_post_padding
    printfa.o(i._printf_core) refers to printfa.o(i._fp_digits) for _fp_digits
    printfa.o(i._printf_core) refers to uidiv.o(.text) for __aeabi_uidivmod
    printfa.o(i._printf_post_padding) refers (Special) to iusefp.o(.text) for __I$use$fp
    printfa.o(i._printf_pre_padding) refers (Special) to iusefp.o(.text) for __I$use$fp
    printfa.o(i._snputc) refers (Special) to iusefp.o(.text) for __I$use$fp
    printfa.o(i._sputc) refers (Special) to iusefp.o(.text) for __I$use$fp
    entry2.o(.ARM.Collect$$$$00000001) refers to entry2.o(.ARM.Collect$$$$00002712) for __lit__00000000
    entry2.o(.ARM.Collect$$$$00002712) refers to startup_stm32f10x_ld.o(STACK) for __initial_sp
    entry2.o(__vectab_stack_and_reset_area) refers to startup_stm32f10x_ld.o(STACK) for __initial_sp
    entry2.o(__vectab_stack_and_reset_area) refers to entry.o(.ARM.Collect$$$$00000000) for __main
    entry5.o(.ARM.Collect$$$$00000004) refers to init.o(.text) for __scatterload
    entry9a.o(.ARM.Collect$$$$0000000B) refers to main.o(.text) for main
    entry9b.o(.ARM.Collect$$$$0000000C) refers to main.o(.text) for main
    uldiv.o(.text) refers to llushr.o(.text) for __aeabi_llsr
    uldiv.o(.text) refers to llshl.o(.text) for __aeabi_llsl
    dadd.o(.text) refers to llshl.o(.text) for __aeabi_llsl
    dadd.o(.text) refers to llsshr.o(.text) for __aeabi_lasr
    dadd.o(.text) refers to depilogue.o(.text) for _double_epilogue
    dmul.o(.text) refers to depilogue.o(.text) for _double_epilogue
    ddiv.o(.text) refers to depilogue.o(.text) for _double_round
    dfixul.o(.text) refers to llushr.o(.text) for __aeabi_llsr
    dfixul.o(.text) refers to llshl.o(.text) for __aeabi_llsl
    init.o(.text) refers to entry5.o(.ARM.Collect$$$$00000004) for __main_after_scatterload
    depilogue.o(.text) refers to llshl.o(.text) for __aeabi_llsl
    depilogue.o(.text) refers to llushr.o(.text) for __aeabi_llsr


==============================================================================

Removing Unused input sections from the image.

    Removing core_cm3.o(.emb_text), (32 bytes).
    Removing startup_stm32f10x_ld.o(HEAP), (512 bytes).
    Removing stm32f10x_bkp.o(.text), (196 bytes).
    Removing stm32f10x_dma.o(.text), (596 bytes).
    Removing stm32f10x_exti.o(.text), (284 bytes).
    Removing stm32f10x_flash.o(.text), (1468 bytes).
    Removing stm32f10x_i2c.o(.text), (1028 bytes).
    Removing stm32f10x_tim.o(.text), (3610 bytes).
    Removing stm32f10x_adc.o(.text), (1102 bytes).
    Removing stm32f10x_can.o(.text), (2544 bytes).
    Removing stm32f10x_cec.o(.text), (288 bytes).
    Removing stm32f10x_crc.o(.text), (72 bytes).
    Removing stm32f10x_dac.o(.text), (396 bytes).
    Removing stm32f10x_dbgmcu.o(.text), (48 bytes).
    Removing stm32f10x_fsmc.o(.text), (1548 bytes).
    Removing stm32f10x_iwdg.o(.text), (64 bytes).
    Removing stm32f10x_pwr.o(.text), (204 bytes).
    Removing stm32f10x_rtc.o(.text), (328 bytes).
    Removing stm32f10x_sdio.o(.text), (468 bytes).
    Removing stm32f10x_wwdg.o(.text), (136 bytes).
    Removing md5.o(.text), (2564 bytes).
    Removing md5.o(.data), (64 bytes).
    Removing dadd.o(.text), (334 bytes).
    Removing dmul.o(.text), (228 bytes).
    Removing ddiv.o(.text), (222 bytes).
    Removing dfixul.o(.text), (48 bytes).
    Removing cdrcmple.o(.text), (48 bytes).
    Removing depilogue.o(.text), (186 bytes).

28 unused section(s) (total 18618 bytes) removed from the image.

==============================================================================

Image Symbol Table

    Local Symbols

    Symbol Name                              Value     Ov Type        Size  Object(Section)

    ../clib/microlib/division.c              0x00000000   Number         0  uldiv.o ABSOLUTE
    ../clib/microlib/division.c              0x00000000   Number         0  uidiv.o ABSOLUTE
    ../clib/microlib/init/entry.s            0x00000000   Number         0  entry8b.o ABSOLUTE
    ../clib/microlib/init/entry.s            0x00000000   Number         0  entry8a.o ABSOLUTE
    ../clib/microlib/init/entry.s            0x00000000   Number         0  entry11b.o ABSOLUTE
    ../clib/microlib/init/entry.s            0x00000000   Number         0  entry2.o ABSOLUTE
    ../clib/microlib/init/entry.s            0x00000000   Number         0  entry11a.o ABSOLUTE
    ../clib/microlib/init/entry.s            0x00000000   Number         0  entry7b.o ABSOLUTE
    ../clib/microlib/init/entry.s            0x00000000   Number         0  entry7a.o ABSOLUTE
    ../clib/microlib/init/entry.s            0x00000000   Number         0  entry10b.o ABSOLUTE
    ../clib/microlib/init/entry.s            0x00000000   Number         0  entry.o ABSOLUTE
    ../clib/microlib/init/entry.s            0x00000000   Number         0  entry10a.o ABSOLUTE
    ../clib/microlib/init/entry.s            0x00000000   Number         0  entry5.o ABSOLUTE
    ../clib/microlib/init/entry.s            0x00000000   Number         0  entry9b.o ABSOLUTE
    ../clib/microlib/init/entry.s            0x00000000   Number         0  entry9a.o ABSOLUTE
    ../clib/microlib/longlong.c              0x00000000   Number         0  llushr.o ABSOLUTE
    ../clib/microlib/longlong.c              0x00000000   Number         0  llsshr.o ABSOLUTE
    ../clib/microlib/longlong.c              0x00000000   Number         0  llshl.o ABSOLUTE
    ../clib/microlib/printf/printf.c         0x00000000   Number         0  printf5.o ABSOLUTE
    ../clib/microlib/printf/printf.c         0x00000000   Number         0  printf0.o ABSOLUTE
    ../clib/microlib/printf/printf.c         0x00000000   Number         0  printf6.o ABSOLUTE
    ../clib/microlib/printf/printf.c         0x00000000   Number         0  printf7.o ABSOLUTE
    ../clib/microlib/printf/printf.c         0x00000000   Number         0  printf2.o ABSOLUTE
    ../clib/microlib/printf/printf.c         0x00000000   Number         0  printf4.o ABSOLUTE
    ../clib/microlib/printf/printf.c         0x00000000   Number         0  printf3.o ABSOLUTE
    ../clib/microlib/printf/printf.c         0x00000000   Number         0  printfb.o ABSOLUTE
    ../clib/microlib/printf/printf.c         0x00000000   Number         0  printf1.o ABSOLUTE
    ../clib/microlib/printf/printf.c         0x00000000   Number         0  printfa.o ABSOLUTE
    ../clib/microlib/printf/printf.c         0x00000000   Number         0  printf8.o ABSOLUTE
    ../clib/microlib/printf/stubs.s          0x00000000   Number         0  stubs.o ABSOLUTE
    ../clib/microlib/stdio/streams.c         0x00000000   Number         0  stdout.o ABSOLUTE
    ../clib/microlib/string/memcpy.c         0x00000000   Number         0  memcpyb.o ABSOLUTE
    ../clib/microlib/string/memcpy.c         0x00000000   Number         0  memcpya.o ABSOLUTE
    ../clib/microlib/string/memset.c         0x00000000   Number         0  memseta.o ABSOLUTE
    ../clib/microlib/string/strcpy.c         0x00000000   Number         0  strcpy.o ABSOLUTE
    ../clib/microlib/string/strlen.c         0x00000000   Number         0  strlen.o ABSOLUTE
    ../clib/microlib/string/strncpy.c        0x00000000   Number         0  strncpy.o ABSOLUTE
    ../clib/microlib/string/strstr.c         0x00000000   Number         0  strstr.o ABSOLUTE
    ../clib/microlib/string/strtok.c         0x00000000   Number         0  strtok.o ABSOLUTE
    ../clib/microlib/string/strtok.c         0x00000000   Number         0  strtok_r.o ABSOLUTE
    ../clib/microlib/stubs.s                 0x00000000   Number         0  iusefp.o ABSOLUTE
    ../fplib/microlib/fpadd.c                0x00000000   Number         0  dadd.o ABSOLUTE
    ../fplib/microlib/fpdiv.c                0x00000000   Number         0  ddiv.o ABSOLUTE
    ../fplib/microlib/fpepilogue.c           0x00000000   Number         0  depilogue.o ABSOLUTE
    ../fplib/microlib/fpfix.c                0x00000000   Number         0  dfixul.o ABSOLUTE
    ../fplib/microlib/fpmul.c                0x00000000   Number         0  dmul.o ABSOLUTE
    User\main.c                              0x00000000   Number         0  main.o ABSOLUTE
    User\stm32f10x_it.c                      0x00000000   Number         0  stm32f10x_it.o ABSOLUTE
    cdrcmple.s                               0x00000000   Number         0  cdrcmple.o ABSOLUTE
    dc.s                                     0x00000000   Number         0  dc.o ABSOLUTE
    flib\src\misc.c                          0x00000000   Number         0  misc.o ABSOLUTE
    flib\src\stm32f10x_adc.c                 0x00000000   Number         0  stm32f10x_adc.o ABSOLUTE
    flib\src\stm32f10x_bkp.c                 0x00000000   Number         0  stm32f10x_bkp.o ABSOLUTE
    flib\src\stm32f10x_can.c                 0x00000000   Number         0  stm32f10x_can.o ABSOLUTE
    flib\src\stm32f10x_cec.c                 0x00000000   Number         0  stm32f10x_cec.o ABSOLUTE
    flib\src\stm32f10x_crc.c                 0x00000000   Number         0  stm32f10x_crc.o ABSOLUTE
    flib\src\stm32f10x_dac.c                 0x00000000   Number         0  stm32f10x_dac.o ABSOLUTE
    flib\src\stm32f10x_dbgmcu.c              0x00000000   Number         0  stm32f10x_dbgmcu.o ABSOLUTE
    flib\src\stm32f10x_dma.c                 0x00000000   Number         0  stm32f10x_dma.o ABSOLUTE
    flib\src\stm32f10x_exti.c                0x00000000   Number         0  stm32f10x_exti.o ABSOLUTE
    flib\src\stm32f10x_flash.c               0x00000000   Number         0  stm32f10x_flash.o ABSOLUTE
    flib\src\stm32f10x_fsmc.c                0x00000000   Number         0  stm32f10x_fsmc.o ABSOLUTE
    flib\src\stm32f10x_gpio.c                0x00000000   Number         0  stm32f10x_gpio.o ABSOLUTE
    flib\src\stm32f10x_i2c.c                 0x00000000   Number         0  stm32f10x_i2c.o ABSOLUTE
    flib\src\stm32f10x_iwdg.c                0x00000000   Number         0  stm32f10x_iwdg.o ABSOLUTE
    flib\src\stm32f10x_pwr.c                 0x00000000   Number         0  stm32f10x_pwr.o ABSOLUTE
    flib\src\stm32f10x_rcc.c                 0x00000000   Number         0  stm32f10x_rcc.o ABSOLUTE
    flib\src\stm32f10x_rtc.c                 0x00000000   Number         0  stm32f10x_rtc.o ABSOLUTE
    flib\src\stm32f10x_sdio.c                0x00000000   Number         0  stm32f10x_sdio.o ABSOLUTE
    flib\src\stm32f10x_spi.c                 0x00000000   Number         0  stm32f10x_spi.o ABSOLUTE
    flib\src\stm32f10x_tim.c                 0x00000000   Number         0  stm32f10x_tim.o ABSOLUTE
    flib\src\stm32f10x_usart.c               0x00000000   Number         0  stm32f10x_usart.o ABSOLUTE
    flib\src\stm32f10x_wwdg.c                0x00000000   Number         0  stm32f10x_wwdg.o ABSOLUTE
    handlers.s                               0x00000000   Number         0  handlers.o ABSOLUTE
    init.s                                   0x00000000   Number         0  init.o ABSOLUTE
    system\\core_cm3.c                       0x00000000   Number         0  core_cm3.o ABSOLUTE
    system\core_cm3.c                        0x00000000   Number         0  core_cm3.o ABSOLUTE
    system\startup_stm32f10x_ld.s            0x00000000   Number         0  startup_stm32f10x_ld.o ABSOLUTE
    system\system_stm32f10x.c                0x00000000   Number         0  system_stm32f10x.o ABSOLUTE
    word\24c02\24c16.c                       0x00000000   Number         0  24c16.o ABSOLUTE
    word\device\device.c                     0x00000000   Number         0  device.o ABSOLUTE
    word\md5\md5.c                           0x00000000   Number         0  md5.o ABSOLUTE
    word\socket\socket.c                     0x00000000   Number         0  socket.o ABSOLUTE
    word\spi\spi2.c                          0x00000000   Number         0  spi2.o ABSOLUTE
    word\ult\ult.c                           0x00000000   Number         0  ult.o ABSOLUTE
    word\usart\usart.c                       0x00000000   Number         0  usart.o ABSOLUTE
    word\w5500\w5500.c                       0x00000000   Number         0  w5500.o ABSOLUTE
    RESET                                    0x08000000   Section      236  startup_stm32f10x_ld.o(RESET)
    .ARM.Collect$$$$00000000                 0x080000ec   Section        0  entry.o(.ARM.Collect$$$$00000000)
    .ARM.Collect$$$$00000001                 0x080000ec   Section        4  entry2.o(.ARM.Collect$$$$00000001)
    .ARM.Collect$$$$00000004                 0x080000f0   Section        4  entry5.o(.ARM.Collect$$$$00000004)
    .ARM.Collect$$$$00000008                 0x080000f4   Section        0  entry7b.o(.ARM.Collect$$$$00000008)
    .ARM.Collect$$$$0000000A                 0x080000f4   Section        0  entry8b.o(.ARM.Collect$$$$0000000A)
    .ARM.Collect$$$$0000000B                 0x080000f4   Section        8  entry9a.o(.ARM.Collect$$$$0000000B)
    .ARM.Collect$$$$0000000D                 0x080000fc   Section        0  entry10a.o(.ARM.Collect$$$$0000000D)
    .ARM.Collect$$$$0000000F                 0x080000fc   Section        0  entry11a.o(.ARM.Collect$$$$0000000F)
    .ARM.Collect$$$$00002712                 0x080000fc   Section        4  entry2.o(.ARM.Collect$$$$00002712)
    __lit__00000000                          0x080000fc   Data           4  entry2.o(.ARM.Collect$$$$00002712)
    .text                                    0x08000100   Section        0  main.o(.text)
    .text                                    0x0800024c   Section        0  stm32f10x_it.o(.text)
    .text                                    0x08000268   Section       36  startup_stm32f10x_ld.o(.text)
    .text                                    0x0800028c   Section        0  system_stm32f10x.o(.text)
    SetSysClockTo72                          0x0800028d   Thumb Code   214  system_stm32f10x.o(.text)
    SetSysClock                              0x08000363   Thumb Code     8  system_stm32f10x.o(.text)
    .text                                    0x0800046c   Section        0  misc.o(.text)
    .text                                    0x08000548   Section        0  stm32f10x_gpio.o(.text)
    .text                                    0x080008a4   Section        0  stm32f10x_spi.o(.text)
    .text                                    0x08000bb0   Section        0  stm32f10x_usart.o(.text)
    .text                                    0x08000fb8   Section        0  stm32f10x_rcc.o(.text)
    .text                                    0x0800135c   Section        0  24c16.o(.text)
    .text                                    0x080015d4   Section        0  device.o(.text)
    .text                                    0x080018ac   Section        0  socket.o(.text)
    .text                                    0x08001f38   Section        0  spi2.o(.text)
    .text                                    0x08002034   Section        0  ult.o(.text)
    .text                                    0x080022e0   Section        0  w5500.o(.text)
    .text                                    0x08002888   Section        0  usart.o(.text)
    .text                                    0x080029f0   Section        0  memseta.o(.text)
    .text                                    0x08002a14   Section        0  strstr.o(.text)
    .text                                    0x08002a38   Section        0  strncpy.o(.text)
    .text                                    0x08002a50   Section        0  strlen.o(.text)
    .text                                    0x08002a5e   Section        0  strcpy.o(.text)
    .text                                    0x08002a70   Section        0  strtok.o(.text)
    .text                                    0x08002ab4   Section        0  uidiv.o(.text)
    .text                                    0x08002ae0   Section       36  init.o(.text)
    i.__0printf$3                            0x08002b04   Section        0  printf3.o(i.__0printf$3)
    i.__scatterload_copy                     0x08002b24   Section       14  handlers.o(i.__scatterload_copy)
    i.__scatterload_null                     0x08002b32   Section        2  handlers.o(i.__scatterload_null)
    i.__scatterload_zeroinit                 0x08002b34   Section       14  handlers.o(i.__scatterload_zeroinit)
    i._printf_core                           0x08002b44   Section        0  printf3.o(i._printf_core)
    _printf_core                             0x08002b45   Thumb Code   436  printf3.o(i._printf_core)
    .data                                    0x20000000   Section       20  system_stm32f10x.o(.data)
    .data                                    0x20000014   Section       20  stm32f10x_rcc.o(.data)
    APBAHBPrescTable                         0x20000014   Data          16  stm32f10x_rcc.o(.data)
    ADCPrescTable                            0x20000024   Data           4  stm32f10x_rcc.o(.data)
    .data                                    0x20000028   Section       16  device.o(.data)
    .data                                    0x20000038   Section        2  socket.o(.data)
    local_port                               0x20000038   Data           2  socket.o(.data)
    .data                                    0x2000003a   Section        4  ult.o(.data)
    fac_us                                   0x2000003a   Data           1  ult.o(.data)
    fac_ms                                   0x2000003c   Data           2  ult.o(.data)
    .data                                    0x2000003e   Section        2  usart.o(.data)
    .data                                    0x20000040   Section        4  strtok.o(.data)
    state                                    0x20000040   Data           4  strtok.o(.data)
    .data                                    0x20000044   Section        4  stdout.o(.data)
    .bss                                     0x20000048   Section     2048  main.o(.bss)
    .bss                                     0x20000848   Section     1526  device.o(.bss)
    .bss                                     0x20000e3e   Section       32  w5500.o(.bss)
    SSIZE                                    0x20000e3e   Data          16  w5500.o(.bss)
    RSIZE                                    0x20000e4e   Data          16  w5500.o(.bss)
    .bss                                     0x20000e5e   Section      200  usart.o(.bss)
    STACK                                    0x20000f28   Section     1024  startup_stm32f10x_ld.o(STACK)

    Global Symbols

    Symbol Name                              Value     Ov Type        Size  Object(Section)

    BuildAttributes$$THM_ISAv4$P$D$K$B$S$PE$A:L22UL41UL21$X:L11$S22US41US21$IEEE1$IW$USESV6$~STKCKD$USESV7$~SHL$OSPACE$ROPI$EBA8$MICROLIB$REQ8$PRES8$EABIv2 0x00000000   Number         0  anon$$obj.o ABSOLUTE
    __ARM_use_no_argv                        0x00000000   Number         0  main.o ABSOLUTE
    _printf_a                                0x00000000   Number         0  stubs.o ABSOLUTE
    _printf_c                                0x00000000   Number         0  stubs.o ABSOLUTE
    _printf_charcount                        0x00000000   Number         0  stubs.o ABSOLUTE
    _printf_d                                0x00000000   Number         0  stubs.o ABSOLUTE
    _printf_e                                0x00000000   Number         0  stubs.o ABSOLUTE
    _printf_f                                0x00000000   Number         0  stubs.o ABSOLUTE
    _printf_flags                            0x00000000   Number         0  stubs.o ABSOLUTE
    _printf_fp_dec                           0x00000000   Number         0  stubs.o ABSOLUTE
    _printf_fp_hex                           0x00000000   Number         0  stubs.o ABSOLUTE
    _printf_g                                0x00000000   Number         0  stubs.o ABSOLUTE
    _printf_i                                0x00000000   Number         0  stubs.o ABSOLUTE
    _printf_int_dec                          0x00000000   Number         0  stubs.o ABSOLUTE
    _printf_l                                0x00000000   Number         0  stubs.o ABSOLUTE
    _printf_lc                               0x00000000   Number         0  stubs.o ABSOLUTE
    _printf_ll                               0x00000000   Number         0  stubs.o ABSOLUTE
    _printf_lld                              0x00000000   Number         0  stubs.o ABSOLUTE
    _printf_lli                              0x00000000   Number         0  stubs.o ABSOLUTE
    _printf_llo                              0x00000000   Number         0  stubs.o ABSOLUTE
    _printf_llu                              0x00000000   Number         0  stubs.o ABSOLUTE
    _printf_llx                              0x00000000   Number         0  stubs.o ABSOLUTE
    _printf_longlong_dec                     0x00000000   Number         0  stubs.o ABSOLUTE
    _printf_longlong_hex                     0x00000000   Number         0  stubs.o ABSOLUTE
    _printf_longlong_oct                     0x00000000   Number         0  stubs.o ABSOLUTE
    _printf_ls                               0x00000000   Number         0  stubs.o ABSOLUTE
    _printf_mbtowc                           0x00000000   Number         0  stubs.o ABSOLUTE
    _printf_n                                0x00000000   Number         0  stubs.o ABSOLUTE
    _printf_o                                0x00000000   Number         0  stubs.o ABSOLUTE
    _printf_p                                0x00000000   Number         0  stubs.o ABSOLUTE
    _printf_percent                          0x00000000   Number         0  stubs.o ABSOLUTE
    _printf_pre_padding                      0x00000000   Number         0  stubs.o ABSOLUTE
    _printf_return_value                     0x00000000   Number         0  stubs.o ABSOLUTE
    _printf_s                                0x00000000   Number         0  stubs.o ABSOLUTE
    _printf_sizespec                         0x00000000   Number         0  stubs.o ABSOLUTE
    _printf_str                              0x00000000   Number         0  stubs.o ABSOLUTE
    _printf_truncate_signed                  0x00000000   Number         0  stubs.o ABSOLUTE
    _printf_truncate_unsigned                0x00000000   Number         0  stubs.o ABSOLUTE
    _printf_u                                0x00000000   Number         0  stubs.o ABSOLUTE
    _printf_wc                               0x00000000   Number         0  stubs.o ABSOLUTE
    _printf_wctomb                           0x00000000   Number         0  stubs.o ABSOLUTE
    _printf_widthprec                        0x00000000   Number         0  stubs.o ABSOLUTE
    _printf_x                                0x00000000   Number         0  stubs.o ABSOLUTE
    __cpp_initialize__aeabi_                  - Undefined Weak Reference
    __cxa_finalize                            - Undefined Weak Reference
    __decompress                              - Undefined Weak Reference
    _clock_init                               - Undefined Weak Reference
    _microlib_exit                            - Undefined Weak Reference
    __Vectors_Size                           0x000000ec   Number         0  startup_stm32f10x_ld.o ABSOLUTE
    __Vectors                                0x08000000   Data           4  startup_stm32f10x_ld.o(RESET)
    __Vectors_End                            0x080000ec   Data           0  startup_stm32f10x_ld.o(RESET)
    __main                                   0x080000ed   Thumb Code     0  entry.o(.ARM.Collect$$$$00000000)
    _main_stk                                0x080000ed   Thumb Code     0  entry2.o(.ARM.Collect$$$$00000001)
    _main_scatterload                        0x080000f1   Thumb Code     0  entry5.o(.ARM.Collect$$$$00000004)
    __main_after_scatterload                 0x080000f5   Thumb Code     0  entry5.o(.ARM.Collect$$$$00000004)
    _main_clock                              0x080000f5   Thumb Code     0  entry7b.o(.ARM.Collect$$$$00000008)
    _main_cpp_init                           0x080000f5   Thumb Code     0  entry8b.o(.ARM.Collect$$$$0000000A)
    _main_init                               0x080000f5   Thumb Code     0  entry9a.o(.ARM.Collect$$$$0000000B)
    __rt_final_cpp                           0x080000fd   Thumb Code     0  entry10a.o(.ARM.Collect$$$$0000000D)
    __rt_final_exit                          0x080000fd   Thumb Code     0  entry11a.o(.ARM.Collect$$$$0000000F)
    main                                     0x08000101   Thumb Code   234  main.o(.text)
    NMI_Handler                              0x0800024d   Thumb Code     2  stm32f10x_it.o(.text)
    HardFault_Handler                        0x0800024f   Thumb Code     4  stm32f10x_it.o(.text)
    MemManage_Handler                        0x08000253   Thumb Code     4  stm32f10x_it.o(.text)
    BusFault_Handler                         0x08000257   Thumb Code     4  stm32f10x_it.o(.text)
    UsageFault_Handler                       0x0800025b   Thumb Code     4  stm32f10x_it.o(.text)
    SVC_Handler                              0x0800025f   Thumb Code     2  stm32f10x_it.o(.text)
    DebugMon_Handler                         0x08000261   Thumb Code     2  stm32f10x_it.o(.text)
    PendSV_Handler                           0x08000263   Thumb Code     2  stm32f10x_it.o(.text)
    SysTick_Handler                          0x08000265   Thumb Code     2  stm32f10x_it.o(.text)
    Reset_Handler                            0x08000269   Thumb Code     8  startup_stm32f10x_ld.o(.text)
    ADC1_2_IRQHandler                        0x08000283   Thumb Code     0  startup_stm32f10x_ld.o(.text)
    CAN1_RX1_IRQHandler                      0x08000283   Thumb Code     0  startup_stm32f10x_ld.o(.text)
    CAN1_SCE_IRQHandler                      0x08000283   Thumb Code     0  startup_stm32f10x_ld.o(.text)
    DMA1_Channel1_IRQHandler                 0x08000283   Thumb Code     0  startup_stm32f10x_ld.o(.text)
    DMA1_Channel2_IRQHandler                 0x08000283   Thumb Code     0  startup_stm32f10x_ld.o(.text)
    DMA1_Channel3_IRQHandler                 0x08000283   Thumb Code     0  startup_stm32f10x_ld.o(.text)
    DMA1_Channel4_IRQHandler                 0x08000283   Thumb Code     0  startup_stm32f10x_ld.o(.text)
    DMA1_Channel5_IRQHandler                 0x08000283   Thumb Code     0  startup_stm32f10x_ld.o(.text)
    DMA1_Channel6_IRQHandler                 0x08000283   Thumb Code     0  startup_stm32f10x_ld.o(.text)
    DMA1_Channel7_IRQHandler                 0x08000283   Thumb Code     0  startup_stm32f10x_ld.o(.text)
    EXTI0_IRQHandler                         0x08000283   Thumb Code     0  startup_stm32f10x_ld.o(.text)
    EXTI15_10_IRQHandler                     0x08000283   Thumb Code     0  startup_stm32f10x_ld.o(.text)
    EXTI1_IRQHandler                         0x08000283   Thumb Code     0  startup_stm32f10x_ld.o(.text)
    EXTI2_IRQHandler                         0x08000283   Thumb Code     0  startup_stm32f10x_ld.o(.text)
    EXTI3_IRQHandler                         0x08000283   Thumb Code     0  startup_stm32f10x_ld.o(.text)
    EXTI4_IRQHandler                         0x08000283   Thumb Code     0  startup_stm32f10x_ld.o(.text)
    EXTI9_5_IRQHandler                       0x08000283   Thumb Code     0  startup_stm32f10x_ld.o(.text)
    FLASH_IRQHandler                         0x08000283   Thumb Code     0  startup_stm32f10x_ld.o(.text)
    I2C1_ER_IRQHandler                       0x08000283   Thumb Code     0  startup_stm32f10x_ld.o(.text)
    I2C1_EV_IRQHandler                       0x08000283   Thumb Code     0  startup_stm32f10x_ld.o(.text)
    PVD_IRQHandler                           0x08000283   Thumb Code     0  startup_stm32f10x_ld.o(.text)
    RCC_IRQHandler                           0x08000283   Thumb Code     0  startup_stm32f10x_ld.o(.text)
    RTCAlarm_IRQHandler                      0x08000283   Thumb Code     0  startup_stm32f10x_ld.o(.text)
    RTC_IRQHandler                           0x08000283   Thumb Code     0  startup_stm32f10x_ld.o(.text)
    SPI1_IRQHandler                          0x08000283   Thumb Code     0  startup_stm32f10x_ld.o(.text)
    TAMPER_IRQHandler                        0x08000283   Thumb Code     0  startup_stm32f10x_ld.o(.text)
    TIM1_BRK_IRQHandler                      0x08000283   Thumb Code     0  startup_stm32f10x_ld.o(.text)
    TIM1_CC_IRQHandler                       0x08000283   Thumb Code     0  startup_stm32f10x_ld.o(.text)
    TIM1_TRG_COM_IRQHandler                  0x08000283   Thumb Code     0  startup_stm32f10x_ld.o(.text)
    TIM1_UP_IRQHandler                       0x08000283   Thumb Code     0  startup_stm32f10x_ld.o(.text)
    TIM2_IRQHandler                          0x08000283   Thumb Code     0  startup_stm32f10x_ld.o(.text)
    TIM3_IRQHandler                          0x08000283   Thumb Code     0  startup_stm32f10x_ld.o(.text)
    USART2_IRQHandler                        0x08000283   Thumb Code     0  startup_stm32f10x_ld.o(.text)
    USBWakeUp_IRQHandler                     0x08000283   Thumb Code     0  startup_stm32f10x_ld.o(.text)
    USB_HP_CAN1_TX_IRQHandler                0x08000283   Thumb Code     0  startup_stm32f10x_ld.o(.text)
    USB_LP_CAN1_RX0_IRQHandler               0x08000283   Thumb Code     0  startup_stm32f10x_ld.o(.text)
    WWDG_IRQHandler                          0x08000283   Thumb Code     0  startup_stm32f10x_ld.o(.text)
    SystemInit                               0x0800036b   Thumb Code    78  system_stm32f10x.o(.text)
    SystemCoreClockUpdate                    0x080003b9   Thumb Code   142  system_stm32f10x.o(.text)
    NVIC_PriorityGroupConfig                 0x0800046d   Thumb Code    10  misc.o(.text)
    NVIC_Init                                0x08000477   Thumb Code   100  misc.o(.text)
    NVIC_SetVectorTable                      0x080004db   Thumb Code    14  misc.o(.text)
    NVIC_SystemLPConfig                      0x080004e9   Thumb Code    34  misc.o(.text)
    SysTick_CLKSourceConfig                  0x0800050b   Thumb Code    40  misc.o(.text)
    GPIO_DeInit                              0x08000549   Thumb Code   172  stm32f10x_gpio.o(.text)
    GPIO_AFIODeInit                          0x080005f5   Thumb Code    20  stm32f10x_gpio.o(.text)
    GPIO_Init                                0x08000609   Thumb Code   278  stm32f10x_gpio.o(.text)
    GPIO_StructInit                          0x0800071f   Thumb Code    16  stm32f10x_gpio.o(.text)
    GPIO_ReadInputDataBit                    0x0800072f   Thumb Code    18  stm32f10x_gpio.o(.text)
    GPIO_ReadInputData                       0x08000741   Thumb Code     8  stm32f10x_gpio.o(.text)
    GPIO_ReadOutputDataBit                   0x08000749   Thumb Code    18  stm32f10x_gpio.o(.text)
    GPIO_ReadOutputData                      0x0800075b   Thumb Code     8  stm32f10x_gpio.o(.text)
    GPIO_SetBits                             0x08000763   Thumb Code     4  stm32f10x_gpio.o(.text)
    GPIO_ResetBits                           0x08000767   Thumb Code     4  stm32f10x_gpio.o(.text)
    GPIO_WriteBit                            0x0800076b   Thumb Code    10  stm32f10x_gpio.o(.text)
    GPIO_Write                               0x08000775   Thumb Code     4  stm32f10x_gpio.o(.text)
    GPIO_PinLockConfig                       0x08000779   Thumb Code    18  stm32f10x_gpio.o(.text)
    GPIO_EventOutputConfig                   0x0800078b   Thumb Code    26  stm32f10x_gpio.o(.text)
    GPIO_EventOutputCmd                      0x080007a5   Thumb Code     6  stm32f10x_gpio.o(.text)
    GPIO_PinRemapConfig                      0x080007ab   Thumb Code   138  stm32f10x_gpio.o(.text)
    GPIO_EXTILineConfig                      0x08000835   Thumb Code    66  stm32f10x_gpio.o(.text)
    GPIO_ETH_MediaInterfaceConfig            0x08000877   Thumb Code     8  stm32f10x_gpio.o(.text)
    SPI_I2S_DeInit                           0x080008a5   Thumb Code    76  stm32f10x_spi.o(.text)
    SPI_Init                                 0x080008f1   Thumb Code    60  stm32f10x_spi.o(.text)
    I2S_Init                                 0x0800092d   Thumb Code   226  stm32f10x_spi.o(.text)
    SPI_StructInit                           0x08000a0f   Thumb Code    24  stm32f10x_spi.o(.text)
    I2S_StructInit                           0x08000a27   Thumb Code    20  stm32f10x_spi.o(.text)
    SPI_Cmd                                  0x08000a3b   Thumb Code    24  stm32f10x_spi.o(.text)
    I2S_Cmd                                  0x08000a53   Thumb Code    24  stm32f10x_spi.o(.text)
    SPI_I2S_ITConfig                         0x08000a6b   Thumb Code    32  stm32f10x_spi.o(.text)
    SPI_I2S_DMACmd                           0x08000a8b   Thumb Code    18  stm32f10x_spi.o(.text)
    SPI_I2S_SendData                         0x08000a9d   Thumb Code     4  stm32f10x_spi.o(.text)
    SPI_I2S_ReceiveData                      0x08000aa1   Thumb Code     6  stm32f10x_spi.o(.text)
    SPI_NSSInternalSoftwareConfig            0x08000aa7   Thumb Code    30  stm32f10x_spi.o(.text)
    SPI_SSOutputCmd                          0x08000ac5   Thumb Code    24  stm32f10x_spi.o(.text)
    SPI_DataSizeConfig                       0x08000add   Thumb Code    18  stm32f10x_spi.o(.text)
    SPI_TransmitCRC                          0x08000aef   Thumb Code    10  stm32f10x_spi.o(.text)
    SPI_CalculateCRC                         0x08000af9   Thumb Code    24  stm32f10x_spi.o(.text)
    SPI_GetCRC                               0x08000b11   Thumb Code    16  stm32f10x_spi.o(.text)
    SPI_GetCRCPolynomial                     0x08000b21   Thumb Code     6  stm32f10x_spi.o(.text)
    SPI_BiDirectionalLineConfig              0x08000b27   Thumb Code    28  stm32f10x_spi.o(.text)
    SPI_I2S_GetFlagStatus                    0x08000b43   Thumb Code    18  stm32f10x_spi.o(.text)
    SPI_I2S_ClearFlag                        0x08000b55   Thumb Code     6  stm32f10x_spi.o(.text)
    SPI_I2S_GetITStatus                      0x08000b5b   Thumb Code    52  stm32f10x_spi.o(.text)
    SPI_I2S_ClearITPendingBit                0x08000b8f   Thumb Code    20  stm32f10x_spi.o(.text)
    USART_DeInit                             0x08000bb1   Thumb Code   134  stm32f10x_usart.o(.text)
    USART_Init                               0x08000c37   Thumb Code   210  stm32f10x_usart.o(.text)
    USART_StructInit                         0x08000d09   Thumb Code    24  stm32f10x_usart.o(.text)
    USART_ClockInit                          0x08000d21   Thumb Code    34  stm32f10x_usart.o(.text)
    USART_ClockStructInit                    0x08000d43   Thumb Code    12  stm32f10x_usart.o(.text)
    USART_Cmd                                0x08000d4f   Thumb Code    24  stm32f10x_usart.o(.text)
    USART_ITConfig                           0x08000d67   Thumb Code    74  stm32f10x_usart.o(.text)
    USART_DMACmd                             0x08000db1   Thumb Code    18  stm32f10x_usart.o(.text)
    USART_SetAddress                         0x08000dc3   Thumb Code    18  stm32f10x_usart.o(.text)
    USART_WakeUpConfig                       0x08000dd5   Thumb Code    18  stm32f10x_usart.o(.text)
    USART_ReceiverWakeUpCmd                  0x08000de7   Thumb Code    24  stm32f10x_usart.o(.text)
    USART_LINBreakDetectLengthConfig         0x08000dff   Thumb Code    18  stm32f10x_usart.o(.text)
    USART_LINCmd                             0x08000e11   Thumb Code    24  stm32f10x_usart.o(.text)
    USART_SendData                           0x08000e29   Thumb Code     8  stm32f10x_usart.o(.text)
    USART_ReceiveData                        0x08000e31   Thumb Code    10  stm32f10x_usart.o(.text)
    USART_SendBreak                          0x08000e3b   Thumb Code    10  stm32f10x_usart.o(.text)
    USART_SetGuardTime                       0x08000e45   Thumb Code    16  stm32f10x_usart.o(.text)
    USART_SetPrescaler                       0x08000e55   Thumb Code    16  stm32f10x_usart.o(.text)
    USART_SmartCardCmd                       0x08000e65   Thumb Code    24  stm32f10x_usart.o(.text)
    USART_SmartCardNACKCmd                   0x08000e7d   Thumb Code    24  stm32f10x_usart.o(.text)
    USART_HalfDuplexCmd                      0x08000e95   Thumb Code    24  stm32f10x_usart.o(.text)
    USART_OverSampling8Cmd                   0x08000ead   Thumb Code    22  stm32f10x_usart.o(.text)
    USART_OneBitMethodCmd                    0x08000ec3   Thumb Code    24  stm32f10x_usart.o(.text)
    USART_IrDAConfig                         0x08000edb   Thumb Code    18  stm32f10x_usart.o(.text)
    USART_IrDACmd                            0x08000eed   Thumb Code    24  stm32f10x_usart.o(.text)
    USART_GetFlagStatus                      0x08000f05   Thumb Code    26  stm32f10x_usart.o(.text)
    USART_ClearFlag                          0x08000f1f   Thumb Code    18  stm32f10x_usart.o(.text)
    USART_GetITStatus                        0x08000f31   Thumb Code    84  stm32f10x_usart.o(.text)
    USART_ClearITPendingBit                  0x08000f85   Thumb Code    52  stm32f10x_usart.o(.text)
    RCC_DeInit                               0x08000fb9   Thumb Code    64  stm32f10x_rcc.o(.text)
    RCC_HSEConfig                            0x08000ff9   Thumb Code    70  stm32f10x_rcc.o(.text)
    RCC_GetFlagStatus                        0x0800103f   Thumb Code    56  stm32f10x_rcc.o(.text)
    RCC_WaitForHSEStartUp                    0x08001077   Thumb Code    56  stm32f10x_rcc.o(.text)
    RCC_AdjustHSICalibrationValue            0x080010af   Thumb Code    20  stm32f10x_rcc.o(.text)
    RCC_HSICmd                               0x080010c3   Thumb Code     6  stm32f10x_rcc.o(.text)
    RCC_PLLConfig                            0x080010c9   Thumb Code    24  stm32f10x_rcc.o(.text)
    RCC_PLLCmd                               0x080010e1   Thumb Code     6  stm32f10x_rcc.o(.text)
    RCC_SYSCLKConfig                         0x080010e7   Thumb Code    18  stm32f10x_rcc.o(.text)
    RCC_GetSYSCLKSource                      0x080010f9   Thumb Code    10  stm32f10x_rcc.o(.text)
    RCC_HCLKConfig                           0x08001103   Thumb Code    18  stm32f10x_rcc.o(.text)
    RCC_PCLK1Config                          0x08001115   Thumb Code    18  stm32f10x_rcc.o(.text)
    RCC_PCLK2Config                          0x08001127   Thumb Code    20  stm32f10x_rcc.o(.text)
    RCC_ITConfig                             0x0800113b   Thumb Code    26  stm32f10x_rcc.o(.text)
    RCC_USBCLKConfig                         0x08001155   Thumb Code     8  stm32f10x_rcc.o(.text)
    RCC_ADCCLKConfig                         0x0800115d   Thumb Code    18  stm32f10x_rcc.o(.text)
    RCC_LSEConfig                            0x0800116f   Thumb Code    50  stm32f10x_rcc.o(.text)
    RCC_LSICmd                               0x080011a1   Thumb Code     6  stm32f10x_rcc.o(.text)
    RCC_RTCCLKConfig                         0x080011a7   Thumb Code    12  stm32f10x_rcc.o(.text)
    RCC_RTCCLKCmd                            0x080011b3   Thumb Code     8  stm32f10x_rcc.o(.text)
    RCC_GetClocksFreq                        0x080011bb   Thumb Code   192  stm32f10x_rcc.o(.text)
    RCC_AHBPeriphClockCmd                    0x0800127b   Thumb Code    26  stm32f10x_rcc.o(.text)
    RCC_APB2PeriphClockCmd                   0x08001295   Thumb Code    26  stm32f10x_rcc.o(.text)
    RCC_APB1PeriphClockCmd                   0x080012af   Thumb Code    26  stm32f10x_rcc.o(.text)
    RCC_APB2PeriphResetCmd                   0x080012c9   Thumb Code    26  stm32f10x_rcc.o(.text)
    RCC_APB1PeriphResetCmd                   0x080012e3   Thumb Code    26  stm32f10x_rcc.o(.text)
    RCC_BackupResetCmd                       0x080012fd   Thumb Code     8  stm32f10x_rcc.o(.text)
    RCC_ClockSecuritySystemCmd               0x08001305   Thumb Code     6  stm32f10x_rcc.o(.text)
    RCC_MCOConfig                            0x0800130b   Thumb Code     6  stm32f10x_rcc.o(.text)
    RCC_ClearFlag                            0x08001311   Thumb Code    14  stm32f10x_rcc.o(.text)
    RCC_GetITStatus                          0x0800131f   Thumb Code    20  stm32f10x_rcc.o(.text)
    RCC_ClearITPendingBit                    0x08001333   Thumb Code     6  stm32f10x_rcc.o(.text)
    at24c16_init                             0x0800135d   Thumb Code    64  24c16.o(.text)
    at24c16_start                            0x0800139d   Thumb Code    42  24c16.o(.text)
    at24c16_stop                             0x080013c7   Thumb Code    34  24c16.o(.text)
    write_1byte                              0x080013e9   Thumb Code   112  24c16.o(.text)
    read_1byte                               0x08001459   Thumb Code   100  24c16.o(.text)
    clock                                    0x080014bd   Thumb Code    56  24c16.o(.text)
    at24c16_write                            0x080014f5   Thumb Code    80  24c16.o(.text)
    at24c16_read                             0x08001545   Thumb Code    70  24c16.o(.text)
    eep_block_write                          0x0800158b   Thumb Code    40  24c16.o(.text)
    erase_eeprom                             0x080015b3   Thumb Code    30  24c16.o(.text)
    GPIO_Configuration                       0x080015d5   Thumb Code   134  device.o(.text)
    Reset_W5500                              0x0800165b   Thumb Code    38  device.o(.text)
    reboot                                   0x08001681   Thumb Code    12  device.o(.text)
    set_network                              0x0800168d   Thumb Code   146  device.o(.text)
    set_default                              0x0800171f   Thumb Code   100  device.o(.text)
    write_config_to_eeprom                   0x08001783   Thumb Code    44  device.o(.text)
    get_config                               0x080017af   Thumb Code    94  device.o(.text)
    NVIC_Configuration                       0x0800180d   Thumb Code    52  device.o(.text)
    close                                    0x080018ad   Thumb Code    52  socket.o(.text)
    socket                                   0x080018e1   Thumb Code   192  socket.o(.text)
    listen                                   0x080019a1   Thumb Code    62  socket.o(.text)
    connect                                  0x080019df   Thumb Code   248  socket.o(.text)
    disconnect                               0x08001ad7   Thumb Code    38  socket.o(.text)
    send                                     0x08001afd   Thumb Code   216  socket.o(.text)
    recv                                     0x08001bd5   Thumb Code    66  socket.o(.text)
    sendto                                   0x08001c17   Thumb Code   268  socket.o(.text)
    recvfrom                                 0x08001d23   Thumb Code   510  socket.o(.text)
    WIZ_SPI_Init                             0x08001f39   Thumb Code   160  spi2.o(.text)
    WIZ_CS                                   0x08001fd9   Thumb Code    32  spi2.o(.text)
    SPI2_SendByte                            0x08001ff9   Thumb Code    50  spi2.o(.text)
    Systick_Init                             0x08002035   Thumb Code    56  ult.o(.text)
    Delay_ms                                 0x0800206d   Thumb Code    56  ult.o(.text)
    Delay_s                                  0x080020a5   Thumb Code    22  ult.o(.text)
    Delay_us                                 0x080020bb   Thumb Code    56  ult.o(.text)
    C2D                                      0x080020f3   Thumb Code    54  ult.o(.text)
    ATOI                                     0x08002129   Thumb Code    32  ult.o(.text)
    ATOI32                                   0x08002149   Thumb Code    32  ult.o(.text)
    itoa                                     0x08002169   Thumb Code    64  ult.o(.text)
    ValidATOI                                0x080021a9   Thumb Code    72  ult.o(.text)
    replacetochar                            0x080021f1   Thumb Code    26  ult.o(.text)
    swaps                                    0x0800220b   Thumb Code    14  ult.o(.text)
    swapl                                    0x08002219   Thumb Code    28  ult.o(.text)
    mid                                      0x08002235   Thumb Code    68  ult.o(.text)
    inet_addr_                               0x08002279   Thumb Code    90  ult.o(.text)
    getIINCHIP_RxMAX                         0x080022e1   Thumb Code    10  w5500.o(.text)
    getIINCHIP_TxMAX                         0x080022eb   Thumb Code    10  w5500.o(.text)
    IINCHIP_CSoff                            0x080022f5   Thumb Code    10  w5500.o(.text)
    IINCHIP_CSon                             0x080022ff   Thumb Code    10  w5500.o(.text)
    IINCHIP_SpiSendData                      0x08002309   Thumb Code    12  w5500.o(.text)
    IINCHIP_WRITE                            0x08002315   Thumb Code    50  w5500.o(.text)
    IINCHIP_READ                             0x08002347   Thumb Code    50  w5500.o(.text)
    wiz_write_buf                            0x08002379   Thumb Code    80  w5500.o(.text)
    wiz_read_buf                             0x080023c9   Thumb Code    78  w5500.o(.text)
    setMR                                    0x08002417   Thumb Code    14  w5500.o(.text)
    iinchip_init                             0x08002425   Thumb Code    10  w5500.o(.text)
    sysinit                                  0x0800242f   Thumb Code   302  w5500.o(.text)
    setGAR                                   0x0800255d   Thumb Code    16  w5500.o(.text)
    getGWIP                                  0x0800256d   Thumb Code    16  w5500.o(.text)
    setSUBR                                  0x0800257d   Thumb Code    18  w5500.o(.text)
    setSHAR                                  0x0800258f   Thumb Code    18  w5500.o(.text)
    setSIPR                                  0x080025a1   Thumb Code    18  w5500.o(.text)
    setkeepalive                             0x080025b3   Thumb Code    20  w5500.o(.text)
    getGAR                                   0x080025c7   Thumb Code    16  w5500.o(.text)
    getSUBR                                  0x080025d7   Thumb Code    18  w5500.o(.text)
    getSHAR                                  0x080025e9   Thumb Code    18  w5500.o(.text)
    getSIPR                                  0x080025fb   Thumb Code    18  w5500.o(.text)
    getIR                                    0x0800260d   Thumb Code    12  w5500.o(.text)
    setRTR                                   0x08002619   Thumb Code    26  w5500.o(.text)
    setRCR                                   0x08002633   Thumb Code    16  w5500.o(.text)
    clearIR                                  0x08002643   Thumb Code    26  w5500.o(.text)
    setSn_MSS                                0x0800265d   Thumb Code    36  w5500.o(.text)
    getSn_IR                                 0x08002681   Thumb Code    18  w5500.o(.text)
    getSn_SR                                 0x08002693   Thumb Code    18  w5500.o(.text)
    getSn_TX_FSR                             0x080026a5   Thumb Code   120  w5500.o(.text)
    getSn_RX_RSR                             0x0800271d   Thumb Code    84  w5500.o(.text)
    send_data_processing                     0x08002771   Thumb Code   108  w5500.o(.text)
    recv_data_processing                     0x080027dd   Thumb Code   116  w5500.o(.text)
    setSn_IR                                 0x08002851   Thumb Code    22  w5500.o(.text)
    USART1_Init                              0x08002889   Thumb Code   124  usart.o(.text)
    fputc                                    0x08002905   Thumb Code    32  usart.o(.text)
    USART1_Putc                              0x08002925   Thumb Code    28  usart.o(.text)
    USART1_Puts                              0x08002941   Thumb Code    38  usart.o(.text)
    USART1_IRQHandler                        0x08002967   Thumb Code   122  usart.o(.text)
    __aeabi_memset                           0x080029f1   Thumb Code    14  memseta.o(.text)
    __aeabi_memset4                          0x080029f1   Thumb Code     0  memseta.o(.text)
    __aeabi_memset8                          0x080029f1   Thumb Code     0  memseta.o(.text)
    __aeabi_memclr                           0x080029ff   Thumb Code     4  memseta.o(.text)
    __aeabi_memclr4                          0x080029ff   Thumb Code     0  memseta.o(.text)
    __aeabi_memclr8                          0x080029ff   Thumb Code     0  memseta.o(.text)
    _memset$wrapper                          0x08002a03   Thumb Code    18  memseta.o(.text)
    strstr                                   0x08002a15   Thumb Code    36  strstr.o(.text)
    strncpy                                  0x08002a39   Thumb Code    24  strncpy.o(.text)
    strlen                                   0x08002a51   Thumb Code    14  strlen.o(.text)
    strcpy                                   0x08002a5f   Thumb Code    18  strcpy.o(.text)
    strtok                                   0x08002a71   Thumb Code    62  strtok.o(.text)
    __aeabi_uidiv                            0x08002ab5   Thumb Code     0  uidiv.o(.text)
    __aeabi_uidivmod                         0x08002ab5   Thumb Code    44  uidiv.o(.text)
    __scatterload                            0x08002ae1   Thumb Code    28  init.o(.text)
    __scatterload_rt2                        0x08002ae1   Thumb Code     0  init.o(.text)
    __0printf$3                              0x08002b05   Thumb Code    22  printf3.o(i.__0printf$3)
    __1printf$3                              0x08002b05   Thumb Code     0  printf3.o(i.__0printf$3)
    __2printf                                0x08002b05   Thumb Code     0  printf3.o(i.__0printf$3)
    __scatterload_copy                       0x08002b25   Thumb Code    14  handlers.o(i.__scatterload_copy)
    __scatterload_null                       0x08002b33   Thumb Code     2  handlers.o(i.__scatterload_null)
    __scatterload_zeroinit                   0x08002b35   Thumb Code    14  handlers.o(i.__scatterload_zeroinit)
    Region$$Table$$Base                      0x08002cfc   Number         0  anon$$obj.o(Region$$Table)
    Region$$Table$$Limit                     0x08002d1c   Number         0  anon$$obj.o(Region$$Table)
    SystemCoreClock                          0x20000000   Data           4  system_stm32f10x.o(.data)
    AHBPrescTable                            0x20000004   Data          16  system_stm32f10x.o(.data)
    txsize                                   0x20000028   Data           8  device.o(.data)
    rxsize                                   0x20000030   Data           8  device.o(.data)
    USART_RX_STA                             0x2000003e   Data           2  usart.o(.data)
    __stdout                                 0x20000044   Data           4  stdout.o(.data)
    buffer                                   0x20000048   Data        2048  main.o(.bss)
    ConfigMsg                                0x20000848   Data          33  device.o(.bss)
    RecvMsg                                  0x20000869   Data          33  device.o(.bss)
    pub_buf                                  0x2000088a   Data        1460  device.o(.bss)
    USART_RX_BUF                             0x20000e5e   Data         200  usart.o(.bss)
    __initial_sp                             0x20001328   Data           0  startup_stm32f10x_ld.o(STACK)



==============================================================================

Memory Map of the image

  Image Entry point : 0x080000ed

  Load Region LR_IROM1 (Base: 0x08000000, Size: 0x00002d64, Max: 0x00040000, ABSOLUTE)

    Execution Region ER_IROM1 (Base: 0x08000000, Size: 0x00002d1c, Max: 0x00040000, ABSOLUTE)

    Base Addr    Size         Type   Attr      Idx    E Section Name        Object

    0x08000000   0x000000ec   Data   RO          168    RESET               startup_stm32f10x_ld.o
    0x080000ec   0x00000000   Code   RO          681  * .ARM.Collect$$$$00000000  mc_w.l(entry.o)
    0x080000ec   0x00000004   Code   RO          965    .ARM.Collect$$$$00000001  mc_w.l(entry2.o)
    0x080000f0   0x00000004   Code   RO          968    .ARM.Collect$$$$00000004  mc_w.l(entry5.o)
    0x080000f4   0x00000000   Code   RO          970    .ARM.Collect$$$$00000008  mc_w.l(entry7b.o)
    0x080000f4   0x00000000   Code   RO          972    .ARM.Collect$$$$0000000A  mc_w.l(entry8b.o)
    0x080000f4   0x00000008   Code   RO          973    .ARM.Collect$$$$0000000B  mc_w.l(entry9a.o)
    0x080000fc   0x00000000   Code   RO          975    .ARM.Collect$$$$0000000D  mc_w.l(entry10a.o)
    0x080000fc   0x00000000   Code   RO          977    .ARM.Collect$$$$0000000F  mc_w.l(entry11a.o)
    0x080000fc   0x00000004   Code   RO          966    .ARM.Collect$$$$00002712  mc_w.l(entry2.o)
    0x08000100   0x0000014c   Code   RO            1    .text               main.o
    0x0800024c   0x0000001a   Code   RO          140    .text               stm32f10x_it.o
    0x08000266   0x00000002   PAD
    0x08000268   0x00000024   Code   RO          169    .text               startup_stm32f10x_ld.o
    0x0800028c   0x000001e0   Code   RO          173    .text               system_stm32f10x.o
    0x0800046c   0x000000dc   Code   RO          210    .text               misc.o
    0x08000548   0x0000035c   Code   RO          270    .text               stm32f10x_gpio.o
    0x080008a4   0x0000030c   Code   RO          294    .text               stm32f10x_spi.o
    0x08000bb0   0x00000408   Code   RO          318    .text               stm32f10x_usart.o
    0x08000fb8   0x000003a4   Code   RO          330    .text               stm32f10x_rcc.o
    0x0800135c   0x00000278   Code   RO          488    .text               24c16.o
    0x080015d4   0x000002d8   Code   RO          514    .text               device.o
    0x080018ac   0x0000068c   Code   RO          563    .text               socket.o
    0x08001f38   0x000000fc   Code   RO          592    .text               spi2.o
    0x08002034   0x000002ac   Code   RO          610    .text               ult.o
    0x080022e0   0x000005a8   Code   RO          638    .text               w5500.o
    0x08002888   0x00000168   Code   RO          662    .text               usart.o
    0x080029f0   0x00000024   Code   RO          686    .text               mc_w.l(memseta.o)
    0x08002a14   0x00000024   Code   RO          688    .text               mc_w.l(strstr.o)
    0x08002a38   0x00000018   Code   RO          690    .text               mc_w.l(strncpy.o)
    0x08002a50   0x0000000e   Code   RO          692    .text               mc_w.l(strlen.o)
    0x08002a5e   0x00000012   Code   RO          694    .text               mc_w.l(strcpy.o)
    0x08002a70   0x00000044   Code   RO          696    .text               mc_w.l(strtok.o)
    0x08002ab4   0x0000002c   Code   RO          980    .text               mc_w.l(uidiv.o)
    0x08002ae0   0x00000024   Code   RO          995    .text               mc_w.l(init.o)
    0x08002b04   0x00000020   Code   RO          793    i.__0printf$3       mc_w.l(printf3.o)
    0x08002b24   0x0000000e   Code   RO         1007    i.__scatterload_copy  mc_w.l(handlers.o)
    0x08002b32   0x00000002   Code   RO         1008    i.__scatterload_null  mc_w.l(handlers.o)
    0x08002b34   0x0000000e   Code   RO         1009    i.__scatterload_zeroinit  mc_w.l(handlers.o)
    0x08002b42   0x00000002   PAD
    0x08002b44   0x000001b8   Code   RO          800    i._printf_core      mc_w.l(printf3.o)
    0x08002cfc   0x00000020   Data   RO         1005    Region$$Table       anon$$obj.o


    Execution Region RW_IRAM1 (Base: 0x20000000, Size: 0x00001328, Max: 0x0000c000, ABSOLUTE)

    Base Addr    Size         Type   Attr      Idx    E Section Name        Object

    0x20000000   0x00000014   Data   RW          174    .data               system_stm32f10x.o
    0x20000014   0x00000014   Data   RW          331    .data               stm32f10x_rcc.o
    0x20000028   0x00000010   Data   RW          516    .data               device.o
    0x20000038   0x00000002   Data   RW          564    .data               socket.o
    0x2000003a   0x00000004   Data   RW          611    .data               ult.o
    0x2000003e   0x00000002   Data   RW          664    .data               usart.o
    0x20000040   0x00000004   Data   RW          697    .data               mc_w.l(strtok.o)
    0x20000044   0x00000004   Data   RW          979    .data               mc_w.l(stdout.o)
    0x20000048   0x00000800   Zero   RW            2    .bss                main.o
    0x20000848   0x000005f6   Zero   RW          515    .bss                device.o
    0x20000e3e   0x00000020   Zero   RW          639    .bss                w5500.o
    0x20000e5e   0x000000c8   Zero   RW          663    .bss                usart.o
    0x20000f26   0x00000002   PAD
    0x20000f28   0x00000400   Zero   RW          166    STACK               startup_stm32f10x_ld.o


==============================================================================

Image component sizes


      Code (inc. data)   RO Data    RW Data    ZI Data      Debug   Object Name

       632          4          0          0          0       3667   24c16.o
         0          0          0          0          0         32   core_cm3.o
       728        108          0         16       1526       5357   device.o
       332         98          0          0       2048     242780   main.o
       220         22          0          0          0       1721   misc.o
      1676         48          0          2          0       5042   socket.o
       252         10          0          0          0        956   spi2.o
        36          8        236          0       1024        780   startup_stm32f10x_ld.o
       860         38          0          0          0       5565   stm32f10x_gpio.o
        26          0          0          0          0       1182   stm32f10x_it.o
       932         36          0         20          0       8716   stm32f10x_rcc.o
       780         14          0          0          0       6446   stm32f10x_spi.o
      1032         22          0          0          0       8292   stm32f10x_usart.o
       480         38          0         20          0       1763   system_stm32f10x.o
       684         14          0          4          0       4249   ult.o
       360         16          0          2        200       1942   usart.o
      1448         68          0          0         32       7496   w5500.o

    ----------------------------------------------------------------------
     10480        544        268         64       4832     305986   Object Totals
         0          0         32          0          0          0   (incl. Generated)
         2          0          0          0          2          0   (incl. Padding)

    ----------------------------------------------------------------------

      Code (inc. data)   RO Data    RW Data    ZI Data      Debug   Library Member Name

         0          0          0          0          0          0   entry.o
         0          0          0          0          0          0   entry10a.o
         0          0          0          0          0          0   entry11a.o
         8          4          0          0          0          0   entry2.o
         4          0          0          0          0          0   entry5.o
         0          0          0          0          0          0   entry7b.o
         0          0          0          0          0          0   entry8b.o
         8          4          0          0          0          0   entry9a.o
        30          0          0          0          0          0   handlers.o
        36          8          0          0          0         68   init.o
        36          0          0          0          0        108   memseta.o
       472         14          0          0          0        184   printf3.o
         0          0          0          4          0          0   stdout.o
        18          0          0          0          0         68   strcpy.o
        14          0          0          0          0         68   strlen.o
        24          0          0          0          0         76   strncpy.o
        36          0          0          0          0         80   strstr.o
        68          6          0          4          0         80   strtok.o
        44          0          0          0          0         80   uidiv.o

    ----------------------------------------------------------------------
       800         36          0          8          0        812   Library Totals
         2          0          0          0          0          0   (incl. Padding)

    ----------------------------------------------------------------------

      Code (inc. data)   RO Data    RW Data    ZI Data      Debug   Library Name

       798         36          0          8          0        812   mc_w.l

    ----------------------------------------------------------------------
       800         36          0          8          0        812   Library Totals

    ----------------------------------------------------------------------

==============================================================================


      Code (inc. data)   RO Data    RW Data    ZI Data      Debug   

     11280        580        268         72       4832     305338   Grand Totals
     11280        580        268         72       4832     305338   ELF Image Totals
     11280        580        268         72          0          0   ROM Totals

==============================================================================

    Total RO  Size (Code + RO Data)                11548 (  11.28kB)
    Total RW  Size (RW Data + ZI Data)              4904 (   4.79kB)
    Total ROM Size (Code + RO Data + RW Data)      11620 (  11.35kB)

==============================================================================

